Archive member included to satisfy reference by file (symbol)

/usr/lib/gcc/arm-none-eabi/9.2.1/thumb/v6-m/nofp/libgcc.a(_dvmd_tls.o)
                              CMakeFiles/Pico_Game_Controller.dir/home/anonxx/pico/pico-sdk/src/rp2_common/pico_divider/divider.S.obj (__aeabi_idiv0)
/usr/lib/gcc/arm-none-eabi/9.2.1/../../../arm-none-eabi/lib/thumb/v6-m/nofp/libg.a(lib_a-atexit.o)
                              /usr/lib/gcc/arm-none-eabi/9.2.1/../../../arm-none-eabi/lib/thumb/v6-m/nofp/crt0.o (atexit)
/usr/lib/gcc/arm-none-eabi/9.2.1/../../../arm-none-eabi/lib/thumb/v6-m/nofp/libg.a(lib_a-calloc.o)
                              CMakeFiles/Pico_Game_Controller.dir/home/anonxx/pico/pico-sdk/src/rp2_common/pico_malloc/pico_malloc.c.obj (calloc)
/usr/lib/gcc/arm-none-eabi/9.2.1/../../../arm-none-eabi/lib/thumb/v6-m/nofp/libg.a(lib_a-callocr.o)
                              /usr/lib/gcc/arm-none-eabi/9.2.1/../../../arm-none-eabi/lib/thumb/v6-m/nofp/libg.a(lib_a-calloc.o) (_calloc_r)
/usr/lib/gcc/arm-none-eabi/9.2.1/../../../arm-none-eabi/lib/thumb/v6-m/nofp/libg.a(lib_a-ctype_.o)
                              CMakeFiles/Pico_Game_Controller.dir/home/anonxx/pico/pico-sdk/lib/tinyusb/src/tusb.c.obj (_ctype_)
/usr/lib/gcc/arm-none-eabi/9.2.1/../../../arm-none-eabi/lib/thumb/v6-m/nofp/libg.a(lib_a-fini.o)
                              /usr/lib/gcc/arm-none-eabi/9.2.1/../../../arm-none-eabi/lib/thumb/v6-m/nofp/crt0.o (__libc_fini_array)
/usr/lib/gcc/arm-none-eabi/9.2.1/../../../arm-none-eabi/lib/thumb/v6-m/nofp/libg.a(lib_a-impure.o)
                              /usr/lib/gcc/arm-none-eabi/9.2.1/../../../arm-none-eabi/lib/thumb/v6-m/nofp/libg.a(lib_a-calloc.o) (_impure_ptr)
/usr/lib/gcc/arm-none-eabi/9.2.1/../../../arm-none-eabi/lib/thumb/v6-m/nofp/libg.a(lib_a-init.o)
                              /usr/lib/gcc/arm-none-eabi/9.2.1/../../../arm-none-eabi/lib/thumb/v6-m/nofp/crt0.o (__libc_init_array)
/usr/lib/gcc/arm-none-eabi/9.2.1/../../../arm-none-eabi/lib/thumb/v6-m/nofp/libg.a(lib_a-malloc.o)
                              CMakeFiles/Pico_Game_Controller.dir/home/anonxx/pico/pico-sdk/src/rp2_common/pico_malloc/pico_malloc.c.obj (malloc)
/usr/lib/gcc/arm-none-eabi/9.2.1/../../../arm-none-eabi/lib/thumb/v6-m/nofp/libg.a(lib_a-mallocr.o)
                              /usr/lib/gcc/arm-none-eabi/9.2.1/../../../arm-none-eabi/lib/thumb/v6-m/nofp/libg.a(lib_a-callocr.o) (_malloc_r)
/usr/lib/gcc/arm-none-eabi/9.2.1/../../../arm-none-eabi/lib/thumb/v6-m/nofp/libg.a(lib_a-mlock.o)
                              /usr/lib/gcc/arm-none-eabi/9.2.1/../../../arm-none-eabi/lib/thumb/v6-m/nofp/libg.a(lib_a-mallocr.o) (__malloc_lock)
/usr/lib/gcc/arm-none-eabi/9.2.1/../../../arm-none-eabi/lib/thumb/v6-m/nofp/libg.a(lib_a-sbrkr.o)
                              /usr/lib/gcc/arm-none-eabi/9.2.1/../../../arm-none-eabi/lib/thumb/v6-m/nofp/libg.a(lib_a-mallocr.o) (_sbrk_r)
/usr/lib/gcc/arm-none-eabi/9.2.1/../../../arm-none-eabi/lib/thumb/v6-m/nofp/libg.a(lib_a-strlen-stub.o)
                              CMakeFiles/Pico_Game_Controller.dir/usb_descriptors.c.obj (strlen)
/usr/lib/gcc/arm-none-eabi/9.2.1/../../../arm-none-eabi/lib/thumb/v6-m/nofp/libg.a(lib_a-__atexit.o)
                              /usr/lib/gcc/arm-none-eabi/9.2.1/../../../arm-none-eabi/lib/thumb/v6-m/nofp/libg.a(lib_a-atexit.o) (__register_exitproc)
/usr/lib/gcc/arm-none-eabi/9.2.1/../../../arm-none-eabi/lib/thumb/v6-m/nofp/libg.a(lib_a-freer.o)
                              /usr/lib/gcc/arm-none-eabi/9.2.1/../../../arm-none-eabi/lib/thumb/v6-m/nofp/libg.a(lib_a-malloc.o) (_free_r)
/usr/lib/gcc/arm-none-eabi/9.2.1/../../../arm-none-eabi/lib/thumb/v6-m/nofp/libg.a(lib_a-reent.o)
                              /usr/lib/gcc/arm-none-eabi/9.2.1/../../../arm-none-eabi/lib/thumb/v6-m/nofp/libg.a(lib_a-sbrkr.o) (errno)

Allocating common symbols
Common symbol       size              file

pio                 0x4               CMakeFiles/Pico_Game_Controller.dir/pico_game_controller.c.obj
sf_table            0x100             CMakeFiles/Pico_Game_Controller.dir/home/anonxx/pico/pico-sdk/src/rp2_common/pico_float/float_init_rom.c.obj
errno               0x4               /usr/lib/gcc/arm-none-eabi/9.2.1/../../../arm-none-eabi/lib/thumb/v6-m/nofp/libg.a(lib_a-reent.o)
sw_changed          0x1               CMakeFiles/Pico_Game_Controller.dir/pico_game_controller.c.obj
_usbd_qdef_buf      0xc0              CMakeFiles/Pico_Game_Controller.dir/home/anonxx/pico/pico-sdk/lib/tinyusb/src/device/usbd.c.obj
prev_enc_val        0x8               CMakeFiles/Pico_Game_Controller.dir/pico_game_controller.c.obj
prev_sw_val         0xa               CMakeFiles/Pico_Game_Controller.dir/pico_game_controller.c.obj
pressed             0xa               CMakeFiles/Pico_Game_Controller.dir/pico_game_controller.c.obj
sf_clz_func         0x4               CMakeFiles/Pico_Game_Controller.dir/home/anonxx/pico/pico-sdk/src/rp2_common/pico_float/float_init_rom.c.obj
[...]
Memory Configuration

Name             Origin             Length             Attributes
FLASH            0x0000000010000000 0x0000000000200000 xr
RAM              0x0000000020000000 0x0000000000040000 xrw
SCRATCH_X        0x0000000020040000 0x0000000000001000 xrw
SCRATCH_Y        0x0000000020041000 0x0000000000001000 xrw
*default*        0x0000000000000000 0xffffffffffffffff

Linker script and memory map

LOAD /usr/lib/gcc/arm-none-eabi/9.2.1/thumb/v6-m/nofp/crti.o
LOAD /usr/lib/gcc/arm-none-eabi/9.2.1/thumb/v6-m/nofp/crtbegin.o
LOAD /usr/lib/gcc/arm-none-eabi/9.2.1/../../../arm-none-eabi/lib/thumb/v6-m/nofp/crt0.o

.flash_begin    0x0000000010000000        0x0
                0x0000000010000000                __flash_binary_start = .

.boot2          0x0000000010000000      0x100
                0x0000000010000000                __boot2_start__ = .
 *(.boot2)
 .boot2         0x0000000010000000      0x100 /tmp/cca8DSMR.o
                0x0000000010000100                __boot2_end__ = .
                0x0000000000000001                ASSERT (((__boot2_end__ - __boot2_start__) == 0x100), ERROR: Pico second stage bootloader must be 256 bytes in size)

.text           0x0000000010000100     0x6f38
                0x0000000010000100                __logical_binary_start = .
 *(.vectors)
 .vectors       0x0000000010000100       0xd4 CMakeFiles/Pico_Game_Controller.dir/home/anonxx/pico/pico-sdk/src/rp2_common/pico_standard_link/crt0.S.obj
                0x0000000010000100                __vectors
                0x00000000100001c0                isr_invalid
                0x00000000100001c2                isr_nmi
                0x00000000100001c4                isr_hardfault
                0x00000000100001c6                isr_svcall
                0x00000000100001c8                isr_pendsv
                0x00000000100001ca                isr_systick
                0x00000000100001cc                isr_irq30
                0x00000000100001cc                __unhandled_user_irq
                0x00000000100001cc                isr_irq13
                0x00000000100001cc                isr_irq27
                0x00000000100001cc                isr_irq31
                0x00000000100001cc                isr_irq5
                0x00000000100001cc                isr_irq11
                0x00000000100001cc                isr_irq23
                0x00000000100001cc                isr_irq18
                0x00000000100001cc                isr_irq28
                0x00000000100001cc                isr_irq19
                0x00000000100001cc                isr_irq0
                0x00000000100001cc                isr_irq6
                0x00000000100001cc                isr_irq22
                0x00000000100001cc                isr_irq17
                0x00000000100001cc                isr_irq14
                0x00000000100001cc                isr_irq2
                0x00000000100001cc                isr_irq10
                0x00000000100001cc                isr_irq8
                0x00000000100001cc                isr_irq24
                0x00000000100001cc                isr_irq1
                0x00000000100001cc                isr_irq7
                0x00000000100001cc                isr_irq21
                0x00000000100001cc                isr_irq20
                0x00000000100001cc                isr_irq15
                0x00000000100001cc                isr_irq25
                0x00000000100001cc                isr_irq4
                0x00000000100001cc                isr_irq16
                0x00000000100001cc                isr_irq29
                0x00000000100001cc                isr_irq26
                0x00000000100001cc                isr_irq3
                0x00000000100001cc                isr_irq12
                0x00000000100001cc                isr_irq9
                0x00000000100001d2                unhandled_user_irq_num_in_r0
 *(.binary_info_header)
 .binary_info_header
                0x00000000100001d4       0x14 CMakeFiles/Pico_Game_Controller.dir/home/anonxx/pico/pico-sdk/src/rp2_common/pico_standard_link/crt0.S.obj
                0x00000000100001e8                __binary_info_header_end = .
 *(.reset)
 .reset         0x00000000100001e8       0xa8 CMakeFiles/Pico_Game_Controller.dir/home/anonxx/pico/pico-sdk/src/rp2_common/pico_standard_link/crt0.S.obj
                0x00000000100001e8                _entry_point
                0x0000000010000266                __get_current_exception
 .reset         0x0000000010000290       0x30 CMakeFiles/Pico_Game_Controller.dir/home/anonxx/pico/pico-sdk/src/rp2_common/pico_standard_link/binary_info.c.obj
 *(.init)
 .init          0x00000000100002c0        0x4 /usr/lib/gcc/arm-none-eabi/9.2.1/thumb/v6-m/nofp/crti.o
                0x00000000100002c0                _init
 *(EXCLUDE_FILE(*libm.a: *libc.a:*lib_a-mem*.o *libgcc.a:) .text*)
 .text          0x00000000100002c4       0x98 /usr/lib/gcc/arm-none-eabi/9.2.1/thumb/v6-m/nofp/crtbegin.o
 .text.dma_handler
                0x000000001000035c       0x40 CMakeFiles/Pico_Game_Controller.dir/pico_game_controller.c.obj
                0x000000001000035c                dma_handler
 .text.mpu6050_reset
                0x000000001000039c       0x20 CMakeFiles/Pico_Game_Controller.dir/pico_game_controller.c.obj
 .text.mpu6050_read_raw
                0x00000000100003bc       0xc4 CMakeFiles/Pico_Game_Controller.dir/pico_game_controller.c.obj
 .text.init     0x0000000010000480      0x25c CMakeFiles/Pico_Game_Controller.dir/pico_game_controller.c.obj
                0x0000000010000480                init
 .text.update_inputs
                0x00000000100006dc       0x74 CMakeFiles/Pico_Game_Controller.dir/pico_game_controller.c.obj
                0x00000000100006dc                update_inputs
 .text.key_mode
                0x0000000010000750       0x84 CMakeFiles/Pico_Game_Controller.dir/pico_game_controller.c.obj
                0x0000000010000750                key_mode
 .text.main     0x00000000100007d4      0x280 CMakeFiles/Pico_Game_Controller.dir/pico_game_controller.c.obj
                0x00000000100007d4                main
 .text.tud_hid_get_report_cb
                0x0000000010000a54        0x4 CMakeFiles/Pico_Game_Controller.dir/pico_game_controller.c.obj
                0x0000000010000a54                tud_hid_get_report_cb
 .text.tud_hid_set_report_cb
                0x0000000010000a58        0x2 CMakeFiles/Pico_Game_Controller.dir/pico_game_controller.c.obj
                0x0000000010000a58                tud_hid_set_report_cb
 *fill*         0x0000000010000a5a        0x2 
 .text.tud_descriptor_device_cb
                0x0000000010000a5c        0x8 CMakeFiles/Pico_Game_Controller.dir/usb_descriptors.c.obj
                0x0000000010000a5c                tud_descriptor_device_cb
 .text.tud_hid_descriptor_report_cb
                0x0000000010000a64        0x8 CMakeFiles/Pico_Game_Controller.dir/usb_descriptors.c.obj
                0x0000000010000a64                tud_hid_descriptor_report_cb
 .text.tud_descriptor_configuration_cb
                0x0000000010000a6c        0x8 CMakeFiles/Pico_Game_Controller.dir/usb_descriptors.c.obj
                0x0000000010000a6c                tud_descriptor_configuration_cb
 .text.tud_descriptor_string_cb
                0x0000000010000a74       0x60 CMakeFiles/Pico_Game_Controller.dir/usb_descriptors.c.obj
                0x0000000010000a74                tud_descriptor_string_cb
 .text.setup_default_uart
                0x0000000010000ad4        0x8 CMakeFiles/Pico_Game_Controller.dir/home/anonxx/pico/pico-sdk/src/rp2_common/pico_stdlib/stdlib.c.obj
                0x0000000010000ad4                setup_default_uart
 .text.gpio_set_function
                0x0000000010000adc       0x30 CMakeFiles/Pico_Game_Controller.dir/home/anonxx/pico/pico-sdk/src/rp2_common/hardware_gpio/gpio.c.obj
                0x0000000010000adc                gpio_set_function
 .text.gpio_set_pulls
                0x0000000010000b0c       0x34 CMakeFiles/Pico_Game_Controller.dir/home/anonxx/pico/pico-sdk/src/rp2_common/hardware_gpio/gpio.c.obj
                0x0000000010000b0c                gpio_set_pulls
 .text.gpio_init
                0x0000000010000b40       0x16 CMakeFiles/Pico_Game_Controller.dir/home/anonxx/pico/pico-sdk/src/rp2_common/hardware_gpio/gpio.c.obj
                0x0000000010000b40                gpio_init
 *fill*         0x0000000010000b56        0x2 
 .text.hw_claim_lock
                0x0000000010000b58       0x18 CMakeFiles/Pico_Game_Controller.dir/home/anonxx/pico/pico-sdk/src/rp2_common/hardware_claim/claim.c.obj
                0x0000000010000b58                hw_claim_lock
 .text.hw_claim_unlock
                0x0000000010000b70       0x14 CMakeFiles/Pico_Game_Controller.dir/home/anonxx/pico/pico-sdk/src/rp2_common/hardware_claim/claim.c.obj
                0x0000000010000b70                hw_claim_unlock
 .text.hw_claim_or_assert
                0x0000000010000b84       0x36 CMakeFiles/Pico_Game_Controller.dir/home/anonxx/pico/pico-sdk/src/rp2_common/hardware_claim/claim.c.obj
                0x0000000010000b84                hw_claim_or_assert
 .text.hw_claim_unused_from_range
                0x0000000010000bba       0x58 CMakeFiles/Pico_Game_Controller.dir/home/anonxx/pico/pico-sdk/src/rp2_common/hardware_claim/claim.c.obj
                0x0000000010000bba                hw_claim_unused_from_range
 *fill*         0x0000000010000c12        0x2 
 .text.spin_locks_reset
                0x0000000010000c14       0x20 CMakeFiles/Pico_Game_Controller.dir/home/anonxx/pico/pico-sdk/src/rp2_common/hardware_sync/sync.c.obj
                0x0000000010000c14                spin_locks_reset
 .text.next_striped_spin_lock_num
                0x0000000010000c34       0x1c CMakeFiles/Pico_Game_Controller.dir/home/anonxx/pico/pico-sdk/src/rp2_common/hardware_sync/sync.c.obj
                0x0000000010000c34                next_striped_spin_lock_num
 .text.spin_lock_claim_unused
                0x0000000010000c50       0x20 CMakeFiles/Pico_Game_Controller.dir/home/anonxx/pico/pico-sdk/src/rp2_common/hardware_sync/sync.c.obj
                0x0000000010000c50                spin_lock_claim_unused
 .text.running_on_fpga
                0x0000000010000c70       0x14 CMakeFiles/Pico_Game_Controller.dir/home/anonxx/pico/pico-sdk/src/rp2_common/pico_platform/platform.c.obj
                0x0000000010000c70                running_on_fpga
 .text.uart_set_baudrate
                0x0000000010000c84       0x64 CMakeFiles/Pico_Game_Controller.dir/home/anonxx/pico/pico-sdk/src/rp2_common/hardware_uart/uart.c.obj
                0x0000000010000c84                uart_set_baudrate
 .text.uart_set_translate_crlf
                0x0000000010000ce8       0x28 CMakeFiles/Pico_Game_Controller.dir/home/anonxx/pico/pico-sdk/src/rp2_common/hardware_uart/uart.c.obj
                0x0000000010000ce8                uart_set_translate_crlf
 .text.uart_init
                0x0000000010000d10       0x80 CMakeFiles/Pico_Game_Controller.dir/home/anonxx/pico/pico-sdk/src/rp2_common/hardware_uart/uart.c.obj
                0x0000000010000d10                uart_init
 .text.sev_callback
                0x0000000010000d90        0x8 CMakeFiles/Pico_Game_Controller.dir/home/anonxx/pico/pico-sdk/src/common/pico_time/time.c.obj
 .text.alarm_pool_post_alloc_init
                0x0000000010000d98       0x40 CMakeFiles/Pico_Game_Controller.dir/home/anonxx/pico/pico-sdk/src/common/pico_time/time.c.obj
 .text.timer_pool_entry_comparator
                0x0000000010000dd8       0x7c CMakeFiles/Pico_Game_Controller.dir/home/anonxx/pico/pico-sdk/src/common/pico_time/time.c.obj
                0x0000000010000dd8                timer_pool_entry_comparator
 .text.ph_add_child_node
                0x0000000010000e54       0xa4 CMakeFiles/Pico_Game_Controller.dir/home/anonxx/pico/pico-sdk/src/common/pico_time/time.c.obj
 .text.ph_merge_nodes
                0x0000000010000ef8       0x3e CMakeFiles/Pico_Game_Controller.dir/home/anonxx/pico/pico-sdk/src/common/pico_time/time.c.obj
 *fill*         0x0000000010000f36        0x2 
 .text.add_alarm_under_lock
                0x0000000010000f38      0x174 CMakeFiles/Pico_Game_Controller.dir/home/anonxx/pico/pico-sdk/src/common/pico_time/time.c.obj
 .text.alarm_pool_alarm_callback
                0x00000000100010ac      0x32c CMakeFiles/Pico_Game_Controller.dir/home/anonxx/pico/pico-sdk/src/common/pico_time/time.c.obj
 .text.alarm_pool_init_default
                0x00000000100013d8       0x2c CMakeFiles/Pico_Game_Controller.dir/home/anonxx/pico/pico-sdk/src/common/pico_time/time.c.obj
                0x00000000100013d8                alarm_pool_init_default
 .text.alarm_pool_get_default
                0x0000000010001404       0x2c CMakeFiles/Pico_Game_Controller.dir/home/anonxx/pico/pico-sdk/src/common/pico_time/time.c.obj
                0x0000000010001404                alarm_pool_get_default
 .text.alarm_pool_add_alarm_at
                0x0000000010001430      0x170 CMakeFiles/Pico_Game_Controller.dir/home/anonxx/pico/pico-sdk/src/common/pico_time/time.c.obj
                0x0000000010001430                alarm_pool_add_alarm_at
 .text.alarm_pool_cancel_alarm
                0x00000000100015a0       0xec CMakeFiles/Pico_Game_Controller.dir/home/anonxx/pico/pico-sdk/src/common/pico_time/time.c.obj
                0x00000000100015a0                alarm_pool_cancel_alarm
 .text.best_effort_wfe_or_timeout
                0x000000001000168c       0x80 CMakeFiles/Pico_Game_Controller.dir/home/anonxx/pico/pico-sdk/src/common/pico_time/time.c.obj
                0x000000001000168c                best_effort_wfe_or_timeout
 .text.hardware_alarm_irq_handler
                0x000000001000170c       0x8c CMakeFiles/Pico_Game_Controller.dir/home/anonxx/pico/pico-sdk/src/rp2_common/hardware_timer/timer.c.obj
 .text.hardware_alarm_claim
                0x0000000010001798       0x18 CMakeFiles/Pico_Game_Controller.dir/home/anonxx/pico/pico-sdk/src/rp2_common/hardware_timer/timer.c.obj
                0x0000000010001798                hardware_alarm_claim
 .text.time_us_64
                0x00000000100017b0       0x18 CMakeFiles/Pico_Game_Controller.dir/home/anonxx/pico/pico-sdk/src/rp2_common/hardware_timer/timer.c.obj
                0x00000000100017b0                time_us_64
 .text.hardware_alarm_set_callback
                0x00000000100017c8       0x90 CMakeFiles/Pico_Game_Controller.dir/home/anonxx/pico/pico-sdk/src/rp2_common/hardware_timer/timer.c.obj
                0x00000000100017c8                hardware_alarm_set_callback
 .text.hardware_alarm_set_target
                0x0000000010001858       0xe8 CMakeFiles/Pico_Game_Controller.dir/home/anonxx/pico/pico-sdk/src/rp2_common/hardware_timer/timer.c.obj
                0x0000000010001858                hardware_alarm_set_target
 .text.hardware_alarm_cancel
                0x0000000010001940       0x40 CMakeFiles/Pico_Game_Controller.dir/home/anonxx/pico/pico-sdk/src/rp2_common/hardware_timer/timer.c.obj
                0x0000000010001940                hardware_alarm_cancel
 .text.lock_init
                0x0000000010001980       0x10 CMakeFiles/Pico_Game_Controller.dir/home/anonxx/pico/pico-sdk/src/common/pico_sync/lock_core.c.obj
                0x0000000010001980                lock_init
 .text.mutex_init
                0x0000000010001990       0x1a CMakeFiles/Pico_Game_Controller.dir/home/anonxx/pico/pico-sdk/src/common/pico_sync/mutex.c.obj
                0x0000000010001990                mutex_init
 .text.critical_section_init_with_lock_num
                0x00000000100019aa        0xc CMakeFiles/Pico_Game_Controller.dir/home/anonxx/pico/pico-sdk/src/common/pico_sync/critical_section.c.obj
                0x00000000100019aa                critical_section_init_with_lock_num
 .text.critical_section_init
                0x00000000100019b6       0x14 CMakeFiles/Pico_Game_Controller.dir/home/anonxx/pico/pico-sdk/src/common/pico_sync/critical_section.c.obj
                0x00000000100019b6                critical_section_init
 *fill*         0x00000000100019ca        0x2 
 .text.ph_add_child_node
                0x00000000100019cc       0xa4 CMakeFiles/Pico_Game_Controller.dir/home/anonxx/pico/pico-sdk/src/common/pico_util/pheap.c.obj
 .text.ph_merge_nodes
                0x0000000010001a70       0x3e CMakeFiles/Pico_Game_Controller.dir/home/anonxx/pico/pico-sdk/src/common/pico_util/pheap.c.obj
 *fill*         0x0000000010001aae        0x2 
 .text.ph_clear
                0x0000000010001ab0       0x70 CMakeFiles/Pico_Game_Controller.dir/home/anonxx/pico/pico-sdk/src/common/pico_util/pheap.c.obj
                0x0000000010001ab0                ph_clear
 .text.ph_post_alloc_init
                0x0000000010001b20        0xe CMakeFiles/Pico_Game_Controller.dir/home/anonxx/pico/pico-sdk/src/common/pico_util/pheap.c.obj
                0x0000000010001b20                ph_post_alloc_init
 *fill*         0x0000000010001b2e        0x2 
 .text.ph_merge_two_pass
                0x0000000010001b30       0xa8 CMakeFiles/Pico_Game_Controller.dir/home/anonxx/pico/pico-sdk/src/common/pico_util/pheap.c.obj
                0x0000000010001b30                ph_merge_two_pass
 .text.ph_remove_any_head
                0x0000000010001bd8      0x108 CMakeFiles/Pico_Game_Controller.dir/home/anonxx/pico/pico-sdk/src/common/pico_util/pheap.c.obj
 .text.ph_remove_head
                0x0000000010001ce0       0x14 CMakeFiles/Pico_Game_Controller.dir/home/anonxx/pico/pico-sdk/src/common/pico_util/pheap.c.obj
                0x0000000010001ce0                ph_remove_head
 .text.ph_remove_and_free_node
                0x0000000010001cf4       0xf8 CMakeFiles/Pico_Game_Controller.dir/home/anonxx/pico/pico-sdk/src/common/pico_util/pheap.c.obj
                0x0000000010001cf4                ph_remove_and_free_node
 .text.runtime_init
                0x0000000010001dec       0xcc CMakeFiles/Pico_Game_Controller.dir/home/anonxx/pico/pico-sdk/src/rp2_common/pico_runtime/runtime.c.obj
                0x0000000010001dec                runtime_init
 .text._exit    0x0000000010001eb8        0x4 CMakeFiles/Pico_Game_Controller.dir/home/anonxx/pico/pico-sdk/src/rp2_common/pico_runtime/runtime.c.obj
                0x0000000010001eb8                _exit
 .text.exit     0x0000000010001ebc        0x6 CMakeFiles/Pico_Game_Controller.dir/home/anonxx/pico/pico-sdk/src/rp2_common/pico_runtime/runtime.c.obj
                0x0000000010001ebc                exit
 *fill*         0x0000000010001ec2        0x2 
 .text.__assert_func
                0x0000000010001ec4       0x3c CMakeFiles/Pico_Game_Controller.dir/home/anonxx/pico/pico-sdk/src/rp2_common/pico_runtime/runtime.c.obj
                0x0000000010001ec4                __assert_func
 .text.panic    0x0000000010001f00       0x30 CMakeFiles/Pico_Game_Controller.dir/home/anonxx/pico/pico-sdk/src/rp2_common/pico_runtime/runtime.c.obj
                0x0000000010001f00                panic
 .text.clock_configure
                0x0000000010001f30       0xe8 CMakeFiles/Pico_Game_Controller.dir/home/anonxx/pico/pico-sdk/src/rp2_common/hardware_clocks/clocks.c.obj
                0x0000000010001f30                clock_configure
 .text.clocks_init
                0x0000000010002018      0x124 CMakeFiles/Pico_Game_Controller.dir/home/anonxx/pico/pico-sdk/src/rp2_common/hardware_clocks/clocks.c.obj
                0x0000000010002018                clocks_init
 .text.clock_get_hz
                0x000000001000213c        0xc CMakeFiles/Pico_Game_Controller.dir/home/anonxx/pico/pico-sdk/src/rp2_common/hardware_clocks/clocks.c.obj
                0x000000001000213c                clock_get_hz
 .text.watchdog_start_tick
                0x0000000010002148       0x10 CMakeFiles/Pico_Game_Controller.dir/home/anonxx/pico/pico-sdk/src/rp2_common/hardware_watchdog/watchdog.c.obj
                0x0000000010002148                watchdog_start_tick
 .text.xosc_init
                0x0000000010002158       0x28 CMakeFiles/Pico_Game_Controller.dir/home/anonxx/pico/pico-sdk/src/rp2_common/hardware_xosc/xosc.c.obj
                0x0000000010002158                xosc_init
 .text.pll_init
                0x0000000010002180       0xd0 CMakeFiles/Pico_Game_Controller.dir/home/anonxx/pico/pico-sdk/src/rp2_common/hardware_pll/pll.c.obj
                0x0000000010002180                pll_init
 .text.set_raw_irq_handler_and_unlock
                0x0000000010002250       0x28 CMakeFiles/Pico_Game_Controller.dir/home/anonxx/pico/pico-sdk/src/rp2_common/hardware_irq/irq.c.obj
 .text.make_branch
                0x0000000010002278       0x34 CMakeFiles/Pico_Game_Controller.dir/home/anonxx/pico/pico-sdk/src/rp2_common/hardware_irq/irq.c.obj
 .text.insert_branch_and_link
                0x00000000100022ac       0x40 CMakeFiles/Pico_Game_Controller.dir/home/anonxx/pico/pico-sdk/src/rp2_common/hardware_irq/irq.c.obj
 .text.irq_is_enabled
                0x00000000100022ec       0x18 CMakeFiles/Pico_Game_Controller.dir/home/anonxx/pico/pico-sdk/src/rp2_common/hardware_irq/irq.c.obj
                0x00000000100022ec                irq_is_enabled
 .text.irq_set_mask_enabled
                0x0000000010002304       0x20 CMakeFiles/Pico_Game_Controller.dir/home/anonxx/pico/pico-sdk/src/rp2_common/hardware_irq/irq.c.obj
                0x0000000010002304                irq_set_mask_enabled
 .text.irq_set_enabled
                0x0000000010002324        0xe CMakeFiles/Pico_Game_Controller.dir/home/anonxx/pico/pico-sdk/src/rp2_common/hardware_irq/irq.c.obj
                0x0000000010002324                irq_set_enabled
 *fill*         0x0000000010002332        0x2 
 .text.irq_get_vtable_handler
                0x0000000010002334       0x10 CMakeFiles/Pico_Game_Controller.dir/home/anonxx/pico/pico-sdk/src/rp2_common/hardware_irq/irq.c.obj
                0x0000000010002334                irq_get_vtable_handler
 .text.irq_set_exclusive_handler
                0x0000000010002344       0x54 CMakeFiles/Pico_Game_Controller.dir/home/anonxx/pico/pico-sdk/src/rp2_common/hardware_irq/irq.c.obj
                0x0000000010002344                irq_set_exclusive_handler
 .text.irq_remove_handler
                0x0000000010002398      0x1ac CMakeFiles/Pico_Game_Controller.dir/home/anonxx/pico/pico-sdk/src/rp2_common/hardware_irq/irq.c.obj
                0x0000000010002398                irq_remove_handler
 .text.irq_set_priority
                0x0000000010002544       0x28 CMakeFiles/Pico_Game_Controller.dir/home/anonxx/pico/pico-sdk/src/rp2_common/hardware_irq/irq.c.obj
                0x0000000010002544                irq_set_priority
 .text.irq_add_tail_to_free_list
                0x000000001000256c       0xf0 CMakeFiles/Pico_Game_Controller.dir/home/anonxx/pico/pico-sdk/src/rp2_common/hardware_irq/irq.c.obj
                0x000000001000256c                irq_add_tail_to_free_list
 .text.irq_init_priorities
                0x000000001000265c       0x16 CMakeFiles/Pico_Game_Controller.dir/home/anonxx/pico/pico-sdk/src/rp2_common/hardware_irq/irq.c.obj
                0x000000001000265c                irq_init_priorities
 .text._out_null
                0x0000000010002672        0x2 CMakeFiles/Pico_Game_Controller.dir/home/anonxx/pico/pico-sdk/src/rp2_common/pico_printf/printf.c.obj
 .text._out_fct
                0x0000000010002674        0xe CMakeFiles/Pico_Game_Controller.dir/home/anonxx/pico/pico-sdk/src/rp2_common/pico_printf/printf.c.obj
 .text._atoi    0x0000000010002682       0x24 CMakeFiles/Pico_Game_Controller.dir/home/anonxx/pico/pico-sdk/src/rp2_common/pico_printf/printf.c.obj
 .text._out_rev
                0x00000000100026a6       0xae CMakeFiles/Pico_Game_Controller.dir/home/anonxx/pico/pico-sdk/src/rp2_common/pico_printf/printf.c.obj
 .text._ntoa_format
                0x0000000010002754      0x110 CMakeFiles/Pico_Game_Controller.dir/home/anonxx/pico/pico-sdk/src/rp2_common/pico_printf/printf.c.obj
 .text._ntoa_long
                0x0000000010002864       0xbc CMakeFiles/Pico_Game_Controller.dir/home/anonxx/pico/pico-sdk/src/rp2_common/pico_printf/printf.c.obj
 .text._ntoa_long_long
                0x0000000010002920       0xe2 CMakeFiles/Pico_Game_Controller.dir/home/anonxx/pico/pico-sdk/src/rp2_common/pico_printf/printf.c.obj
 *fill*         0x0000000010002a02        0x2 
 .text._etoa    0x0000000010002a04      0x40c CMakeFiles/Pico_Game_Controller.dir/home/anonxx/pico/pico-sdk/src/rp2_common/pico_printf/printf.c.obj
 .text._ftoa    0x0000000010002e10      0x354 CMakeFiles/Pico_Game_Controller.dir/home/anonxx/pico/pico-sdk/src/rp2_common/pico_printf/printf.c.obj
 .text._vsnprintf
                0x0000000010003164      0x628 CMakeFiles/Pico_Game_Controller.dir/home/anonxx/pico/pico-sdk/src/rp2_common/pico_printf/printf.c.obj
 .text.vfctprintf
                0x000000001000378c       0x20 CMakeFiles/Pico_Game_Controller.dir/home/anonxx/pico/pico-sdk/src/rp2_common/pico_printf/printf.c.obj
                0x000000001000378c                vfctprintf
 .text          0x00000000100037ac       0x10 CMakeFiles/Pico_Game_Controller.dir/home/anonxx/pico/pico-sdk/src/rp2_common/pico_bit_ops/bit_ops_aeabi.S.obj
 .text.rom_func_lookup
                0x00000000100037bc       0x10 CMakeFiles/Pico_Game_Controller.dir/home/anonxx/pico/pico-sdk/src/rp2_common/pico_bootrom/bootrom.c.obj
                0x00000000100037bc                rom_func_lookup
 .text.rom_data_lookup
                0x00000000100037cc       0x10 CMakeFiles/Pico_Game_Controller.dir/home/anonxx/pico/pico-sdk/src/rp2_common/pico_bootrom/bootrom.c.obj
                0x00000000100037cc                rom_data_lookup
 .text.rom_funcs_lookup
                0x00000000100037dc       0x36 CMakeFiles/Pico_Game_Controller.dir/home/anonxx/pico/pico-sdk/src/rp2_common/pico_bootrom/bootrom.c.obj
                0x00000000100037dc                rom_funcs_lookup
 *fill*         0x0000000010003812        0x2 
 .text.__wrap___aeabi_idiv
                0x0000000010003814       0x58 CMakeFiles/Pico_Game_Controller.dir/home/anonxx/pico/pico-sdk/src/rp2_common/pico_divider/divider.S.obj
                0x0000000010003814                __wrap___aeabi_idivmod
                0x0000000010003814                divmod_s32s32
                0x0000000010003814                div_s32s32
                0x0000000010003814                __wrap___aeabi_idiv
                0x000000001000381c                divmod_s32s32_unsafe
                0x0000000010003848                divmod_s32s32_savestate
 .text.__wrap___aeabi_uidiv
                0x000000001000386c       0x54 CMakeFiles/Pico_Game_Controller.dir/home/anonxx/pico/pico-sdk/src/rp2_common/pico_divider/divider.S.obj
                0x000000001000386c                __wrap___aeabi_uidiv
                0x000000001000386c                __wrap___aeabi_uidivmod
                0x000000001000386c                div_u32u32
                0x000000001000386c                divmod_u32u32
                0x0000000010003874                divmod_u32u32_unsafe
                0x000000001000389c                divmod_u32u32_savestate
 .text.__wrap___aeabi_ldiv
                0x00000000100038c0      0x430 CMakeFiles/Pico_Game_Controller.dir/home/anonxx/pico/pico-sdk/src/rp2_common/pico_divider/divider.S.obj
                0x00000000100038c0                div_s64s64
                0x00000000100038c0                divmod_s64s64
                0x00000000100038c0                __wrap___aeabi_ldivmod
                0x00000000100038f8                div_u64u64
                0x00000000100038f8                divmod_u64u64
                0x00000000100038f8                __wrap___aeabi_uldivmod
                0x0000000010003908                divmod_u64u64_savestate
                0x0000000010003930                divmod_s64s64_unsafe
                0x00000000100039b8                divmod_u64u64_unsafe
 .text.__wrap___aeabi_darithmetic
                0x0000000010003cf0       0x54 CMakeFiles/Pico_Game_Controller.dir/home/anonxx/pico/pico-sdk/src/rp2_common/pico_double/double_aeabi.S.obj
                0x0000000010003cf0                __wrap___aeabi_drsub
                0x0000000010003cf6                __wrap___aeabi_dsub
                0x0000000010003d08                __wrap___aeabi_dadd
                0x0000000010003d1a                __wrap___aeabi_ddiv
                0x0000000010003d2c                __wrap___aeabi_dmul
 .text.__wrap___aeabi_cdcmple
                0x0000000010003d44       0x6c CMakeFiles/Pico_Game_Controller.dir/home/anonxx/pico/pico-sdk/src/rp2_common/pico_double/double_aeabi.S.obj
                0x0000000010003d44                __wrap___aeabi_cdrcmple
                0x0000000010003d54                __wrap___aeabi_cdcmple
                0x0000000010003d54                __wrap___aeabi_cdcmpeq
 .text.__wrap___aeabi_dcmplt
                0x0000000010003db0        0xc CMakeFiles/Pico_Game_Controller.dir/home/anonxx/pico/pico-sdk/src/rp2_common/pico_double/double_aeabi.S.obj
                0x0000000010003db0                __wrap___aeabi_dcmplt
 .text.__wrap___aeabi_dcmple
                0x0000000010003dbc       0x10 CMakeFiles/Pico_Game_Controller.dir/home/anonxx/pico/pico-sdk/src/rp2_common/pico_double/double_aeabi.S.obj
                0x0000000010003dbc                __wrap___aeabi_dcmple
 .text.__wrap___aeabi_dcmpge
                0x0000000010003dcc       0x10 CMakeFiles/Pico_Game_Controller.dir/home/anonxx/pico/pico-sdk/src/rp2_common/pico_double/double_aeabi.S.obj
                0x0000000010003dcc                __wrap___aeabi_dcmpge
 .text.__wrap___aeabi_dcmpgt
                0x0000000010003ddc        0xa CMakeFiles/Pico_Game_Controller.dir/home/anonxx/pico/pico-sdk/src/rp2_common/pico_double/double_aeabi.S.obj
                0x0000000010003ddc                __wrap___aeabi_dcmpgt
 .text.__wrap___aeabi_dcmpun
                0x0000000010003de6       0x1c CMakeFiles/Pico_Game_Controller.dir/home/anonxx/pico/pico-sdk/src/rp2_common/pico_double/double_aeabi.S.obj
                0x0000000010003de6                __wrap___aeabi_dcmpun
 *fill*         0x0000000010003e02        0x2 
 .text.__wrap___aeabi_i2d
                0x0000000010003e04       0x38 CMakeFiles/Pico_Game_Controller.dir/home/anonxx/pico/pico-sdk/src/rp2_common/pico_double/double_aeabi.S.obj
                0x0000000010003e04                __wrap___aeabi_ui2d
                0x0000000010003e0c                __wrap___aeabi_i2d
 .text.__wrap___aeabi_d2iz
                0x0000000010003e3c       0x48 CMakeFiles/Pico_Game_Controller.dir/home/anonxx/pico/pico-sdk/src/rp2_common/pico_double/double_aeabi.S.obj
                0x0000000010003e3c                __wrap___aeabi_d2iz
                0x0000000010003e3c                double2int_z
 .text.__wrap___aeabi_d2uiz
                0x0000000010003e84       0x18 CMakeFiles/Pico_Game_Controller.dir/home/anonxx/pico/pico-sdk/src/rp2_common/pico_double/double_aeabi.S.obj
                0x0000000010003e84                double2uint
                0x0000000010003e84                __wrap___aeabi_d2uiz
 .text.__aeabi_double_init
                0x0000000010003e9c       0xb4 CMakeFiles/Pico_Game_Controller.dir/home/anonxx/pico/pico-sdk/src/rp2_common/pico_double/double_init_rom.c.obj
                0x0000000010003e9c                __aeabi_double_init
 .text.double_table_shim_on_use_helper
                0x0000000010003f50       0x34 CMakeFiles/Pico_Game_Controller.dir/home/anonxx/pico/pico-sdk/src/rp2_common/pico_double/double_v1_rom_shim.S.obj
                0x0000000010003f50                double_table_shim_on_use_helper
 .text.__wrap___aeabi_dsub
                0x0000000010003f84       0x10 CMakeFiles/Pico_Game_Controller.dir/home/anonxx/pico/pico-sdk/src/rp2_common/pico_double/double_v1_rom_shim.S.obj
                0x0000000010003f84                drsub_shim
                0x0000000010003f8a                dsub_shim
 .text.dadd_shim
                0x0000000010003f94      0x15c CMakeFiles/Pico_Game_Controller.dir/home/anonxx/pico/pico-sdk/src/rp2_common/pico_double/double_v1_rom_shim.S.obj
                0x0000000010003f94                dadd_shim
 .text.dmul_shim
                0x00000000100040f0      0x15c CMakeFiles/Pico_Game_Controller.dir/home/anonxx/pico/pico-sdk/src/rp2_common/pico_double/double_v1_rom_shim.S.obj
                0x00000000100040f0                dmul_shim
 .text.ddiv_shim
                0x000000001000424c      0x1b0 CMakeFiles/Pico_Game_Controller.dir/home/anonxx/pico/pico-sdk/src/rp2_common/pico_double/double_v1_rom_shim.S.obj
                0x000000001000424c                ddiv_shim
 .text.dcordic_rot_step
                0x00000000100043fc       0x7c CMakeFiles/Pico_Game_Controller.dir/home/anonxx/pico/pico-sdk/src/rp2_common/pico_double/double_v1_rom_shim.S.obj
                0x00000000100043fc                dcordic_rot_step
 .text.double2uint_shim
                0x0000000010004478        0xe CMakeFiles/Pico_Game_Controller.dir/home/anonxx/pico/pico-sdk/src/rp2_common/pico_double/double_v1_rom_shim.S.obj
                0x0000000010004478                double2uint_shim
                0x000000001000447a                double2ufix_shim
 *fill*         0x0000000010004486        0x2 
 .text.double2uint64_shim
                0x0000000010004488       0x6c CMakeFiles/Pico_Game_Controller.dir/home/anonxx/pico/pico-sdk/src/rp2_common/pico_double/double_v1_rom_shim.S.obj
                0x0000000010004488                double2uint64_shim
                0x000000001000448a                double2ufix64_shim
                0x00000000100044a4                d2fix_a
 .text.dunpacks
                0x00000000100044f4       0x3c CMakeFiles/Pico_Game_Controller.dir/home/anonxx/pico/pico-sdk/src/rp2_common/pico_double/double_v1_rom_shim.S.obj
                0x00000000100044f4                dunpacks
 .text.__aeabi_lmul
                0x0000000010004530       0x32 CMakeFiles/Pico_Game_Controller.dir/home/anonxx/pico/pico-sdk/src/rp2_common/pico_int64_ops/pico_int64_ops_aeabi.S.obj
                0x0000000010004530                __wrap___aeabi_lmul
 *fill*         0x0000000010004562        0x2 
 .text.__aeabi_float_init
                0x0000000010004564       0xfc CMakeFiles/Pico_Game_Controller.dir/home/anonxx/pico/pico-sdk/src/rp2_common/pico_float/float_init_rom.c.obj
                0x0000000010004564                __aeabi_float_init
 .text.float_table_shim_on_use_helper
                0x0000000010004660       0x34 CMakeFiles/Pico_Game_Controller.dir/home/anonxx/pico/pico-sdk/src/rp2_common/pico_float/float_v1_rom_shim.S.obj
                0x0000000010004660                float_table_shim_on_use_helper
 .text          0x0000000010004694       0x10 CMakeFiles/Pico_Game_Controller.dir/home/anonxx/pico/pico-sdk/src/rp2_common/pico_mem_ops/mem_ops_aeabi.S.obj
                0x0000000010004694                __aeabi_mem_init
 .text.memset   0x00000000100046a4        0xc CMakeFiles/Pico_Game_Controller.dir/home/anonxx/pico/pico-sdk/src/rp2_common/pico_mem_ops/mem_ops_aeabi.S.obj
                0x00000000100046a4                __wrap_memset
 .text.memcpy   0x00000000100046b0        0xc CMakeFiles/Pico_Game_Controller.dir/home/anonxx/pico/pico-sdk/src/rp2_common/pico_mem_ops/mem_ops_aeabi.S.obj
                0x00000000100046b0                __wrap___aeabi_memcpy
                0x00000000100046b0                __wrap_memcpy
 .text.stdio_out_chars_crlf
                0x00000000100046bc       0x80 CMakeFiles/Pico_Game_Controller.dir/home/anonxx/pico/pico-sdk/src/rp2_common/pico_stdio/stdio.c.obj
 .text.stdio_stack_buffer_flush
                0x000000001000473c       0x44 CMakeFiles/Pico_Game_Controller.dir/home/anonxx/pico/pico-sdk/src/rp2_common/pico_stdio/stdio.c.obj
 .text.stdio_buffered_printer
                0x0000000010004780       0x20 CMakeFiles/Pico_Game_Controller.dir/home/anonxx/pico/pico-sdk/src/rp2_common/pico_stdio/stdio.c.obj
 .text.stdout_serialize_begin
                0x00000000100047a0       0x2c CMakeFiles/Pico_Game_Controller.dir/home/anonxx/pico/pico-sdk/src/rp2_common/pico_stdio/stdio.c.obj
                0x00000000100047a0                stdout_serialize_begin
 .text.stdout_serialize_end
                0x00000000100047cc       0x10 CMakeFiles/Pico_Game_Controller.dir/home/anonxx/pico/pico-sdk/src/rp2_common/pico_stdio/stdio.c.obj
                0x00000000100047cc                stdout_serialize_end
 .text.stdio_put_string
                0x00000000100047dc       0x84 CMakeFiles/Pico_Game_Controller.dir/home/anonxx/pico/pico-sdk/src/rp2_common/pico_stdio/stdio.c.obj
 .text.stdio_set_driver_enabled
                0x0000000010004860       0x38 CMakeFiles/Pico_Game_Controller.dir/home/anonxx/pico/pico-sdk/src/rp2_common/pico_stdio/stdio.c.obj
                0x0000000010004860                stdio_set_driver_enabled
 .text.stdio_flush
                0x0000000010004898       0x20 CMakeFiles/Pico_Game_Controller.dir/home/anonxx/pico/pico-sdk/src/rp2_common/pico_stdio/stdio.c.obj
                0x0000000010004898                stdio_flush
 .text.__wrap_puts
                0x00000000100048b8       0x1c CMakeFiles/Pico_Game_Controller.dir/home/anonxx/pico/pico-sdk/src/rp2_common/pico_stdio/stdio.c.obj
                0x00000000100048b8                __wrap_puts
 .text.__wrap_vprintf
                0x00000000100048d4       0x44 CMakeFiles/Pico_Game_Controller.dir/home/anonxx/pico/pico-sdk/src/rp2_common/pico_stdio/stdio.c.obj
                0x00000000100048d4                __wrap_vprintf
 .text.__wrap_printf
                0x0000000010004918       0x18 CMakeFiles/Pico_Game_Controller.dir/home/anonxx/pico/pico-sdk/src/rp2_common/pico_stdio/stdio.c.obj
                0x0000000010004918                __wrap_printf
 .text.stdio_uart_out_chars
                0x0000000010004930       0x74 CMakeFiles/Pico_Game_Controller.dir/home/anonxx/pico/pico-sdk/src/rp2_common/pico_stdio_uart/stdio_uart.c.obj
 .text.stdio_uart_in_chars
                0x00000000100049a4       0x54 CMakeFiles/Pico_Game_Controller.dir/home/anonxx/pico/pico-sdk/src/rp2_common/pico_stdio_uart/stdio_uart.c.obj
                0x00000000100049a4                stdio_uart_in_chars
 .text.stdio_uart_init_full
                0x00000000100049f8       0x3c CMakeFiles/Pico_Game_Controller.dir/home/anonxx/pico/pico-sdk/src/rp2_common/pico_stdio_uart/stdio_uart.c.obj
                0x00000000100049f8                stdio_uart_init_full
 .text.stdio_uart_init
                0x0000000010004a34       0x28 CMakeFiles/Pico_Game_Controller.dir/home/anonxx/pico/pico-sdk/src/rp2_common/pico_stdio_uart/stdio_uart.c.obj
                0x0000000010004a34                stdio_uart_init
 .text.hw_endpoint_get_by_addr
                0x0000000010004a5c       0x1c CMakeFiles/Pico_Game_Controller.dir/home/anonxx/pico/pico-sdk/lib/tinyusb/src/portable/raspberrypi/rp2040/dcd_rp2040.c.obj
 .text.reset_ep0
                0x0000000010004a78       0x2c CMakeFiles/Pico_Game_Controller.dir/home/anonxx/pico/pico-sdk/lib/tinyusb/src/portable/raspberrypi/rp2040/dcd_rp2040.c.obj
 .text._hw_endpoint_alloc
                0x0000000010004aa4       0x7c CMakeFiles/Pico_Game_Controller.dir/home/anonxx/pico/pico-sdk/lib/tinyusb/src/portable/raspberrypi/rp2040/dcd_rp2040.c.obj
 .text._hw_endpoint_init
                0x0000000010004b20       0xbc CMakeFiles/Pico_Game_Controller.dir/home/anonxx/pico/pico-sdk/lib/tinyusb/src/portable/raspberrypi/rp2040/dcd_rp2040.c.obj
 .text.hw_endpoint_init
                0x0000000010004bdc       0x18 CMakeFiles/Pico_Game_Controller.dir/home/anonxx/pico/pico-sdk/lib/tinyusb/src/portable/raspberrypi/rp2040/dcd_rp2040.c.obj
 .text.hw_handle_buff_status
                0x0000000010004bf4       0xbc CMakeFiles/Pico_Game_Controller.dir/home/anonxx/pico/pico-sdk/lib/tinyusb/src/portable/raspberrypi/rp2040/dcd_rp2040.c.obj
 .text.dcd_rp2040_irq
                0x0000000010004cb0       0x8c CMakeFiles/Pico_Game_Controller.dir/home/anonxx/pico/pico-sdk/lib/tinyusb/src/portable/raspberrypi/rp2040/dcd_rp2040.c.obj
 .text.hw_endpoint_xfer
                0x0000000010004d3c       0x18 CMakeFiles/Pico_Game_Controller.dir/home/anonxx/pico/pico-sdk/lib/tinyusb/src/portable/raspberrypi/rp2040/dcd_rp2040.c.obj
 .text.ep0_0len_status
                0x0000000010004d54       0x14 CMakeFiles/Pico_Game_Controller.dir/home/anonxx/pico/pico-sdk/lib/tinyusb/src/portable/raspberrypi/rp2040/dcd_rp2040.c.obj
 .text._hw_endpoint_stall
                0x0000000010004d68       0x54 CMakeFiles/Pico_Game_Controller.dir/home/anonxx/pico/pico-sdk/lib/tinyusb/src/portable/raspberrypi/rp2040/dcd_rp2040.c.obj
 .text.hw_endpoint_stall
                0x0000000010004dbc        0xc CMakeFiles/Pico_Game_Controller.dir/home/anonxx/pico/pico-sdk/lib/tinyusb/src/portable/raspberrypi/rp2040/dcd_rp2040.c.obj
 .text._hw_endpoint_clear_stall
                0x0000000010004dc8       0x34 CMakeFiles/Pico_Game_Controller.dir/home/anonxx/pico/pico-sdk/lib/tinyusb/src/portable/raspberrypi/rp2040/dcd_rp2040.c.obj
 .text.hw_endpoint_clear_stall
                0x0000000010004dfc        0xc CMakeFiles/Pico_Game_Controller.dir/home/anonxx/pico/pico-sdk/lib/tinyusb/src/portable/raspberrypi/rp2040/dcd_rp2040.c.obj
 .text.dcd_int_enable
                0x0000000010004e08       0x2c CMakeFiles/Pico_Game_Controller.dir/home/anonxx/pico/pico-sdk/lib/tinyusb/src/portable/raspberrypi/rp2040/dcd_rp2040.c.obj
                0x0000000010004e08                dcd_int_enable
 .text.dcd_set_address
                0x0000000010004e34       0x30 CMakeFiles/Pico_Game_Controller.dir/home/anonxx/pico/pico-sdk/lib/tinyusb/src/portable/raspberrypi/rp2040/dcd_rp2040.c.obj
                0x0000000010004e34                dcd_set_address
 .text.dcd_connect
                0x0000000010004e64       0x30 CMakeFiles/Pico_Game_Controller.dir/home/anonxx/pico/pico-sdk/lib/tinyusb/src/portable/raspberrypi/rp2040/dcd_rp2040.c.obj
                0x0000000010004e64                dcd_connect
 .text.dcd_init
                0x0000000010004e94       0x90 CMakeFiles/Pico_Game_Controller.dir/home/anonxx/pico/pico-sdk/lib/tinyusb/src/portable/raspberrypi/rp2040/dcd_rp2040.c.obj
                0x0000000010004e94                dcd_init
 .text.dcd_edpt0_status_complete
                0x0000000010004f24       0x44 CMakeFiles/Pico_Game_Controller.dir/home/anonxx/pico/pico-sdk/lib/tinyusb/src/portable/raspberrypi/rp2040/dcd_rp2040.c.obj
                0x0000000010004f24                dcd_edpt0_status_complete
 .text.dcd_edpt_open
                0x0000000010004f68       0x40 CMakeFiles/Pico_Game_Controller.dir/home/anonxx/pico/pico-sdk/lib/tinyusb/src/portable/raspberrypi/rp2040/dcd_rp2040.c.obj
                0x0000000010004f68                dcd_edpt_open
 .text.dcd_edpt_xfer
                0x0000000010004fa8       0x34 CMakeFiles/Pico_Game_Controller.dir/home/anonxx/pico/pico-sdk/lib/tinyusb/src/portable/raspberrypi/rp2040/dcd_rp2040.c.obj
                0x0000000010004fa8                dcd_edpt_xfer
 .text.dcd_edpt_stall
                0x0000000010004fdc       0x28 CMakeFiles/Pico_Game_Controller.dir/home/anonxx/pico/pico-sdk/lib/tinyusb/src/portable/raspberrypi/rp2040/dcd_rp2040.c.obj
                0x0000000010004fdc                dcd_edpt_stall
 .text.dcd_edpt_clear_stall
                0x0000000010005004       0x28 CMakeFiles/Pico_Game_Controller.dir/home/anonxx/pico/pico-sdk/lib/tinyusb/src/portable/raspberrypi/rp2040/dcd_rp2040.c.obj
                0x0000000010005004                dcd_edpt_clear_stall
 .text.rp2040_usb_init
                0x000000001000502c       0x50 CMakeFiles/Pico_Game_Controller.dir/home/anonxx/pico/pico-sdk/lib/tinyusb/src/portable/raspberrypi/rp2040/rp2040_usb.c.obj
                0x000000001000502c                rp2040_usb_init
 .text.hw_endpoint_reset_transfer
                0x000000001000507c       0x14 CMakeFiles/Pico_Game_Controller.dir/home/anonxx/pico/pico-sdk/lib/tinyusb/src/portable/raspberrypi/rp2040/rp2040_usb.c.obj
                0x000000001000507c                hw_endpoint_reset_transfer
 .text._hw_endpoint_buffer_control_update32
                0x0000000010005090       0x54 CMakeFiles/Pico_Game_Controller.dir/home/anonxx/pico/pico-sdk/lib/tinyusb/src/portable/raspberrypi/rp2040/rp2040_usb.c.obj
                0x0000000010005090                _hw_endpoint_buffer_control_update32
 .text._hw_endpoint_start_next_buffer
                0x00000000100050e4       0x5a CMakeFiles/Pico_Game_Controller.dir/home/anonxx/pico/pico-sdk/lib/tinyusb/src/portable/raspberrypi/rp2040/rp2040_usb.c.obj
                0x00000000100050e4                _hw_endpoint_start_next_buffer
 .text._hw_endpoint_xfer_start
                0x000000001000513e       0x46 CMakeFiles/Pico_Game_Controller.dir/home/anonxx/pico/pico-sdk/lib/tinyusb/src/portable/raspberrypi/rp2040/rp2040_usb.c.obj
                0x000000001000513e                _hw_endpoint_xfer_start
 .text._hw_endpoint_xfer_sync
                0x0000000010005184       0x74 CMakeFiles/Pico_Game_Controller.dir/home/anonxx/pico/pico-sdk/lib/tinyusb/src/portable/raspberrypi/rp2040/rp2040_usb.c.obj
                0x0000000010005184                _hw_endpoint_xfer_sync
 .text._hw_endpoint_xfer_continue
                0x00000000100051f8       0x58 CMakeFiles/Pico_Game_Controller.dir/home/anonxx/pico/pico-sdk/lib/tinyusb/src/portable/raspberrypi/rp2040/rp2040_usb.c.obj
                0x00000000100051f8                _hw_endpoint_xfer_continue
 .text._hw_endpoint_xfer
                0x0000000010005250       0x34 CMakeFiles/Pico_Game_Controller.dir/home/anonxx/pico/pico-sdk/lib/tinyusb/src/portable/raspberrypi/rp2040/rp2040_usb.c.obj
                0x0000000010005250                _hw_endpoint_xfer
 .text.mark_interface_endpoint
                0x0000000010005284       0x2a CMakeFiles/Pico_Game_Controller.dir/home/anonxx/pico/pico-sdk/lib/tinyusb/src/device/usbd.c.obj
 *fill*         0x00000000100052ae        0x2 
 .text.usbd_reset
                0x00000000100052b0       0x88 CMakeFiles/Pico_Game_Controller.dir/home/anonxx/pico/pico-sdk/lib/tinyusb/src/device/usbd.c.obj
 .text.invoke_class_control
                0x0000000010005338       0x18 CMakeFiles/Pico_Game_Controller.dir/home/anonxx/pico/pico-sdk/lib/tinyusb/src/device/usbd.c.obj
 .text.process_set_config
                0x0000000010005350      0x1cc CMakeFiles/Pico_Game_Controller.dir/home/anonxx/pico/pico-sdk/lib/tinyusb/src/device/usbd.c.obj
 .text.process_get_descriptor
                0x000000001000551c       0xf4 CMakeFiles/Pico_Game_Controller.dir/home/anonxx/pico/pico-sdk/lib/tinyusb/src/device/usbd.c.obj
 .text.tud_mounted
                0x0000000010005610       0x10 CMakeFiles/Pico_Game_Controller.dir/home/anonxx/pico/pico-sdk/lib/tinyusb/src/device/usbd.c.obj
                0x0000000010005610                tud_mounted
 .text.tud_suspended
                0x0000000010005620       0x10 CMakeFiles/Pico_Game_Controller.dir/home/anonxx/pico/pico-sdk/lib/tinyusb/src/device/usbd.c.obj
                0x0000000010005620                tud_suspended
 .text.tud_init
                0x0000000010005630       0xb8 CMakeFiles/Pico_Game_Controller.dir/home/anonxx/pico/pico-sdk/lib/tinyusb/src/device/usbd.c.obj
                0x0000000010005630                tud_init
 .text.dcd_event_handler
                0x00000000100056e8      0x1c4 CMakeFiles/Pico_Game_Controller.dir/home/anonxx/pico/pico-sdk/lib/tinyusb/src/device/usbd.c.obj
                0x00000000100056e8                dcd_event_handler
 .text.dcd_event_bus_signal
                0x00000000100058ac       0x26 CMakeFiles/Pico_Game_Controller.dir/home/anonxx/pico/pico-sdk/lib/tinyusb/src/device/usbd.c.obj
                0x00000000100058ac                dcd_event_bus_signal
 .text.dcd_event_setup_received
                0x00000000100058d2       0x34 CMakeFiles/Pico_Game_Controller.dir/home/anonxx/pico/pico-sdk/lib/tinyusb/src/device/usbd.c.obj
                0x00000000100058d2                dcd_event_setup_received
 .text.dcd_event_xfer_complete
                0x0000000010005906       0x44 CMakeFiles/Pico_Game_Controller.dir/home/anonxx/pico/pico-sdk/lib/tinyusb/src/device/usbd.c.obj
                0x0000000010005906                dcd_event_xfer_complete
 .text.usbd_edpt_open
                0x000000001000594a        0x8 CMakeFiles/Pico_Game_Controller.dir/home/anonxx/pico/pico-sdk/lib/tinyusb/src/device/usbd.c.obj
                0x000000001000594a                usbd_edpt_open
 *fill*         0x0000000010005952        0x2 
 .text.usbd_open_edpt_pair
                0x0000000010005954       0x8c CMakeFiles/Pico_Game_Controller.dir/home/anonxx/pico/pico-sdk/lib/tinyusb/src/device/usbd.c.obj
                0x0000000010005954                usbd_open_edpt_pair
 .text.usbd_edpt_claim
                0x00000000100059e0       0x8c CMakeFiles/Pico_Game_Controller.dir/home/anonxx/pico/pico-sdk/lib/tinyusb/src/device/usbd.c.obj
                0x00000000100059e0                usbd_edpt_claim
 .text.usbd_edpt_xfer
                0x0000000010005a6c       0x80 CMakeFiles/Pico_Game_Controller.dir/home/anonxx/pico/pico-sdk/lib/tinyusb/src/device/usbd.c.obj
                0x0000000010005a6c                usbd_edpt_xfer
 .text.usbd_edpt_busy
                0x0000000010005aec       0x1c CMakeFiles/Pico_Game_Controller.dir/home/anonxx/pico/pico-sdk/lib/tinyusb/src/device/usbd.c.obj
                0x0000000010005aec                usbd_edpt_busy
 .text.usbd_edpt_stall
                0x0000000010005b08       0x2c CMakeFiles/Pico_Game_Controller.dir/home/anonxx/pico/pico-sdk/lib/tinyusb/src/device/usbd.c.obj
                0x0000000010005b08                usbd_edpt_stall
 .text.usbd_edpt_clear_stall
                0x0000000010005b34       0x2c CMakeFiles/Pico_Game_Controller.dir/home/anonxx/pico/pico-sdk/lib/tinyusb/src/device/usbd.c.obj
                0x0000000010005b34                usbd_edpt_clear_stall
 .text.usbd_edpt_stalled
                0x0000000010005b60       0x1c CMakeFiles/Pico_Game_Controller.dir/home/anonxx/pico/pico-sdk/lib/tinyusb/src/device/usbd.c.obj
                0x0000000010005b60                usbd_edpt_stalled
 .text.process_control_request
                0x0000000010005b7c      0x37c CMakeFiles/Pico_Game_Controller.dir/home/anonxx/pico/pico-sdk/lib/tinyusb/src/device/usbd.c.obj
 .text.tud_task
                0x0000000010005ef8      0x204 CMakeFiles/Pico_Game_Controller.dir/home/anonxx/pico/pico-sdk/lib/tinyusb/src/device/usbd.c.obj
                0x0000000010005ef8                tud_task
 .text._data_stage_xact
                0x00000000100060fc       0x58 CMakeFiles/Pico_Game_Controller.dir/home/anonxx/pico/pico-sdk/lib/tinyusb/src/device/usbd_control.c.obj
 .text.tud_control_status
                0x0000000010006154       0x38 CMakeFiles/Pico_Game_Controller.dir/home/anonxx/pico/pico-sdk/lib/tinyusb/src/device/usbd_control.c.obj
                0x0000000010006154                tud_control_status
 .text.tud_control_xfer
                0x000000001000618c       0xa8 CMakeFiles/Pico_Game_Controller.dir/home/anonxx/pico/pico-sdk/lib/tinyusb/src/device/usbd_control.c.obj
                0x000000001000618c                tud_control_xfer
 .text.usbd_control_reset
                0x0000000010006234       0x14 CMakeFiles/Pico_Game_Controller.dir/home/anonxx/pico/pico-sdk/lib/tinyusb/src/device/usbd_control.c.obj
                0x0000000010006234                usbd_control_reset
 .text.usbd_control_set_complete_callback
                0x0000000010006248        0xc CMakeFiles/Pico_Game_Controller.dir/home/anonxx/pico/pico-sdk/lib/tinyusb/src/device/usbd_control.c.obj
                0x0000000010006248                usbd_control_set_complete_callback
 .text.usbd_control_set_request
                0x0000000010006254       0x1c CMakeFiles/Pico_Game_Controller.dir/home/anonxx/pico/pico-sdk/lib/tinyusb/src/device/usbd_control.c.obj
                0x0000000010006254                usbd_control_set_request
 .text.usbd_control_xfer_cb
                0x0000000010006270       0xe8 CMakeFiles/Pico_Game_Controller.dir/home/anonxx/pico/pico-sdk/lib/tinyusb/src/device/usbd_control.c.obj
                0x0000000010006270                usbd_control_xfer_cb
 .text.tud_hid_n_ready
                0x0000000010006358       0x50 CMakeFiles/Pico_Game_Controller.dir/home/anonxx/pico/pico-sdk/lib/tinyusb/src/class/hid/hid_device.c.obj
                0x0000000010006358                tud_hid_n_ready
 .text.tud_hid_n_report
                0x00000000100063a8       0x84 CMakeFiles/Pico_Game_Controller.dir/home/anonxx/pico/pico-sdk/lib/tinyusb/src/class/hid/hid_device.c.obj
                0x00000000100063a8                tud_hid_n_report
 .text.tud_hid_n_keyboard_report
                0x000000001000642c       0x36 CMakeFiles/Pico_Game_Controller.dir/home/anonxx/pico/pico-sdk/lib/tinyusb/src/class/hid/hid_device.c.obj
                0x000000001000642c                tud_hid_n_keyboard_report
 *fill*         0x0000000010006462        0x2 
 .text.hidd_reset
                0x0000000010006464       0x14 CMakeFiles/Pico_Game_Controller.dir/home/anonxx/pico/pico-sdk/lib/tinyusb/src/class/hid/hid_device.c.obj
                0x0000000010006464                hidd_reset
 .text.hidd_init
                0x0000000010006478        0xa CMakeFiles/Pico_Game_Controller.dir/home/anonxx/pico/pico-sdk/lib/tinyusb/src/class/hid/hid_device.c.obj
                0x0000000010006478                hidd_init
 *fill*         0x0000000010006482        0x2 
 .text.hidd_open
                0x0000000010006484      0x100 CMakeFiles/Pico_Game_Controller.dir/home/anonxx/pico/pico-sdk/lib/tinyusb/src/class/hid/hid_device.c.obj
                0x0000000010006484                hidd_open
 .text.hidd_control_request
                0x0000000010006584      0x1d0 CMakeFiles/Pico_Game_Controller.dir/home/anonxx/pico/pico-sdk/lib/tinyusb/src/class/hid/hid_device.c.obj
                0x0000000010006584                hidd_control_request
 .text.hidd_control_complete
                0x0000000010006754       0x64 CMakeFiles/Pico_Game_Controller.dir/home/anonxx/pico/pico-sdk/lib/tinyusb/src/class/hid/hid_device.c.obj
                0x0000000010006754                hidd_control_complete
 .text.hidd_xfer_cb
                0x00000000100067b8       0x5c CMakeFiles/Pico_Game_Controller.dir/home/anonxx/pico/pico-sdk/lib/tinyusb/src/class/hid/hid_device.c.obj
                0x00000000100067b8                hidd_xfer_cb
 .text.tusb_init
                0x0000000010006814       0x38 CMakeFiles/Pico_Game_Controller.dir/home/anonxx/pico/pico-sdk/lib/tinyusb/src/tusb.c.obj
                0x0000000010006814                tusb_init
 .text.tusb_inited
                0x000000001000684c        0xc CMakeFiles/Pico_Game_Controller.dir/home/anonxx/pico/pico-sdk/lib/tinyusb/src/tusb.c.obj
                0x000000001000684c                tusb_inited
 .text.advance_pointer
                0x0000000010006858       0x1e CMakeFiles/Pico_Game_Controller.dir/home/anonxx/pico/pico-sdk/lib/tinyusb/src/common/tusb_fifo.c.obj
 .text.backward_pointer
                0x0000000010006876       0x1a CMakeFiles/Pico_Game_Controller.dir/home/anonxx/pico/pico-sdk/lib/tinyusb/src/common/tusb_fifo.c.obj
 .text.get_relative_pointer
                0x0000000010006890       0x16 CMakeFiles/Pico_Game_Controller.dir/home/anonxx/pico/pico-sdk/lib/tinyusb/src/common/tusb_fifo.c.obj
 .text.tu_fifo_lock
                0x00000000100068a6       0x12 CMakeFiles/Pico_Game_Controller.dir/home/anonxx/pico/pico-sdk/lib/tinyusb/src/common/tusb_fifo.c.obj
 .text.tu_fifo_unlock
                0x00000000100068b8        0xe CMakeFiles/Pico_Game_Controller.dir/home/anonxx/pico/pico-sdk/lib/tinyusb/src/common/tusb_fifo.c.obj
 .text._tu_fifo_peek_at
                0x00000000100068c6       0x66 CMakeFiles/Pico_Game_Controller.dir/home/anonxx/pico/pico-sdk/lib/tinyusb/src/common/tusb_fifo.c.obj
 .text.tu_fifo_read
                0x000000001000692c       0x3a CMakeFiles/Pico_Game_Controller.dir/home/anonxx/pico/pico-sdk/lib/tinyusb/src/common/tusb_fifo.c.obj
                0x000000001000692c                tu_fifo_read
 .text.tu_fifo_write
                0x0000000010006966       0x5c CMakeFiles/Pico_Game_Controller.dir/home/anonxx/pico/pico-sdk/lib/tinyusb/src/common/tusb_fifo.c.obj
                0x0000000010006966                tu_fifo_write
 .text.tu_fifo_clear
                0x00000000100069c2       0x18 CMakeFiles/Pico_Game_Controller.dir/home/anonxx/pico/pico-sdk/lib/tinyusb/src/common/tusb_fifo.c.obj
                0x00000000100069c2                tu_fifo_clear
 .text.board_init
                0x00000000100069da       0x18 CMakeFiles/Pico_Game_Controller.dir/home/anonxx/pico/pico-sdk/lib/tinyusb/hw/bsp/raspberry_pi_pico/board_raspberry_pi_pico.c.obj
                0x00000000100069da                board_init
 *fill*         0x00000000100069f2        0x2 
 .text._pio_can_add_program_at_offset
                0x00000000100069f4       0x3c CMakeFiles/Pico_Game_Controller.dir/home/anonxx/pico/pico-sdk/src/rp2_common/hardware_pio/pio.c.obj
 .text._pio_find_offset_for_program
                0x0000000010006a30       0x7c CMakeFiles/Pico_Game_Controller.dir/home/anonxx/pico/pico-sdk/src/rp2_common/hardware_pio/pio.c.obj
 .text._pio_add_program_at_offset
                0x0000000010006aac       0x78 CMakeFiles/Pico_Game_Controller.dir/home/anonxx/pico/pico-sdk/src/rp2_common/hardware_pio/pio.c.obj
 .text.pio_add_program
                0x0000000010006b24       0x38 CMakeFiles/Pico_Game_Controller.dir/home/anonxx/pico/pico-sdk/src/rp2_common/hardware_pio/pio.c.obj
                0x0000000010006b24                pio_add_program
 .text.pio_sm_set_consecutive_pindirs
                0x0000000010006b5c       0x70 CMakeFiles/Pico_Game_Controller.dir/home/anonxx/pico/pico-sdk/src/rp2_common/hardware_pio/pio.c.obj
                0x0000000010006b5c                pio_sm_set_consecutive_pindirs
 .text.pio_sm_init
                0x0000000010006bcc       0xa8 CMakeFiles/Pico_Game_Controller.dir/home/anonxx/pico/pico-sdk/src/rp2_common/hardware_pio/pio.c.obj
                0x0000000010006bcc                pio_sm_init
 .text.i2c_write_blocking_internal
                0x0000000010006c74       0xf6 CMakeFiles/Pico_Game_Controller.dir/home/anonxx/pico/pico-sdk/src/rp2_common/hardware_i2c/i2c.c.obj
 .text.i2c_read_blocking_internal
                0x0000000010006d6a       0xe0 CMakeFiles/Pico_Game_Controller.dir/home/anonxx/pico/pico-sdk/src/rp2_common/hardware_i2c/i2c.c.obj
 .text.i2c_set_baudrate
                0x0000000010006e4a       0x68 CMakeFiles/Pico_Game_Controller.dir/home/anonxx/pico/pico-sdk/src/rp2_common/hardware_i2c/i2c.c.obj
                0x0000000010006e4a                i2c_set_baudrate
 *fill*         0x0000000010006eb2        0x2 
 .text.i2c_init
                0x0000000010006eb4       0x54 CMakeFiles/Pico_Game_Controller.dir/home/anonxx/pico/pico-sdk/src/rp2_common/hardware_i2c/i2c.c.obj
                0x0000000010006eb4                i2c_init
 .text.i2c_write_blocking
                0x0000000010006f08       0x18 CMakeFiles/Pico_Game_Controller.dir/home/anonxx/pico/pico-sdk/src/rp2_common/hardware_i2c/i2c.c.obj
                0x0000000010006f08                i2c_write_blocking
 .text.i2c_read_blocking
                0x0000000010006f20       0x18 CMakeFiles/Pico_Game_Controller.dir/home/anonxx/pico/pico-sdk/src/rp2_common/hardware_i2c/i2c.c.obj
                0x0000000010006f20                i2c_read_blocking
 .text.adc_init
                0x0000000010006f38       0x34 CMakeFiles/Pico_Game_Controller.dir/home/anonxx/pico/pico-sdk/src/rp2_common/hardware_adc/adc.c.obj
                0x0000000010006f38                adc_init
 .text          0x0000000010006f6c       0x68 /usr/lib/gcc/arm-none-eabi/9.2.1/../../../arm-none-eabi/lib/thumb/v6-m/nofp/libg.a(lib_a-strlen-stub.o)
                0x0000000010006f6c                strlen
 *(.fini)
 .fini          0x0000000010006fd4        0x4 /usr/lib/gcc/arm-none-eabi/9.2.1/thumb/v6-m/nofp/crti.o
                0x0000000010006fd4                _fini
 .fini.__stub   0x0000000010006fd8       0x60 linker stubs
 *crtbegin.o(.ctors)
 *crtbegin?.o(.ctors)
 *(EXCLUDE_FILE(*crtend.o *crtend?.o) .ctors)
 *(SORT_BY_NAME(.ctors.*))
 *(.ctors)
 *crtbegin.o(.dtors)
 *crtbegin?.o(.dtors)
 *(EXCLUDE_FILE(*crtend.o *crtend?.o) .dtors)
 *(SORT_BY_NAME(.dtors.*))
 *(.dtors)
 *(.eh_frame*)
 .eh_frame      0x0000000010007038        0x0 /usr/lib/gcc/arm-none-eabi/9.2.1/thumb/v6-m/nofp/crtbegin.o
                0x0000000010007038                . = ALIGN (0x4)

.glue_7         0x0000000010007038        0x0
 .glue_7        0x0000000010007038        0x0 linker stubs

.glue_7t        0x0000000010007038        0x0
 .glue_7t       0x0000000010007038        0x0 linker stubs

.vfp11_veneer   0x0000000010007038        0x0
 .vfp11_veneer  0x0000000010007038        0x0 linker stubs

.v4_bx          0x0000000010007038        0x0
 .v4_bx         0x0000000010007038        0x0 linker stubs

.iplt           0x0000000010007038        0x0
 .iplt          0x0000000010007038        0x0 /usr/lib/gcc/arm-none-eabi/9.2.1/thumb/v6-m/nofp/crtbegin.o

.rodata         0x0000000010007038     0x161c
 *(EXCLUDE_FILE(*libm.a: *libc.a:*lib_a-mem*.o *libgcc.a:) .rodata*)
 .rodata.init.str1.4
                0x0000000010007038       0x83 CMakeFiles/Pico_Game_Controller.dir/pico_game_controller.c.obj
 *fill*         0x00000000100070bb        0x1 
 .rodata.ENC_GPIO
                0x00000000100070bc        0x2 CMakeFiles/Pico_Game_Controller.dir/pico_game_controller.c.obj
                0x00000000100070bc                ENC_GPIO
 *fill*         0x00000000100070be        0x2 
 .rodata.SW_KEYCODE
                0x00000000100070c0        0xa CMakeFiles/Pico_Game_Controller.dir/pico_game_controller.c.obj
                0x00000000100070c0                SW_KEYCODE
 *fill*         0x00000000100070ca        0x2 
 .rodata.__bi_273.8808
                0x00000000100070cc        0x8 CMakeFiles/Pico_Game_Controller.dir/pico_game_controller.c.obj
 .rodata.__func__.8252
                0x00000000100070d4       0x18 CMakeFiles/Pico_Game_Controller.dir/pico_game_controller.c.obj
 .rodata.__func__.8257
                0x00000000100070ec       0x1c CMakeFiles/Pico_Game_Controller.dir/pico_game_controller.c.obj
 .rodata.encoders_program
                0x0000000010007108        0x6 CMakeFiles/Pico_Game_Controller.dir/pico_game_controller.c.obj
 *fill*         0x000000001000710e        0x2 
 .rodata.encoders_program_instructions
                0x0000000010007110       0x2e CMakeFiles/Pico_Game_Controller.dir/pico_game_controller.c.obj
 *fill*         0x000000001000713e        0x2 
 .rodata.str1.4
                0x0000000010007140       0x1f CMakeFiles/Pico_Game_Controller.dir/usb_descriptors.c.obj
 *fill*         0x000000001000715f        0x1 
 .rodata.__compound_literal.0
                0x0000000010007160        0x2 CMakeFiles/Pico_Game_Controller.dir/usb_descriptors.c.obj
 *fill*         0x0000000010007162        0x2 
 .rodata.desc_configuration
                0x0000000010007164       0x22 CMakeFiles/Pico_Game_Controller.dir/usb_descriptors.c.obj
                0x0000000010007164                desc_configuration
 *fill*         0x0000000010007186        0x2 
 .rodata.desc_device
                0x0000000010007188       0x12 CMakeFiles/Pico_Game_Controller.dir/usb_descriptors.c.obj
                0x0000000010007188                desc_device
 *fill*         0x000000001000719a        0x2 
 .rodata.desc_hid_report
                0x000000001000719c       0x90 CMakeFiles/Pico_Game_Controller.dir/usb_descriptors.c.obj
                0x000000001000719c                desc_hid_report
 .rodata.spin_lock_claim_unused.str1.4
                0x000000001000722c       0x1b CMakeFiles/Pico_Game_Controller.dir/home/anonxx/pico/pico-sdk/src/rp2_common/hardware_sync/sync.c.obj
 *fill*         0x0000000010007247        0x1 
 .rodata.repeating_timer_callback.str1.4
                0x0000000010007248       0x4b CMakeFiles/Pico_Game_Controller.dir/home/anonxx/pico/pico-sdk/src/common/pico_time/time.c.obj
 *fill*         0x0000000010007293        0x1 
 .rodata.alarm_pool_dump_key.str1.4
                0x0000000010007294       0x33 CMakeFiles/Pico_Game_Controller.dir/home/anonxx/pico/pico-sdk/src/common/pico_time/time.c.obj
 *fill*         0x00000000100072c7        0x1 
 .rodata.ph_add_child_node.str1.4
                0x00000000100072c8       0x96 CMakeFiles/Pico_Game_Controller.dir/home/anonxx/pico/pico-sdk/src/common/pico_time/time.c.obj
 *fill*         0x000000001000735e        0x2 
 .rodata.add_alarm_under_lock.str1.4
                0x0000000010007360       0x28 CMakeFiles/Pico_Game_Controller.dir/home/anonxx/pico/pico-sdk/src/common/pico_time/time.c.obj
                                         0x2b (size before relaxing)
 .rodata.alarm_pool_alarm_callback.str1.4
                0x0000000010007388       0xe6 CMakeFiles/Pico_Game_Controller.dir/home/anonxx/pico/pico-sdk/src/common/pico_time/time.c.obj
 *fill*         0x000000001000746e        0x2 
 .rodata.alarm_pool_get_default.str1.4
                0x0000000010007470       0x21 CMakeFiles/Pico_Game_Controller.dir/home/anonxx/pico/pico-sdk/src/common/pico_time/time.c.obj
 *fill*         0x0000000010007491        0x3 
 .rodata.alarm_pool_cancel_alarm.str1.4
                0x0000000010007494       0x27 CMakeFiles/Pico_Game_Controller.dir/home/anonxx/pico/pico-sdk/src/common/pico_time/time.c.obj
 *fill*         0x00000000100074bb        0x1 
 .rodata.__func__.5635
                0x00000000100074bc       0x15 CMakeFiles/Pico_Game_Controller.dir/home/anonxx/pico/pico-sdk/src/common/pico_time/time.c.obj
 *fill*         0x00000000100074d1        0x3 
 .rodata.__func__.5932
                0x00000000100074d4        0xc CMakeFiles/Pico_Game_Controller.dir/home/anonxx/pico/pico-sdk/src/common/pico_time/time.c.obj
 .rodata.__func__.5939
                0x00000000100074e0       0x12 CMakeFiles/Pico_Game_Controller.dir/home/anonxx/pico/pico-sdk/src/common/pico_time/time.c.obj
 *fill*         0x00000000100074f2        0x2 
 .rodata.__func__.5955
                0x00000000100074f4        0xf CMakeFiles/Pico_Game_Controller.dir/home/anonxx/pico/pico-sdk/src/common/pico_time/time.c.obj
 *fill*         0x0000000010007503        0x1 
 .rodata.__func__.5977
                0x0000000010007504        0xd CMakeFiles/Pico_Game_Controller.dir/home/anonxx/pico/pico-sdk/src/common/pico_time/time.c.obj
 *fill*         0x0000000010007511        0x3 
 .rodata.__func__.6096
                0x0000000010007514        0xa CMakeFiles/Pico_Game_Controller.dir/home/anonxx/pico/pico-sdk/src/common/pico_time/time.c.obj
 *fill*         0x000000001000751e        0x2 
 .rodata.__func__.6101
                0x0000000010007520       0x12 CMakeFiles/Pico_Game_Controller.dir/home/anonxx/pico/pico-sdk/src/common/pico_time/time.c.obj
 *fill*         0x0000000010007532        0x2 
 .rodata.__func__.6116
                0x0000000010007534       0x17 CMakeFiles/Pico_Game_Controller.dir/home/anonxx/pico/pico-sdk/src/common/pico_time/time.c.obj
 *fill*         0x000000001000754b        0x1 
 .rodata.__func__.6127
                0x000000001000754c       0x15 CMakeFiles/Pico_Game_Controller.dir/home/anonxx/pico/pico-sdk/src/common/pico_time/time.c.obj
 *fill*         0x0000000010007561        0x3 
 .rodata.__func__.6144
                0x0000000010007564       0x1a CMakeFiles/Pico_Game_Controller.dir/home/anonxx/pico/pico-sdk/src/common/pico_time/time.c.obj
 *fill*         0x000000001000757e        0x2 
 .rodata.__func__.6183
                0x0000000010007580       0x18 CMakeFiles/Pico_Game_Controller.dir/home/anonxx/pico/pico-sdk/src/common/pico_time/time.c.obj
 .rodata.hardware_alarm_claim.str1.4
                0x0000000010007598       0x22 CMakeFiles/Pico_Game_Controller.dir/home/anonxx/pico/pico-sdk/src/rp2_common/hardware_timer/timer.c.obj
 *fill*         0x00000000100075ba        0x2 
 .rodata.hardware_alarm_set_target.str1.4
                0x00000000100075bc       0x65 CMakeFiles/Pico_Game_Controller.dir/home/anonxx/pico/pico-sdk/src/rp2_common/hardware_timer/timer.c.obj
 *fill*         0x0000000010007621        0x3 
 .rodata.__func__.4535
                0x0000000010007624       0x1a CMakeFiles/Pico_Game_Controller.dir/home/anonxx/pico/pico-sdk/src/rp2_common/hardware_timer/timer.c.obj
 *fill*         0x000000001000763e        0x2 
 .rodata.str1.4
                0x0000000010007640       0x5c CMakeFiles/Pico_Game_Controller.dir/home/anonxx/pico/pico-sdk/src/common/pico_sync/mutex.c.obj
                                         0xc0 (size before relaxing)
 .rodata.__func__.4193
                0x000000001000769c       0x15 CMakeFiles/Pico_Game_Controller.dir/home/anonxx/pico/pico-sdk/src/common/pico_sync/mutex.c.obj
 *fill*         0x00000000100076b1        0x3 
 .rodata.__func__.4590
                0x00000000100076b4       0x15 CMakeFiles/Pico_Game_Controller.dir/home/anonxx/pico/pico-sdk/src/common/pico_sync/mutex.c.obj
 *fill*         0x00000000100076c9        0x3 
 .rodata.__func__.4609
                0x00000000100076cc       0x18 CMakeFiles/Pico_Game_Controller.dir/home/anonxx/pico/pico-sdk/src/common/pico_sync/mutex.c.obj
 .rodata.__func__.4618
                0x00000000100076e4        0xb CMakeFiles/Pico_Game_Controller.dir/home/anonxx/pico/pico-sdk/src/common/pico_sync/mutex.c.obj
 .rodata.ph_add_child_node.str1.4
                0x00000000100076ef       0x96 CMakeFiles/Pico_Game_Controller.dir/home/anonxx/pico/pico-sdk/src/common/pico_util/pheap.c.obj
 *fill*         0x00000000100076ef        0x1 
 .rodata.ph_remove_any_head.str1.4
                0x00000000100076f0       0x8c CMakeFiles/Pico_Game_Controller.dir/home/anonxx/pico/pico-sdk/src/common/pico_util/pheap.c.obj
 .rodata.ph_remove_and_free_node.str1.4
                0x000000001000777c       0x26 CMakeFiles/Pico_Game_Controller.dir/home/anonxx/pico/pico-sdk/src/common/pico_util/pheap.c.obj
 *fill*         0x00000000100077a2        0x2 
 .rodata.__func__.5708
                0x00000000100077a4        0xc CMakeFiles/Pico_Game_Controller.dir/home/anonxx/pico/pico-sdk/src/common/pico_util/pheap.c.obj
 .rodata.__func__.5715
                0x00000000100077b0       0x12 CMakeFiles/Pico_Game_Controller.dir/home/anonxx/pico/pico-sdk/src/common/pico_util/pheap.c.obj
 *fill*         0x00000000100077c2        0x2 
 .rodata.__func__.5801
                0x00000000100077c4       0x13 CMakeFiles/Pico_Game_Controller.dir/home/anonxx/pico/pico-sdk/src/common/pico_util/pheap.c.obj
 *fill*         0x00000000100077d7        0x1 
 .rodata.__func__.5819
                0x00000000100077d8       0x18 CMakeFiles/Pico_Game_Controller.dir/home/anonxx/pico/pico-sdk/src/common/pico_util/pheap.c.obj
 .rodata.__assert_func.str1.4
                0x00000000100077f0       0x3f CMakeFiles/Pico_Game_Controller.dir/home/anonxx/pico/pico-sdk/src/rp2_common/pico_runtime/runtime.c.obj
                                         0x43 (size before relaxing)
 *fill*         0x000000001000782f        0x1 
 .rodata.panic.str1.4
                0x0000000010007830       0x12 CMakeFiles/Pico_Game_Controller.dir/home/anonxx/pico/pico-sdk/src/rp2_common/pico_runtime/runtime.c.obj
 *fill*         0x0000000010007842        0x2 
 .rodata.clock_configure.str1.4
                0x0000000010007844       0x57 CMakeFiles/Pico_Game_Controller.dir/home/anonxx/pico/pico-sdk/src/rp2_common/hardware_clocks/clocks.c.obj
 *fill*         0x000000001000789b        0x1 
 .rodata.__func__.4655
                0x000000001000789c       0x10 CMakeFiles/Pico_Game_Controller.dir/home/anonxx/pico/pico-sdk/src/rp2_common/hardware_clocks/clocks.c.obj
 .rodata.pll_init.str1.4
                0x00000000100078ac       0xdb CMakeFiles/Pico_Game_Controller.dir/home/anonxx/pico/pico-sdk/src/rp2_common/hardware_pll/pll.c.obj
 *fill*         0x0000000010007987        0x1 
 .rodata.__func__.4385
                0x0000000010007988        0x9 CMakeFiles/Pico_Game_Controller.dir/home/anonxx/pico/pico-sdk/src/rp2_common/hardware_pll/pll.c.obj
 *fill*         0x0000000010007991        0x3 
 .rodata.make_branch.str1.4
                0x0000000010007994       0x4d CMakeFiles/Pico_Game_Controller.dir/home/anonxx/pico/pico-sdk/src/rp2_common/hardware_irq/irq.c.obj
 *fill*         0x00000000100079e1        0x3 
 .rodata.irq_set_exclusive_handler.str1.4
                0x00000000100079e4       0x36 CMakeFiles/Pico_Game_Controller.dir/home/anonxx/pico/pico-sdk/src/rp2_common/hardware_irq/irq.c.obj
 *fill*         0x0000000010007a1a        0x2 
 .rodata.irq_add_shared_handler.str1.4
                0x0000000010007a1c       0xd9 CMakeFiles/Pico_Game_Controller.dir/home/anonxx/pico/pico-sdk/src/rp2_common/hardware_irq/irq.c.obj
 *fill*         0x0000000010007af5        0x3 
 .rodata.irq_remove_handler.str1.4
                0x0000000010007af8       0x2a CMakeFiles/Pico_Game_Controller.dir/home/anonxx/pico/pico-sdk/src/rp2_common/hardware_irq/irq.c.obj
 *fill*         0x0000000010007b22        0x2 
 .rodata.irq_add_tail_to_free_list.str1.4
                0x0000000010007b24       0x32 CMakeFiles/Pico_Game_Controller.dir/home/anonxx/pico/pico-sdk/src/rp2_common/hardware_irq/irq.c.obj
                                         0x3a (size before relaxing)
 *fill*         0x0000000010007b56        0x2 
 .rodata.__func__.4494
                0x0000000010007b58       0x1a CMakeFiles/Pico_Game_Controller.dir/home/anonxx/pico/pico-sdk/src/rp2_common/hardware_irq/irq.c.obj
 *fill*         0x0000000010007b72        0x2 
 .rodata.__func__.4508
                0x0000000010007b74        0xc CMakeFiles/Pico_Game_Controller.dir/home/anonxx/pico/pico-sdk/src/rp2_common/hardware_irq/irq.c.obj
 .rodata.__func__.4516
                0x0000000010007b80       0x17 CMakeFiles/Pico_Game_Controller.dir/home/anonxx/pico/pico-sdk/src/rp2_common/hardware_irq/irq.c.obj
 *fill*         0x0000000010007b97        0x1 
 .rodata.__func__.4520
                0x0000000010007b98        0xf CMakeFiles/Pico_Game_Controller.dir/home/anonxx/pico/pico-sdk/src/rp2_common/hardware_irq/irq.c.obj
 *fill*         0x0000000010007ba7        0x1 
 .rodata.__func__.4559
                0x0000000010007ba8       0x13 CMakeFiles/Pico_Game_Controller.dir/home/anonxx/pico/pico-sdk/src/rp2_common/hardware_irq/irq.c.obj
 *fill*         0x0000000010007bbb        0x1 
 .rodata.__func__.4578
                0x0000000010007bbc       0x1a CMakeFiles/Pico_Game_Controller.dir/home/anonxx/pico/pico-sdk/src/rp2_common/hardware_irq/irq.c.obj
 *fill*         0x0000000010007bd6        0x2 
 .rodata._ftoa.str1.4
                0x0000000010007bd8       0x15 CMakeFiles/Pico_Game_Controller.dir/home/anonxx/pico/pico-sdk/src/rp2_common/pico_printf/printf.c.obj
 *fill*         0x0000000010007bed        0x3 
 .rodata._vsnprintf
                0x0000000010007bf0      0x1e0 CMakeFiles/Pico_Game_Controller.dir/home/anonxx/pico/pico-sdk/src/rp2_common/pico_printf/printf.c.obj
 .rodata.pow10.5422
                0x0000000010007dd0       0x50 CMakeFiles/Pico_Game_Controller.dir/home/anonxx/pico/pico-sdk/src/rp2_common/pico_printf/printf.c.obj
 .rodata.__aeabi_double_init.str1.4
                0x0000000010007e20       0xa8 CMakeFiles/Pico_Game_Controller.dir/home/anonxx/pico/pico-sdk/src/rp2_common/pico_double/double_init_rom.c.obj
 .rodata.__func__.4668
                0x0000000010007ec8       0x14 CMakeFiles/Pico_Game_Controller.dir/home/anonxx/pico/pico-sdk/src/rp2_common/pico_double/double_init_rom.c.obj
 .rodata.__aeabi_float_init.str1.4
                0x0000000010007edc       0x7a CMakeFiles/Pico_Game_Controller.dir/home/anonxx/pico/pico-sdk/src/rp2_common/pico_float/float_init_rom.c.obj
                                         0x7e (size before relaxing)
 *fill*         0x0000000010007f56        0x2 
 .rodata.__func__.4670
                0x0000000010007f58       0x13 CMakeFiles/Pico_Game_Controller.dir/home/anonxx/pico/pico-sdk/src/rp2_common/pico_float/float_init_rom.c.obj
 *fill*         0x0000000010007f6b        0x1 
 .rodata.str1.4
                0x0000000010007f6c       0x4c CMakeFiles/Pico_Game_Controller.dir/home/anonxx/pico/pico-sdk/src/rp2_common/pico_standard_link/binary_info.c.obj
 .rodata.__bi_44
                0x0000000010007fb8        0xc CMakeFiles/Pico_Game_Controller.dir/home/anonxx/pico/pico-sdk/src/rp2_common/pico_standard_link/binary_info.c.obj
 .rodata.__bi_75
                0x0000000010007fc4        0xc CMakeFiles/Pico_Game_Controller.dir/home/anonxx/pico/pico-sdk/src/rp2_common/pico_standard_link/binary_info.c.obj
 .rodata.__bi_81
                0x0000000010007fd0        0xc CMakeFiles/Pico_Game_Controller.dir/home/anonxx/pico/pico-sdk/src/rp2_common/pico_standard_link/binary_info.c.obj
 .rodata.crlf_str.5993
                0x0000000010007fdc        0x2 CMakeFiles/Pico_Game_Controller.dir/home/anonxx/pico/pico-sdk/src/rp2_common/pico_stdio/stdio.c.obj
 *fill*         0x0000000010007fde        0x2 
 .rodata.str1.4
                0x0000000010007fe0       0x2c CMakeFiles/Pico_Game_Controller.dir/home/anonxx/pico/pico-sdk/src/rp2_common/pico_stdio_uart/stdio_uart.c.obj
 .rodata.__bi_28.4706
                0x000000001000800c        0xc CMakeFiles/Pico_Game_Controller.dir/home/anonxx/pico/pico-sdk/src/rp2_common/pico_stdio_uart/stdio_uart.c.obj
 .rodata.__bi_29.4710
                0x0000000010008018        0x8 CMakeFiles/Pico_Game_Controller.dir/home/anonxx/pico/pico-sdk/src/rp2_common/pico_stdio_uart/stdio_uart.c.obj
 .rodata._hw_endpoint_alloc.str1.4
                0x0000000010008020       0xb5 CMakeFiles/Pico_Game_Controller.dir/home/anonxx/pico/pico-sdk/lib/tinyusb/src/portable/raspberrypi/rp2040/dcd_rp2040.c.obj
 *fill*         0x00000000100080d5        0x3 
 .rodata._hw_endpoint_init.str1.4
                0x00000000100080d8       0x28 CMakeFiles/Pico_Game_Controller.dir/home/anonxx/pico/pico-sdk/lib/tinyusb/src/portable/raspberrypi/rp2040/dcd_rp2040.c.obj
 .rodata.hw_handle_buff_status.str1.4
                0x0000000010008100        0xb CMakeFiles/Pico_Game_Controller.dir/home/anonxx/pico/pico-sdk/lib/tinyusb/src/portable/raspberrypi/rp2040/dcd_rp2040.c.obj
 *fill*         0x000000001000810b        0x1 
 .rodata.dcd_rp2040_irq.str1.4
                0x000000001000810c       0x14 CMakeFiles/Pico_Game_Controller.dir/home/anonxx/pico/pico-sdk/lib/tinyusb/src/portable/raspberrypi/rp2040/dcd_rp2040.c.obj
 .rodata._hw_endpoint_stall.str1.4
                0x0000000010008120        0xd CMakeFiles/Pico_Game_Controller.dir/home/anonxx/pico/pico-sdk/lib/tinyusb/src/portable/raspberrypi/rp2040/dcd_rp2040.c.obj
 *fill*         0x000000001000812d        0x3 
 .rodata.dcd_int_enable.str1.4
                0x0000000010008130        0xc CMakeFiles/Pico_Game_Controller.dir/home/anonxx/pico/pico-sdk/lib/tinyusb/src/portable/raspberrypi/rp2040/dcd_rp2040.c.obj
 .rodata.__func__.6769
                0x000000001000813c       0x13 CMakeFiles/Pico_Game_Controller.dir/home/anonxx/pico/pico-sdk/lib/tinyusb/src/portable/raspberrypi/rp2040/dcd_rp2040.c.obj
 *fill*         0x000000001000814f        0x1 
 .rodata.__func__.6800
                0x0000000010008150       0x16 CMakeFiles/Pico_Game_Controller.dir/home/anonxx/pico/pico-sdk/lib/tinyusb/src/portable/raspberrypi/rp2040/dcd_rp2040.c.obj
 *fill*         0x0000000010008166        0x2 
 .rodata.__func__.6821
                0x0000000010008168       0x13 CMakeFiles/Pico_Game_Controller.dir/home/anonxx/pico/pico-sdk/lib/tinyusb/src/portable/raspberrypi/rp2040/dcd_rp2040.c.obj
 *fill*         0x000000001000817b        0x1 
 .rodata.__func__.6842
                0x000000001000817c        0x9 CMakeFiles/Pico_Game_Controller.dir/home/anonxx/pico/pico-sdk/lib/tinyusb/src/portable/raspberrypi/rp2040/dcd_rp2040.c.obj
 *fill*         0x0000000010008185        0x3 
 .rodata.__func__.6846
                0x0000000010008188        0xf CMakeFiles/Pico_Game_Controller.dir/home/anonxx/pico/pico-sdk/lib/tinyusb/src/portable/raspberrypi/rp2040/dcd_rp2040.c.obj
 *fill*         0x0000000010008197        0x1 
 .rodata.__func__.6855
                0x0000000010008198       0x10 CMakeFiles/Pico_Game_Controller.dir/home/anonxx/pico/pico-sdk/lib/tinyusb/src/portable/raspberrypi/rp2040/dcd_rp2040.c.obj
 .rodata.__func__.6867
                0x00000000100081a8        0xc CMakeFiles/Pico_Game_Controller.dir/home/anonxx/pico/pico-sdk/lib/tinyusb/src/portable/raspberrypi/rp2040/dcd_rp2040.c.obj
 .rodata.__func__.6872
                0x00000000100081b4       0x1a CMakeFiles/Pico_Game_Controller.dir/home/anonxx/pico/pico-sdk/lib/tinyusb/src/portable/raspberrypi/rp2040/dcd_rp2040.c.obj
 *fill*         0x00000000100081ce        0x2 
 .rodata.__func__.6877
                0x00000000100081d0        0xe CMakeFiles/Pico_Game_Controller.dir/home/anonxx/pico/pico-sdk/lib/tinyusb/src/portable/raspberrypi/rp2040/dcd_rp2040.c.obj
 *fill*         0x00000000100081de        0x2 
 .rodata.__func__.6884
                0x00000000100081e0        0xe CMakeFiles/Pico_Game_Controller.dir/home/anonxx/pico/pico-sdk/lib/tinyusb/src/portable/raspberrypi/rp2040/dcd_rp2040.c.obj
 *fill*         0x00000000100081ee        0x2 
 .rodata.__func__.6889
                0x00000000100081f0        0xf CMakeFiles/Pico_Game_Controller.dir/home/anonxx/pico/pico-sdk/lib/tinyusb/src/portable/raspberrypi/rp2040/dcd_rp2040.c.obj
 *fill*         0x00000000100081ff        0x1 
 .rodata.__func__.6894
                0x0000000010008200       0x15 CMakeFiles/Pico_Game_Controller.dir/home/anonxx/pico/pico-sdk/lib/tinyusb/src/portable/raspberrypi/rp2040/dcd_rp2040.c.obj
 *fill*         0x0000000010008215        0x3 
 .rodata._hw_endpoint_buffer_control_update32.str1.4
                0x0000000010008218       0x1f CMakeFiles/Pico_Game_Controller.dir/home/anonxx/pico/pico-sdk/lib/tinyusb/src/portable/raspberrypi/rp2040/rp2040_usb.c.obj
 *fill*         0x0000000010008237        0x1 
 .rodata._hw_endpoint_xfer_sync.str1.4
                0x0000000010008238       0x91 CMakeFiles/Pico_Game_Controller.dir/home/anonxx/pico/pico-sdk/lib/tinyusb/src/portable/raspberrypi/rp2040/rp2040_usb.c.obj
 *fill*         0x00000000100082c9        0x3 
 .rodata._hw_endpoint_xfer_continue.str1.4
                0x00000000100082cc       0x50 CMakeFiles/Pico_Game_Controller.dir/home/anonxx/pico/pico-sdk/lib/tinyusb/src/portable/raspberrypi/rp2040/rp2040_usb.c.obj
 .rodata._hw_endpoint_xfer.str1.4
                0x000000001000831c        0xf CMakeFiles/Pico_Game_Controller.dir/home/anonxx/pico/pico-sdk/lib/tinyusb/src/portable/raspberrypi/rp2040/rp2040_usb.c.obj
 .rodata.str1.4
                0x000000001000832b        0xf CMakeFiles/Pico_Game_Controller.dir/home/anonxx/pico/pico-sdk/lib/tinyusb/src/portable/raspberrypi/rp2040/rp2040_usb.c.obj
                                          0x7 (size before relaxing)
 *fill*         0x000000001000832b        0x1 
 .rodata.__func__.6627
                0x000000001000832c       0x17 CMakeFiles/Pico_Game_Controller.dir/home/anonxx/pico/pico-sdk/lib/tinyusb/src/portable/raspberrypi/rp2040/rp2040_usb.c.obj
 *fill*         0x0000000010008343        0x1 
 .rodata.__func__.6638
                0x0000000010008344       0x12 CMakeFiles/Pico_Game_Controller.dir/home/anonxx/pico/pico-sdk/lib/tinyusb/src/portable/raspberrypi/rp2040/rp2040_usb.c.obj
 *fill*         0x0000000010008356        0x2 
 .rodata.process_set_config.str1.4
                0x0000000010008358       0x17 CMakeFiles/Pico_Game_Controller.dir/home/anonxx/pico/pico-sdk/lib/tinyusb/src/device/usbd.c.obj
 *fill*         0x000000001000836f        0x1 
 .rodata.process_get_descriptor
                0x0000000010008370       0x40 CMakeFiles/Pico_Game_Controller.dir/home/anonxx/pico/pico-sdk/lib/tinyusb/src/device/usbd.c.obj
 .rodata.dcd_event_handler.str1.4
                0x00000000100083b0       0x4c CMakeFiles/Pico_Game_Controller.dir/home/anonxx/pico/pico-sdk/lib/tinyusb/src/device/usbd.c.obj
 .rodata.process_control_request
                0x00000000100083fc       0x28 CMakeFiles/Pico_Game_Controller.dir/home/anonxx/pico/pico-sdk/lib/tinyusb/src/device/usbd.c.obj
 .rodata.tud_task
                0x0000000010008424       0x24 CMakeFiles/Pico_Game_Controller.dir/home/anonxx/pico/pico-sdk/lib/tinyusb/src/device/usbd.c.obj
 .rodata.__func__.6387
                0x0000000010008448       0x13 CMakeFiles/Pico_Game_Controller.dir/home/anonxx/pico/pico-sdk/lib/tinyusb/src/device/usbd.c.obj
 *fill*         0x000000001000845b        0x1 
 .rodata.__func__.6394
                0x000000001000845c       0x10 CMakeFiles/Pico_Game_Controller.dir/home/anonxx/pico/pico-sdk/lib/tinyusb/src/device/usbd.c.obj
 .rodata.__func__.7131
                0x000000001000846c        0x9 CMakeFiles/Pico_Game_Controller.dir/home/anonxx/pico/pico-sdk/lib/tinyusb/src/device/usbd.c.obj
 *fill*         0x0000000010008475        0x3 
 .rodata.__func__.7152
                0x0000000010008478       0x18 CMakeFiles/Pico_Game_Controller.dir/home/anonxx/pico/pico-sdk/lib/tinyusb/src/device/usbd.c.obj
 .rodata.__func__.7191
                0x0000000010008490       0x13 CMakeFiles/Pico_Game_Controller.dir/home/anonxx/pico/pico-sdk/lib/tinyusb/src/device/usbd.c.obj
 *fill*         0x00000000100084a3        0x1 
 .rodata.__func__.7234
                0x00000000100084a4       0x17 CMakeFiles/Pico_Game_Controller.dir/home/anonxx/pico/pico-sdk/lib/tinyusb/src/device/usbd.c.obj
 *fill*         0x00000000100084bb        0x1 
 .rodata.__func__.7288
                0x00000000100084bc       0x14 CMakeFiles/Pico_Game_Controller.dir/home/anonxx/pico/pico-sdk/lib/tinyusb/src/device/usbd.c.obj
 .rodata.__func__.7324
                0x00000000100084d0        0xf CMakeFiles/Pico_Game_Controller.dir/home/anonxx/pico/pico-sdk/lib/tinyusb/src/device/usbd.c.obj
 *fill*         0x00000000100084df        0x1 
 .rodata._usbd_driver
                0x00000000100084e0       0x1c CMakeFiles/Pico_Game_Controller.dir/home/anonxx/pico/pico-sdk/lib/tinyusb/src/device/usbd.c.obj
 .rodata.tud_control_xfer.str1.4
                0x00000000100084fc       0x17 CMakeFiles/Pico_Game_Controller.dir/home/anonxx/pico/pico-sdk/lib/tinyusb/src/device/usbd_control.c.obj
 .rodata.__func__.7051
                0x00000000100084fc       0x11 CMakeFiles/Pico_Game_Controller.dir/home/anonxx/pico/pico-sdk/lib/tinyusb/src/device/usbd_control.c.obj
 *fill*         0x000000001000850d        0x3 
 .rodata.__func__.7069
                0x0000000010008510       0x15 CMakeFiles/Pico_Game_Controller.dir/home/anonxx/pico/pico-sdk/lib/tinyusb/src/device/usbd_control.c.obj
 *fill*         0x0000000010008525        0x3 
 .rodata.hidd_open.str1.4
                0x0000000010008528       0x11 CMakeFiles/Pico_Game_Controller.dir/home/anonxx/pico/pico-sdk/lib/tinyusb/src/class/hid/hid_device.c.obj
                                         0x29 (size before relaxing)
 *fill*         0x0000000010008539        0x3 
 .rodata.hidd_control_request
                0x000000001000853c       0x30 CMakeFiles/Pico_Game_Controller.dir/home/anonxx/pico/pico-sdk/lib/tinyusb/src/class/hid/hid_device.c.obj
 .rodata.__PRETTY_FUNCTION__.6993
                0x000000001000856c        0xa CMakeFiles/Pico_Game_Controller.dir/home/anonxx/pico/pico-sdk/lib/tinyusb/src/class/hid/hid_device.c.obj
 *fill*         0x0000000010008576        0x2 
 .rodata.__func__.6986
                0x0000000010008578        0xa CMakeFiles/Pico_Game_Controller.dir/home/anonxx/pico/pico-sdk/lib/tinyusb/src/class/hid/hid_device.c.obj
 *fill*         0x0000000010008582        0x2 
 .rodata.__func__.7007
                0x0000000010008584       0x15 CMakeFiles/Pico_Game_Controller.dir/home/anonxx/pico/pico-sdk/lib/tinyusb/src/class/hid/hid_device.c.obj
 *fill*         0x0000000010008599        0x3 
 .rodata.__func__.7034
                0x000000001000859c        0xd CMakeFiles/Pico_Game_Controller.dir/home/anonxx/pico/pico-sdk/lib/tinyusb/src/class/hid/hid_device.c.obj
 .rodata.tusb_init.str1.4
                0x00000000100085a9       0x17 CMakeFiles/Pico_Game_Controller.dir/home/anonxx/pico/pico-sdk/lib/tinyusb/src/tusb.c.obj
 *fill*         0x00000000100085a9        0x3 
 .rodata.__func__.6930
                0x00000000100085ac        0xa CMakeFiles/Pico_Game_Controller.dir/home/anonxx/pico/pico-sdk/lib/tinyusb/src/tusb.c.obj
 *fill*         0x00000000100085b6        0x2 
 .rodata._pio_find_offset_for_program.str1.4
                0x00000000100085b8       0x65 CMakeFiles/Pico_Game_Controller.dir/home/anonxx/pico/pico-sdk/src/rp2_common/hardware_pio/pio.c.obj
 *fill*         0x000000001000861d        0x3 
 .rodata._pio_add_program_at_offset.str1.4
                0x0000000010008620       0x11 CMakeFiles/Pico_Game_Controller.dir/home/anonxx/pico/pico-sdk/src/rp2_common/hardware_pio/pio.c.obj
 *fill*         0x0000000010008631        0x3 
 .rodata.__func__.5094
                0x0000000010008634       0x1d CMakeFiles/Pico_Game_Controller.dir/home/anonxx/pico/pico-sdk/src/rp2_common/hardware_pio/pio.c.obj
                0x0000000010008654                . = ALIGN (0x4)
 *fill*         0x0000000010008651        0x3 
 *(SORT_BY_ALIGNMENT(SORT_BY_NAME(.flashdata*)))
                0x0000000010008654                . = ALIGN (0x4)

.rel.dyn        0x0000000010008654        0x0
 .rel.iplt      0x0000000010008654        0x0 /usr/lib/gcc/arm-none-eabi/9.2.1/thumb/v6-m/nofp/crtbegin.o

.ARM.extab
 *(.ARM.extab* .gnu.linkonce.armextab.*)
                0x0000000010008654                __exidx_start = .

.ARM.exidx
 *(.ARM.exidx* .gnu.linkonce.armexidx.*)
                0x0000000010008654                __exidx_end = .
                0x0000000010008654                . = ALIGN (0x4)
                0x0000000010008654                __binary_info_start = .

.binary_info    0x0000000010008654       0x28
 *(.binary_info.keep.*)
 .binary_info.keep.__bi_ptr273
                0x0000000010008654        0x4 CMakeFiles/Pico_Game_Controller.dir/pico_game_controller.c.obj
 .binary_info.keep.__bi_ptr22
                0x0000000010008658        0x4 CMakeFiles/Pico_Game_Controller.dir/home/anonxx/pico/pico-sdk/src/rp2_common/pico_standard_link/binary_info.c.obj
 .binary_info.keep.__bi_ptr30
                0x000000001000865c        0x4 CMakeFiles/Pico_Game_Controller.dir/home/anonxx/pico/pico-sdk/src/rp2_common/pico_standard_link/binary_info.c.obj
 .binary_info.keep.__bi_ptr38
                0x0000000010008660        0x4 CMakeFiles/Pico_Game_Controller.dir/home/anonxx/pico/pico-sdk/src/rp2_common/pico_standard_link/binary_info.c.obj
 .binary_info.keep.__bi_ptr44
                0x0000000010008664        0x4 CMakeFiles/Pico_Game_Controller.dir/home/anonxx/pico/pico-sdk/src/rp2_common/pico_standard_link/binary_info.c.obj
 .binary_info.keep.__bi_ptr50
                0x0000000010008668        0x4 CMakeFiles/Pico_Game_Controller.dir/home/anonxx/pico/pico-sdk/src/rp2_common/pico_standard_link/binary_info.c.obj
 .binary_info.keep.__bi_ptr75
                0x000000001000866c        0x4 CMakeFiles/Pico_Game_Controller.dir/home/anonxx/pico/pico-sdk/src/rp2_common/pico_standard_link/binary_info.c.obj
 .binary_info.keep.__bi_ptr81
                0x0000000010008670        0x4 CMakeFiles/Pico_Game_Controller.dir/home/anonxx/pico/pico-sdk/src/rp2_common/pico_standard_link/binary_info.c.obj
 *(.binary_info.*)
 .binary_info.__bi_ptr28
                0x0000000010008674        0x4 CMakeFiles/Pico_Game_Controller.dir/home/anonxx/pico/pico-sdk/src/rp2_common/pico_stdio_uart/stdio_uart.c.obj
 .binary_info.__bi_ptr29
                0x0000000010008678        0x4 CMakeFiles/Pico_Game_Controller.dir/home/anonxx/pico/pico-sdk/src/rp2_common/pico_stdio_uart/stdio_uart.c.obj
                0x000000001000867c                __binary_info_end = .
                0x000000001000867c                . = ALIGN (0x4)
                0x000000001000867c                __etext = .

.ram_vector_table
                0x0000000020000000       0xc0
 *(.ram_vector_table)
 .ram_vector_table
                0x0000000020000000       0xc0 CMakeFiles/Pico_Game_Controller.dir/home/anonxx/pico/pico-sdk/src/rp2_common/pico_runtime/runtime.c.obj
                0x0000000020000000                ram_vector_table

.data           0x00000000200000c0      0x340 load address 0x000000001000867c
                0x00000000200000c0                __data_start__ = .
 *(vtable)
 *(.time_critical*)
 .time_critical.mutex_enter_blocking
                0x00000000200000c0       0x64 CMakeFiles/Pico_Game_Controller.dir/home/anonxx/pico/pico-sdk/src/common/pico_sync/mutex.c.obj
                0x00000000200000c0                mutex_enter_blocking
 .time_critical.mutex_try_enter
                0x0000000020000124       0x48 CMakeFiles/Pico_Game_Controller.dir/home/anonxx/pico/pico-sdk/src/common/pico_sync/mutex.c.obj
                0x0000000020000124                mutex_try_enter
 .time_critical.mutex_enter_block_until
                0x000000002000016c       0x7c CMakeFiles/Pico_Game_Controller.dir/home/anonxx/pico/pico-sdk/src/common/pico_sync/mutex.c.obj
                0x000000002000016c                mutex_enter_block_until
 .time_critical.mutex_enter_timeout_ms
                0x00000000200001e8       0x78 CMakeFiles/Pico_Game_Controller.dir/home/anonxx/pico/pico-sdk/src/common/pico_sync/mutex.c.obj
                0x00000000200001e8                mutex_enter_timeout_ms
 .time_critical.mutex_exit
                0x0000000020000260       0x4c CMakeFiles/Pico_Game_Controller.dir/home/anonxx/pico/pico-sdk/src/common/pico_sync/mutex.c.obj
                0x0000000020000260                mutex_exit
 *(.text*)
 .text          0x00000000200002ac        0x4 /usr/lib/gcc/arm-none-eabi/9.2.1/thumb/v6-m/nofp/libgcc.a(_dvmd_tls.o)
                0x00000000200002ac                __aeabi_ldiv0
                0x00000000200002ac                __aeabi_idiv0
 .text.__stub   0x00000000200002b0       0x40 linker stubs
                0x00000000200002f0                . = ALIGN (0x4)
 *(.rodata*)
                0x00000000200002f0                . = ALIGN (0x4)
 *(.data*)
 .data.string_desc_arr
                0x00000000200002f0       0x10 CMakeFiles/Pico_Game_Controller.dir/usb_descriptors.c.obj
                0x00000000200002f0                string_desc_arr
 .data.striped_spin_lock_num
                0x0000000020000300        0x1 CMakeFiles/Pico_Game_Controller.dir/home/anonxx/pico/pico-sdk/src/rp2_common/hardware_sync/sync.c.obj
 *fill*         0x0000000020000301        0x3 
 .data.default_alarm_pool