Archive member included to satisfy reference by file (symbol)

/usr/lib/gcc/arm-none-eabi/9.2.1/thumb/v6-m/nofp/libgcc.a(_dvmd_tls.o)
                              CMakeFiles/HandGest.dir/home/anonxx/pico/pico-sdk/src/rp2_common/pico_divider/divider.S.obj (__aeabi_idiv0)
/usr/lib/gcc/arm-none-eabi/9.2.1/../../../arm-none-eabi/lib/thumb/v6-m/nofp/libg.a(lib_a-atexit.o)
                              /usr/lib/gcc/arm-none-eabi/9.2.1/../../../arm-none-eabi/lib/thumb/v6-m/nofp/crt0.o (atexit)
/usr/lib/gcc/arm-none-eabi/9.2.1/../../../arm-none-eabi/lib/thumb/v6-m/nofp/libg.a(lib_a-calloc.o)
                              CMakeFiles/HandGest.dir/home/anonxx/pico/pico-sdk/src/rp2_common/pico_malloc/pico_malloc.c.obj (calloc)
/usr/lib/gcc/arm-none-eabi/9.2.1/../../../arm-none-eabi/lib/thumb/v6-m/nofp/libg.a(lib_a-callocr.o)
                              /usr/lib/gcc/arm-none-eabi/9.2.1/../../../arm-none-eabi/lib/thumb/v6-m/nofp/libg.a(lib_a-calloc.o) (_calloc_r)
/usr/lib/gcc/arm-none-eabi/9.2.1/../../../arm-none-eabi/lib/thumb/v6-m/nofp/libg.a(lib_a-ctype_.o)
                              CMakeFiles/HandGest.dir/home/anonxx/pico/pico-sdk/lib/tinyusb/src/tusb.c.obj (_ctype_)
/usr/lib/gcc/arm-none-eabi/9.2.1/../../../arm-none-eabi/lib/thumb/v6-m/nofp/libg.a(lib_a-fini.o)
                              /usr/lib/gcc/arm-none-eabi/9.2.1/../../../arm-none-eabi/lib/thumb/v6-m/nofp/crt0.o (__libc_fini_array)
/usr/lib/gcc/arm-none-eabi/9.2.1/../../../arm-none-eabi/lib/thumb/v6-m/nofp/libg.a(lib_a-impure.o)
                              /usr/lib/gcc/arm-none-eabi/9.2.1/../../../arm-none-eabi/lib/thumb/v6-m/nofp/libg.a(lib_a-calloc.o) (_impure_ptr)
/usr/lib/gcc/arm-none-eabi/9.2.1/../../../arm-none-eabi/lib/thumb/v6-m/nofp/libg.a(lib_a-init.o)
                              /usr/lib/gcc/arm-none-eabi/9.2.1/../../../arm-none-eabi/lib/thumb/v6-m/nofp/crt0.o (__libc_init_array)
/usr/lib/gcc/arm-none-eabi/9.2.1/../../../arm-none-eabi/lib/thumb/v6-m/nofp/libg.a(lib_a-malloc.o)
                              CMakeFiles/HandGest.dir/home/anonxx/pico/pico-sdk/src/rp2_common/pico_malloc/pico_malloc.c.obj (malloc)
/usr/lib/gcc/arm-none-eabi/9.2.1/../../../arm-none-eabi/lib/thumb/v6-m/nofp/libg.a(lib_a-mallocr.o)
                              /usr/lib/gcc/arm-none-eabi/9.2.1/../../../arm-none-eabi/lib/thumb/v6-m/nofp/libg.a(lib_a-callocr.o) (_malloc_r)
/usr/lib/gcc/arm-none-eabi/9.2.1/../../../arm-none-eabi/lib/thumb/v6-m/nofp/libg.a(lib_a-mlock.o)
                              /usr/lib/gcc/arm-none-eabi/9.2.1/../../../arm-none-eabi/lib/thumb/v6-m/nofp/libg.a(lib_a-mallocr.o) (__malloc_lock)
/usr/lib/gcc/arm-none-eabi/9.2.1/../../../arm-none-eabi/lib/thumb/v6-m/nofp/libg.a(lib_a-sbrkr.o)
                              /usr/lib/gcc/arm-none-eabi/9.2.1/../../../arm-none-eabi/lib/thumb/v6-m/nofp/libg.a(lib_a-mallocr.o) (_sbrk_r)
/usr/lib/gcc/arm-none-eabi/9.2.1/../../../arm-none-eabi/lib/thumb/v6-m/nofp/libg.a(lib_a-strlen-stub.o)
                              CMakeFiles/HandGest.dir/home/anonxx/pico/pico-sdk/src/rp2_common/pico_stdio/stdio.c.obj (strlen)
/usr/lib/gcc/arm-none-eabi/9.2.1/../../../arm-none-eabi/lib/thumb/v6-m/nofp/libg.a(lib_a-__atexit.o)
                              /usr/lib/gcc/arm-none-eabi/9.2.1/../../../arm-none-eabi/lib/thumb/v6-m/nofp/libg.a(lib_a-atexit.o) (__register_exitproc)
/usr/lib/gcc/arm-none-eabi/9.2.1/../../../arm-none-eabi/lib/thumb/v6-m/nofp/libg.a(lib_a-freer.o)
                              /usr/lib/gcc/arm-none-eabi/9.2.1/../../../arm-none-eabi/lib/thumb/v6-m/nofp/libg.a(lib_a-malloc.o) (_free_r)
/usr/lib/gcc/arm-none-eabi/9.2.1/../../../arm-none-eabi/lib/thumb/v6-m/nofp/libg.a(lib_a-reent.o)
                              /usr/lib/gcc/arm-none-eabi/9.2.1/../../../arm-none-eabi/lib/thumb/v6-m/nofp/libg.a(lib_a-sbrkr.o) (errno)

Allocating common symbols
Common symbol       size              file

sf_table            0x100             CMakeFiles/HandGest.dir/home/anonxx/pico/pico-sdk/src/rp2_common/pico_float/float_init_rom.c.obj
errno               0x4               /usr/lib/gcc/arm-none-eabi/9.2.1/../../../arm-none-eabi/lib/thumb/v6-m/nofp/libg.a(lib_a-reent.o)
_usbd_qdef_buf      0xc0              CMakeFiles/HandGest.dir/home/anonxx/pico/pico-sdk/lib/tinyusb/src/device/usbd.c.obj
sf_clz_func         0x4               CMakeFiles/HandGest.dir/home/anonxx/pico/pico-sdk/src/rp2_common/pico_float/float_init_rom.c.obj
sd_table            0x100             CMakeFiles/HandGest.dir/home/anonxx/pico/pico-sdk/src/rp2_common/pico_double/double_init_rom.c.obj
uart_char_to_line_feed
                    0x4               CMakeFiles/HandGest.dir/home/anonxx/pico/pico-sdk/src/rp2_common/hardware_uart/uart.c.obj

Discarded input sections

 .text          0x0000000000000000        0x0 /usr/lib/gcc/arm-none-eabi/9.2.1/thumb/v6-m/nofp/crti.o
 .data          0x0000000000000000        0x0 /usr/lib/gcc/arm-none-eabi/9.2.1/thumb/v6-m/nofp/crti.o
[...]
Memory Configuration

Name             Origin             Length             Attributes
FLASH            0x0000000010000000 0x0000000000200000 xr
RAM              0x0000000020000000 0x0000000000040000 xrw
SCRATCH_X        0x0000000020040000 0x0000000000001000 xrw
SCRATCH_Y        0x0000000020041000 0x0000000000001000 xrw
*default*        0x0000000000000000 0xffffffffffffffff

Linker script and memory map

LOAD /usr/lib/gcc/arm-none-eabi/9.2.1/thumb/v6-m/nofp/crti.o
LOAD /usr/lib/gcc/arm-none-eabi/9.2.1/thumb/v6-m/nofp/crtbegin.o
LOAD /usr/lib/gcc/arm-none-eabi/9.2.1/../../../arm-none-eabi/lib/thumb/v6-m/nofp/crt0.o

.flash_begin    0x0000000010000000        0x0
                0x0000000010000000                __flash_binary_start = .

.boot2          0x0000000010000000      0x100
                0x0000000010000000                __boot2_start__ = .
 *(.boot2)
 .boot2         0x0000000010000000      0x100 /tmp/ccLCwxu1.o
                0x0000000010000100                __boot2_end__ = .
                0x0000000000000001                ASSERT (((__boot2_end__ - __boot2_start__) == 0x100), ERROR: Pico second stage bootloader must be 256 bytes in size)

.text           0x0000000010000100     0x6a90
                0x0000000010000100                __logical_binary_start = .
 *(.vectors)
 .vectors       0x0000000010000100       0xd4 CMakeFiles/HandGest.dir/home/anonxx/pico/pico-sdk/src/rp2_common/pico_standard_link/crt0.S.obj
                0x0000000010000100                __vectors
                0x00000000100001c0                isr_invalid
                0x00000000100001c2                isr_nmi
                0x00000000100001c4                isr_hardfault
                0x00000000100001c6                isr_svcall
                0x00000000100001c8                isr_pendsv
                0x00000000100001ca                isr_systick
                0x00000000100001cc                isr_irq30
                0x00000000100001cc                __unhandled_user_irq
                0x00000000100001cc                isr_irq13
                0x00000000100001cc                isr_irq27
                0x00000000100001cc                isr_irq31
                0x00000000100001cc                isr_irq5
                0x00000000100001cc                isr_irq11
                0x00000000100001cc                isr_irq23
                0x00000000100001cc                isr_irq18
                0x00000000100001cc                isr_irq28
                0x00000000100001cc                isr_irq19
                0x00000000100001cc                isr_irq0
                0x00000000100001cc                isr_irq6
                0x00000000100001cc                isr_irq22
                0x00000000100001cc                isr_irq17
                0x00000000100001cc                isr_irq14
                0x00000000100001cc                isr_irq2
                0x00000000100001cc                isr_irq10
                0x00000000100001cc                isr_irq8
                0x00000000100001cc                isr_irq24
                0x00000000100001cc                isr_irq1
                0x00000000100001cc                isr_irq7
                0x00000000100001cc                isr_irq21
                0x00000000100001cc                isr_irq20
                0x00000000100001cc                isr_irq15
                0x00000000100001cc                isr_irq25
                0x00000000100001cc                isr_irq4
                0x00000000100001cc                isr_irq16
                0x00000000100001cc                isr_irq29
                0x00000000100001cc                isr_irq26
                0x00000000100001cc                isr_irq3
                0x00000000100001cc                isr_irq12
                0x00000000100001cc                isr_irq9
                0x00000000100001d2                unhandled_user_irq_num_in_r0
 *(.binary_info_header)
 .binary_info_header
                0x00000000100001d4       0x14 CMakeFiles/HandGest.dir/home/anonxx/pico/pico-sdk/src/rp2_common/pico_standard_link/crt0.S.obj
                0x00000000100001e8                __binary_info_header_end = .
 *(.reset)
 .reset         0x00000000100001e8       0xa8 CMakeFiles/HandGest.dir/home/anonxx/pico/pico-sdk/src/rp2_common/pico_standard_link/crt0.S.obj
                0x00000000100001e8                _entry_point
                0x0000000010000266                __get_current_exception
 .reset         0x0000000010000290       0x30 CMakeFiles/HandGest.dir/home/anonxx/pico/pico-sdk/src/rp2_common/pico_standard_link/binary_info.c.obj
 *(.init)
 .init          0x00000000100002c0        0x4 /usr/lib/gcc/arm-none-eabi/9.2.1/thumb/v6-m/nofp/crti.o
                0x00000000100002c0                _init
 *(EXCLUDE_FILE(*libm.a: *libc.a:*lib_a-mem*.o *libgcc.a:) .text*)
 .text          0x00000000100002c4       0x98 /usr/lib/gcc/arm-none-eabi/9.2.1/thumb/v6-m/nofp/crtbegin.o
 .text.main     0x000000001000035c       0x14 CMakeFiles/HandGest.dir/HandGest.c.obj
                0x000000001000035c                main
 .text.gpio_set_function
                0x0000000010000370       0x30 CMakeFiles/HandGest.dir/home/anonxx/pico/pico-sdk/src/rp2_common/hardware_gpio/gpio.c.obj
                0x0000000010000370                gpio_set_function
 .text.hw_claim_lock
                0x00000000100003a0       0x18 CMakeFiles/HandGest.dir/home/anonxx/pico/pico-sdk/src/rp2_common/hardware_claim/claim.c.obj
                0x00000000100003a0                hw_claim_lock
 .text.hw_claim_unlock
                0x00000000100003b8       0x14 CMakeFiles/HandGest.dir/home/anonxx/pico/pico-sdk/src/rp2_common/hardware_claim/claim.c.obj
                0x00000000100003b8                hw_claim_unlock
 .text.hw_claim_or_assert
                0x00000000100003cc       0x36 CMakeFiles/HandGest.dir/home/anonxx/pico/pico-sdk/src/rp2_common/hardware_claim/claim.c.obj
                0x00000000100003cc                hw_claim_or_assert
 .text.hw_claim_unused_from_range
                0x0000000010000402       0x58 CMakeFiles/HandGest.dir/home/anonxx/pico/pico-sdk/src/rp2_common/hardware_claim/claim.c.obj
                0x0000000010000402                hw_claim_unused_from_range
 *fill*         0x000000001000045a        0x2 
 .text.spin_locks_reset
                0x000000001000045c       0x20 CMakeFiles/HandGest.dir/home/anonxx/pico/pico-sdk/src/rp2_common/hardware_sync/sync.c.obj
                0x000000001000045c                spin_locks_reset
 .text.next_striped_spin_lock_num
                0x000000001000047c       0x1c CMakeFiles/HandGest.dir/home/anonxx/pico/pico-sdk/src/rp2_common/hardware_sync/sync.c.obj
                0x000000001000047c                next_striped_spin_lock_num
 .text.spin_lock_claim_unused
                0x0000000010000498       0x20 CMakeFiles/HandGest.dir/home/anonxx/pico/pico-sdk/src/rp2_common/hardware_sync/sync.c.obj
                0x0000000010000498                spin_lock_claim_unused
 .text.running_on_fpga
                0x00000000100004b8       0x14 CMakeFiles/HandGest.dir/home/anonxx/pico/pico-sdk/src/rp2_common/pico_platform/platform.c.obj
                0x00000000100004b8                running_on_fpga
 .text.uart_set_baudrate
                0x00000000100004cc       0x64 CMakeFiles/HandGest.dir/home/anonxx/pico/pico-sdk/src/rp2_common/hardware_uart/uart.c.obj
                0x00000000100004cc                uart_set_baudrate
 .text.uart_set_translate_crlf
                0x0000000010000530       0x28 CMakeFiles/HandGest.dir/home/anonxx/pico/pico-sdk/src/rp2_common/hardware_uart/uart.c.obj
                0x0000000010000530                uart_set_translate_crlf
 .text.uart_init
                0x0000000010000558       0x80 CMakeFiles/HandGest.dir/home/anonxx/pico/pico-sdk/src/rp2_common/hardware_uart/uart.c.obj
                0x0000000010000558                uart_init
 .text.sev_callback
                0x00000000100005d8        0x8 CMakeFiles/HandGest.dir/home/anonxx/pico/pico-sdk/src/common/pico_time/time.c.obj
 .text.alarm_pool_post_alloc_init
                0x00000000100005e0       0x40 CMakeFiles/HandGest.dir/home/anonxx/pico/pico-sdk/src/common/pico_time/time.c.obj
 .text.timer_pool_entry_comparator
                0x0000000010000620       0x7c CMakeFiles/HandGest.dir/home/anonxx/pico/pico-sdk/src/common/pico_time/time.c.obj
                0x0000000010000620                timer_pool_entry_comparator
 .text.ph_add_child_node
                0x000000001000069c       0xa4 CMakeFiles/HandGest.dir/home/anonxx/pico/pico-sdk/src/common/pico_time/time.c.obj
 .text.ph_merge_nodes
                0x0000000010000740       0x3e CMakeFiles/HandGest.dir/home/anonxx/pico/pico-sdk/src/common/pico_time/time.c.obj
 *fill*         0x000000001000077e        0x2 
 .text.add_alarm_under_lock
                0x0000000010000780      0x174 CMakeFiles/HandGest.dir/home/anonxx/pico/pico-sdk/src/common/pico_time/time.c.obj
 .text.alarm_pool_alarm_callback
                0x00000000100008f4      0x32c CMakeFiles/HandGest.dir/home/anonxx/pico/pico-sdk/src/common/pico_time/time.c.obj
 .text.alarm_pool_init_default
                0x0000000010000c20       0x2c CMakeFiles/HandGest.dir/home/anonxx/pico/pico-sdk/src/common/pico_time/time.c.obj
                0x0000000010000c20                alarm_pool_init_default
 .text.alarm_pool_get_default
                0x0000000010000c4c       0x2c CMakeFiles/HandGest.dir/home/anonxx/pico/pico-sdk/src/common/pico_time/time.c.obj
                0x0000000010000c4c                alarm_pool_get_default
 .text.alarm_pool_add_alarm_at
                0x0000000010000c78      0x170 CMakeFiles/HandGest.dir/home/anonxx/pico/pico-sdk/src/common/pico_time/time.c.obj
                0x0000000010000c78                alarm_pool_add_alarm_at
 .text.alarm_pool_cancel_alarm
                0x0000000010000de8       0xec CMakeFiles/HandGest.dir/home/anonxx/pico/pico-sdk/src/common/pico_time/time.c.obj
                0x0000000010000de8                alarm_pool_cancel_alarm
 .text.best_effort_wfe_or_timeout
                0x0000000010000ed4       0x80 CMakeFiles/HandGest.dir/home/anonxx/pico/pico-sdk/src/common/pico_time/time.c.obj
                0x0000000010000ed4                best_effort_wfe_or_timeout
 .text.hardware_alarm_irq_handler
                0x0000000010000f54       0x8c CMakeFiles/HandGest.dir/home/anonxx/pico/pico-sdk/src/rp2_common/hardware_timer/timer.c.obj
 .text.hardware_alarm_claim
                0x0000000010000fe0       0x18 CMakeFiles/HandGest.dir/home/anonxx/pico/pico-sdk/src/rp2_common/hardware_timer/timer.c.obj
                0x0000000010000fe0                hardware_alarm_claim
 .text.time_us_64
                0x0000000010000ff8       0x18 CMakeFiles/HandGest.dir/home/anonxx/pico/pico-sdk/src/rp2_common/hardware_timer/timer.c.obj
                0x0000000010000ff8                time_us_64
 .text.hardware_alarm_set_callback
                0x0000000010001010       0x90 CMakeFiles/HandGest.dir/home/anonxx/pico/pico-sdk/src/rp2_common/hardware_timer/timer.c.obj
                0x0000000010001010                hardware_alarm_set_callback
 .text.hardware_alarm_set_target
                0x00000000100010a0       0xe8 CMakeFiles/HandGest.dir/home/anonxx/pico/pico-sdk/src/rp2_common/hardware_timer/timer.c.obj
                0x00000000100010a0                hardware_alarm_set_target
 .text.hardware_alarm_cancel
                0x0000000010001188       0x40 CMakeFiles/HandGest.dir/home/anonxx/pico/pico-sdk/src/rp2_common/hardware_timer/timer.c.obj
                0x0000000010001188                hardware_alarm_cancel
 .text.lock_init
                0x00000000100011c8       0x10 CMakeFiles/HandGest.dir/home/anonxx/pico/pico-sdk/src/common/pico_sync/lock_core.c.obj
                0x00000000100011c8                lock_init
 .text.mutex_init
                0x00000000100011d8       0x1a CMakeFiles/HandGest.dir/home/anonxx/pico/pico-sdk/src/common/pico_sync/mutex.c.obj
                0x00000000100011d8                mutex_init
 .text.critical_section_init_with_lock_num
                0x00000000100011f2        0xc CMakeFiles/HandGest.dir/home/anonxx/pico/pico-sdk/src/common/pico_sync/critical_section.c.obj
                0x00000000100011f2                critical_section_init_with_lock_num
 .text.critical_section_init
                0x00000000100011fe       0x14 CMakeFiles/HandGest.dir/home/anonxx/pico/pico-sdk/src/common/pico_sync/critical_section.c.obj
                0x00000000100011fe                critical_section_init
 *fill*         0x0000000010001212        0x2 
 .text.ph_add_child_node
                0x0000000010001214       0xa4 CMakeFiles/HandGest.dir/home/anonxx/pico/pico-sdk/src/common/pico_util/pheap.c.obj
 .text.ph_merge_nodes
                0x00000000100012b8       0x3e CMakeFiles/HandGest.dir/home/anonxx/pico/pico-sdk/src/common/pico_util/pheap.c.obj
 *fill*         0x00000000100012f6        0x2 
 .text.ph_clear
                0x00000000100012f8       0x70 CMakeFiles/HandGest.dir/home/anonxx/pico/pico-sdk/src/common/pico_util/pheap.c.obj
                0x00000000100012f8                ph_clear
 .text.ph_post_alloc_init
                0x0000000010001368        0xe CMakeFiles/HandGest.dir/home/anonxx/pico/pico-sdk/src/common/pico_util/pheap.c.obj
                0x0000000010001368                ph_post_alloc_init
 *fill*         0x0000000010001376        0x2 
 .text.ph_merge_two_pass
                0x0000000010001378       0xa8 CMakeFiles/HandGest.dir/home/anonxx/pico/pico-sdk/src/common/pico_util/pheap.c.obj
                0x0000000010001378                ph_merge_two_pass
 .text.ph_remove_any_head
                0x0000000010001420      0x108 CMakeFiles/HandGest.dir/home/anonxx/pico/pico-sdk/src/common/pico_util/pheap.c.obj
 .text.ph_remove_head
                0x0000000010001528       0x14 CMakeFiles/HandGest.dir/home/anonxx/pico/pico-sdk/src/common/pico_util/pheap.c.obj
                0x0000000010001528                ph_remove_head
 .text.ph_remove_and_free_node
                0x000000001000153c       0xf8 CMakeFiles/HandGest.dir/home/anonxx/pico/pico-sdk/src/common/pico_util/pheap.c.obj
                0x000000001000153c                ph_remove_and_free_node
 .text.runtime_init
                0x0000000010001634       0xcc CMakeFiles/HandGest.dir/home/anonxx/pico/pico-sdk/src/rp2_common/pico_runtime/runtime.c.obj
                0x0000000010001634                runtime_init
 .text._exit    0x0000000010001700        0x4 CMakeFiles/HandGest.dir/home/anonxx/pico/pico-sdk/src/rp2_common/pico_runtime/runtime.c.obj
                0x0000000010001700                _exit
 .text.exit     0x0000000010001704        0x6 CMakeFiles/HandGest.dir/home/anonxx/pico/pico-sdk/src/rp2_common/pico_runtime/runtime.c.obj
                0x0000000010001704                exit
 *fill*         0x000000001000170a        0x2 
 .text.__assert_func
                0x000000001000170c       0x3c CMakeFiles/HandGest.dir/home/anonxx/pico/pico-sdk/src/rp2_common/pico_runtime/runtime.c.obj
                0x000000001000170c                __assert_func
 .text.panic    0x0000000010001748       0x30 CMakeFiles/HandGest.dir/home/anonxx/pico/pico-sdk/src/rp2_common/pico_runtime/runtime.c.obj
                0x0000000010001748                panic
 .text.clock_configure
                0x0000000010001778       0xe8 CMakeFiles/HandGest.dir/home/anonxx/pico/pico-sdk/src/rp2_common/hardware_clocks/clocks.c.obj
                0x0000000010001778                clock_configure
 .text.clocks_init
                0x0000000010001860      0x124 CMakeFiles/HandGest.dir/home/anonxx/pico/pico-sdk/src/rp2_common/hardware_clocks/clocks.c.obj
                0x0000000010001860                clocks_init
 .text.clock_get_hz
                0x0000000010001984        0xc CMakeFiles/HandGest.dir/home/anonxx/pico/pico-sdk/src/rp2_common/hardware_clocks/clocks.c.obj
                0x0000000010001984                clock_get_hz
 .text.watchdog_start_tick
                0x0000000010001990       0x10 CMakeFiles/HandGest.dir/home/anonxx/pico/pico-sdk/src/rp2_common/hardware_watchdog/watchdog.c.obj
                0x0000000010001990                watchdog_start_tick
 .text.watchdog_update
                0x00000000100019a0       0x14 CMakeFiles/HandGest.dir/home/anonxx/pico/pico-sdk/src/rp2_common/hardware_watchdog/watchdog.c.obj
                0x00000000100019a0                watchdog_update
 .text._watchdog_enable
                0x00000000100019b4       0x70 CMakeFiles/HandGest.dir/home/anonxx/pico/pico-sdk/src/rp2_common/hardware_watchdog/watchdog.c.obj
                0x00000000100019b4                _watchdog_enable
 .text.watchdog_reboot
                0x0000000010001a24       0x48 CMakeFiles/HandGest.dir/home/anonxx/pico/pico-sdk/src/rp2_common/hardware_watchdog/watchdog.c.obj
                0x0000000010001a24                watchdog_reboot
 .text.xosc_init
                0x0000000010001a6c       0x28 CMakeFiles/HandGest.dir/home/anonxx/pico/pico-sdk/src/rp2_common/hardware_xosc/xosc.c.obj
                0x0000000010001a6c                xosc_init
 .text.pll_init
                0x0000000010001a94       0xd0 CMakeFiles/HandGest.dir/home/anonxx/pico/pico-sdk/src/rp2_common/hardware_pll/pll.c.obj
                0x0000000010001a94                pll_init
 .text.set_raw_irq_handler_and_unlock
                0x0000000010001b64       0x28 CMakeFiles/HandGest.dir/home/anonxx/pico/pico-sdk/src/rp2_common/hardware_irq/irq.c.obj
 .text.make_branch
                0x0000000010001b8c       0x34 CMakeFiles/HandGest.dir/home/anonxx/pico/pico-sdk/src/rp2_common/hardware_irq/irq.c.obj
 .text.insert_branch_and_link
                0x0000000010001bc0       0x40 CMakeFiles/HandGest.dir/home/anonxx/pico/pico-sdk/src/rp2_common/hardware_irq/irq.c.obj
 .text.irq_is_enabled
                0x0000000010001c00       0x18 CMakeFiles/HandGest.dir/home/anonxx/pico/pico-sdk/src/rp2_common/hardware_irq/irq.c.obj
                0x0000000010001c00                irq_is_enabled
 .text.irq_set_mask_enabled
                0x0000000010001c18       0x20 CMakeFiles/HandGest.dir/home/anonxx/pico/pico-sdk/src/rp2_common/hardware_irq/irq.c.obj
                0x0000000010001c18                irq_set_mask_enabled
 .text.irq_set_enabled
                0x0000000010001c38        0xe CMakeFiles/HandGest.dir/home/anonxx/pico/pico-sdk/src/rp2_common/hardware_irq/irq.c.obj
                0x0000000010001c38                irq_set_enabled
 *fill*         0x0000000010001c46        0x2 
 .text.irq_set_pending
                0x0000000010001c48       0x10 CMakeFiles/HandGest.dir/home/anonxx/pico/pico-sdk/src/rp2_common/hardware_irq/irq.c.obj
                0x0000000010001c48                irq_set_pending
 .text.irq_get_vtable_handler
                0x0000000010001c58       0x10 CMakeFiles/HandGest.dir/home/anonxx/pico/pico-sdk/src/rp2_common/hardware_irq/irq.c.obj
                0x0000000010001c58                irq_get_vtable_handler
 .text.irq_set_exclusive_handler
                0x0000000010001c68       0x54 CMakeFiles/HandGest.dir/home/anonxx/pico/pico-sdk/src/rp2_common/hardware_irq/irq.c.obj
                0x0000000010001c68                irq_set_exclusive_handler
 .text.irq_remove_handler
                0x0000000010001cbc      0x1ac CMakeFiles/HandGest.dir/home/anonxx/pico/pico-sdk/src/rp2_common/hardware_irq/irq.c.obj
                0x0000000010001cbc                irq_remove_handler
 .text.irq_set_priority
                0x0000000010001e68       0x28 CMakeFiles/HandGest.dir/home/anonxx/pico/pico-sdk/src/rp2_common/hardware_irq/irq.c.obj
                0x0000000010001e68                irq_set_priority
 .text.irq_add_tail_to_free_list
                0x0000000010001e90       0xf0 CMakeFiles/HandGest.dir/home/anonxx/pico/pico-sdk/src/rp2_common/hardware_irq/irq.c.obj
                0x0000000010001e90                irq_add_tail_to_free_list
 .text.irq_init_priorities
                0x0000000010001f80       0x16 CMakeFiles/HandGest.dir/home/anonxx/pico/pico-sdk/src/rp2_common/hardware_irq/irq.c.obj
                0x0000000010001f80                irq_init_priorities
 .text._out_null
                0x0000000010001f96        0x2 CMakeFiles/HandGest.dir/home/anonxx/pico/pico-sdk/src/rp2_common/pico_printf/printf.c.obj
 .text._out_fct
                0x0000000010001f98        0xe CMakeFiles/HandGest.dir/home/anonxx/pico/pico-sdk/src/rp2_common/pico_printf/printf.c.obj
 .text._atoi    0x0000000010001fa6       0x24 CMakeFiles/HandGest.dir/home/anonxx/pico/pico-sdk/src/rp2_common/pico_printf/printf.c.obj
 .text._out_rev
                0x0000000010001fca       0xae CMakeFiles/HandGest.dir/home/anonxx/pico/pico-sdk/src/rp2_common/pico_printf/printf.c.obj
 .text._ntoa_format
                0x0000000010002078      0x110 CMakeFiles/HandGest.dir/home/anonxx/pico/pico-sdk/src/rp2_common/pico_printf/printf.c.obj
 .text._ntoa_long
                0x0000000010002188       0xbc CMakeFiles/HandGest.dir/home/anonxx/pico/pico-sdk/src/rp2_common/pico_printf/printf.c.obj
 .text._ntoa_long_long
                0x0000000010002244       0xe2 CMakeFiles/HandGest.dir/home/anonxx/pico/pico-sdk/src/rp2_common/pico_printf/printf.c.obj
 *fill*         0x0000000010002326        0x2 
 .text._etoa    0x0000000010002328      0x40c CMakeFiles/HandGest.dir/home/anonxx/pico/pico-sdk/src/rp2_common/pico_printf/printf.c.obj
 .text._ftoa    0x0000000010002734      0x354 CMakeFiles/HandGest.dir/home/anonxx/pico/pico-sdk/src/rp2_common/pico_printf/printf.c.obj
 .text._vsnprintf
                0x0000000010002a88      0x628 CMakeFiles/HandGest.dir/home/anonxx/pico/pico-sdk/src/rp2_common/pico_printf/printf.c.obj
 .text.vfctprintf
                0x00000000100030b0       0x20 CMakeFiles/HandGest.dir/home/anonxx/pico/pico-sdk/src/rp2_common/pico_printf/printf.c.obj
                0x00000000100030b0                vfctprintf
 .text          0x00000000100030d0       0x10 CMakeFiles/HandGest.dir/home/anonxx/pico/pico-sdk/src/rp2_common/pico_bit_ops/bit_ops_aeabi.S.obj
 .text.rom_func_lookup
                0x00000000100030e0       0x10 CMakeFiles/HandGest.dir/home/anonxx/pico/pico-sdk/src/rp2_common/pico_bootrom/bootrom.c.obj
                0x00000000100030e0                rom_func_lookup
 .text.rom_data_lookup
                0x00000000100030f0       0x10 CMakeFiles/HandGest.dir/home/anonxx/pico/pico-sdk/src/rp2_common/pico_bootrom/bootrom.c.obj
                0x00000000100030f0                rom_data_lookup
 .text.rom_funcs_lookup
                0x0000000010003100       0x36 CMakeFiles/HandGest.dir/home/anonxx/pico/pico-sdk/src/rp2_common/pico_bootrom/bootrom.c.obj
                0x0000000010003100                rom_funcs_lookup
 *fill*         0x0000000010003136        0x2 
 .text.__wrap___aeabi_idiv
                0x0000000010003138       0x58 CMakeFiles/HandGest.dir/home/anonxx/pico/pico-sdk/src/rp2_common/pico_divider/divider.S.obj
                0x0000000010003138                __wrap___aeabi_idivmod
                0x0000000010003138                divmod_s32s32
                0x0000000010003138                div_s32s32
                0x0000000010003138                __wrap___aeabi_idiv
                0x0000000010003140                divmod_s32s32_unsafe
                0x000000001000316c                divmod_s32s32_savestate
 .text.__wrap___aeabi_uidiv
                0x0000000010003190       0x54 CMakeFiles/HandGest.dir/home/anonxx/pico/pico-sdk/src/rp2_common/pico_divider/divider.S.obj
                0x0000000010003190                __wrap___aeabi_uidiv
                0x0000000010003190                __wrap___aeabi_uidivmod
                0x0000000010003190                div_u32u32
                0x0000000010003190                divmod_u32u32
                0x0000000010003198                divmod_u32u32_unsafe
                0x00000000100031c0                divmod_u32u32_savestate
 .text.__wrap___aeabi_ldiv
                0x00000000100031e4      0x430 CMakeFiles/HandGest.dir/home/anonxx/pico/pico-sdk/src/rp2_common/pico_divider/divider.S.obj
                0x00000000100031e4                div_s64s64
                0x00000000100031e4                divmod_s64s64
                0x00000000100031e4                __wrap___aeabi_ldivmod
                0x000000001000321c                div_u64u64
                0x000000001000321c                divmod_u64u64
                0x000000001000321c                __wrap___aeabi_uldivmod
                0x000000001000322c                divmod_u64u64_savestate
                0x0000000010003254                divmod_s64s64_unsafe
                0x00000000100032dc                divmod_u64u64_unsafe
 .text.__wrap___aeabi_darithmetic
                0x0000000010003614       0x54 CMakeFiles/HandGest.dir/home/anonxx/pico/pico-sdk/src/rp2_common/pico_double/double_aeabi.S.obj
                0x0000000010003614                __wrap___aeabi_drsub
                0x000000001000361a                __wrap___aeabi_dsub
                0x000000001000362c                __wrap___aeabi_dadd
                0x000000001000363e                __wrap___aeabi_ddiv
                0x0000000010003650                __wrap___aeabi_dmul
 .text.__wrap___aeabi_cdcmple
                0x0000000010003668       0x6c CMakeFiles/HandGest.dir/home/anonxx/pico/pico-sdk/src/rp2_common/pico_double/double_aeabi.S.obj
                0x0000000010003668                __wrap___aeabi_cdrcmple
                0x0000000010003678                __wrap___aeabi_cdcmple
                0x0000000010003678                __wrap___aeabi_cdcmpeq
 .text.__wrap___aeabi_dcmplt
                0x00000000100036d4        0xc CMakeFiles/HandGest.dir/home/anonxx/pico/pico-sdk/src/rp2_common/pico_double/double_aeabi.S.obj
                0x00000000100036d4                __wrap___aeabi_dcmplt
 .text.__wrap___aeabi_dcmple
                0x00000000100036e0       0x10 CMakeFiles/HandGest.dir/home/anonxx/pico/pico-sdk/src/rp2_common/pico_double/double_aeabi.S.obj
                0x00000000100036e0                __wrap___aeabi_dcmple
 .text.__wrap___aeabi_dcmpge
                0x00000000100036f0       0x10 CMakeFiles/HandGest.dir/home/anonxx/pico/pico-sdk/src/rp2_common/pico_double/double_aeabi.S.obj
                0x00000000100036f0                __wrap___aeabi_dcmpge
 .text.__wrap___aeabi_dcmpgt
                0x0000000010003700        0xa CMakeFiles/HandGest.dir/home/anonxx/pico/pico-sdk/src/rp2_common/pico_double/double_aeabi.S.obj
                0x0000000010003700                __wrap___aeabi_dcmpgt
 .text.__wrap___aeabi_dcmpun
                0x000000001000370a       0x1c CMakeFiles/HandGest.dir/home/anonxx/pico/pico-sdk/src/rp2_common/pico_double/double_aeabi.S.obj
                0x000000001000370a                __wrap___aeabi_dcmpun
 *fill*         0x0000000010003726        0x2 
 .text.__wrap___aeabi_i2d
                0x0000000010003728       0x38 CMakeFiles/HandGest.dir/home/anonxx/pico/pico-sdk/src/rp2_common/pico_double/double_aeabi.S.obj
                0x0000000010003728                __wrap___aeabi_ui2d
                0x0000000010003730                __wrap___aeabi_i2d
 .text.__wrap___aeabi_d2iz
                0x0000000010003760       0x48 CMakeFiles/HandGest.dir/home/anonxx/pico/pico-sdk/src/rp2_common/pico_double/double_aeabi.S.obj
                0x0000000010003760                __wrap___aeabi_d2iz
                0x0000000010003760                double2int_z
 .text.__wrap___aeabi_d2uiz
                0x00000000100037a8       0x18 CMakeFiles/HandGest.dir/home/anonxx/pico/pico-sdk/src/rp2_common/pico_double/double_aeabi.S.obj
                0x00000000100037a8                double2uint
                0x00000000100037a8                __wrap___aeabi_d2uiz
 .text.__aeabi_double_init
                0x00000000100037c0       0xb4 CMakeFiles/HandGest.dir/home/anonxx/pico/pico-sdk/src/rp2_common/pico_double/double_init_rom.c.obj
                0x00000000100037c0                __aeabi_double_init
 .text.double_table_shim_on_use_helper
                0x0000000010003874       0x34 CMakeFiles/HandGest.dir/home/anonxx/pico/pico-sdk/src/rp2_common/pico_double/double_v1_rom_shim.S.obj
                0x0000000010003874                double_table_shim_on_use_helper
 .text.__wrap___aeabi_dsub
                0x00000000100038a8       0x10 CMakeFiles/HandGest.dir/home/anonxx/pico/pico-sdk/src/rp2_common/pico_double/double_v1_rom_shim.S.obj
                0x00000000100038a8                drsub_shim
                0x00000000100038ae                dsub_shim
 .text.dadd_shim
                0x00000000100038b8      0x15c CMakeFiles/HandGest.dir/home/anonxx/pico/pico-sdk/src/rp2_common/pico_double/double_v1_rom_shim.S.obj
                0x00000000100038b8                dadd_shim
 .text.dmul_shim
                0x0000000010003a14      0x15c CMakeFiles/HandGest.dir/home/anonxx/pico/pico-sdk/src/rp2_common/pico_double/double_v1_rom_shim.S.obj
                0x0000000010003a14                dmul_shim
 .text.ddiv_shim
                0x0000000010003b70      0x1b0 CMakeFiles/HandGest.dir/home/anonxx/pico/pico-sdk/src/rp2_common/pico_double/double_v1_rom_shim.S.obj
                0x0000000010003b70                ddiv_shim
 .text.dcordic_rot_step
                0x0000000010003d20       0x7c CMakeFiles/HandGest.dir/home/anonxx/pico/pico-sdk/src/rp2_common/pico_double/double_v1_rom_shim.S.obj
                0x0000000010003d20                dcordic_rot_step
 .text.double2uint_shim
                0x0000000010003d9c        0xe CMakeFiles/HandGest.dir/home/anonxx/pico/pico-sdk/src/rp2_common/pico_double/double_v1_rom_shim.S.obj
                0x0000000010003d9c                double2uint_shim
                0x0000000010003d9e                double2ufix_shim
 *fill*         0x0000000010003daa        0x2 
 .text.double2uint64_shim
                0x0000000010003dac       0x6c CMakeFiles/HandGest.dir/home/anonxx/pico/pico-sdk/src/rp2_common/pico_double/double_v1_rom_shim.S.obj
                0x0000000010003dac                double2uint64_shim
                0x0000000010003dae                double2ufix64_shim
                0x0000000010003dc8                d2fix_a
 .text.dunpacks
                0x0000000010003e18       0x3c CMakeFiles/HandGest.dir/home/anonxx/pico/pico-sdk/src/rp2_common/pico_double/double_v1_rom_shim.S.obj
                0x0000000010003e18                dunpacks
 .text.__aeabi_lmul
                0x0000000010003e54       0x32 CMakeFiles/HandGest.dir/home/anonxx/pico/pico-sdk/src/rp2_common/pico_int64_ops/pico_int64_ops_aeabi.S.obj
                0x0000000010003e54                __wrap___aeabi_lmul
 *fill*         0x0000000010003e86        0x2 
 .text.__aeabi_float_init
                0x0000000010003e88       0xfc CMakeFiles/HandGest.dir/home/anonxx/pico/pico-sdk/src/rp2_common/pico_float/float_init_rom.c.obj
                0x0000000010003e88                __aeabi_float_init
 .text.float_table_shim_on_use_helper
                0x0000000010003f84       0x34 CMakeFiles/HandGest.dir/home/anonxx/pico/pico-sdk/src/rp2_common/pico_float/float_v1_rom_shim.S.obj
                0x0000000010003f84                float_table_shim_on_use_helper
 .text          0x0000000010003fb8       0x10 CMakeFiles/HandGest.dir/home/anonxx/pico/pico-sdk/src/rp2_common/pico_mem_ops/mem_ops_aeabi.S.obj
                0x0000000010003fb8                __aeabi_mem_init
 .text.memset   0x0000000010003fc8        0xc CMakeFiles/HandGest.dir/home/anonxx/pico/pico-sdk/src/rp2_common/pico_mem_ops/mem_ops_aeabi.S.obj
                0x0000000010003fc8                __wrap_memset
 .text.memcpy   0x0000000010003fd4        0xc CMakeFiles/HandGest.dir/home/anonxx/pico/pico-sdk/src/rp2_common/pico_mem_ops/mem_ops_aeabi.S.obj
                0x0000000010003fd4                __wrap___aeabi_memcpy
                0x0000000010003fd4                __wrap_memcpy
 .text.stdio_out_chars_crlf
                0x0000000010003fe0       0x80 CMakeFiles/HandGest.dir/home/anonxx/pico/pico-sdk/src/rp2_common/pico_stdio/stdio.c.obj
 .text.stdio_stack_buffer_flush
                0x0000000010004060       0x44 CMakeFiles/HandGest.dir/home/anonxx/pico/pico-sdk/src/rp2_common/pico_stdio/stdio.c.obj
 .text.stdio_buffered_printer
                0x00000000100040a4       0x20 CMakeFiles/HandGest.dir/home/anonxx/pico/pico-sdk/src/rp2_common/pico_stdio/stdio.c.obj
 .text.stdout_serialize_begin
                0x00000000100040c4       0x2c CMakeFiles/HandGest.dir/home/anonxx/pico/pico-sdk/src/rp2_common/pico_stdio/stdio.c.obj
                0x00000000100040c4                stdout_serialize_begin
 .text.stdout_serialize_end
                0x00000000100040f0       0x10 CMakeFiles/HandGest.dir/home/anonxx/pico/pico-sdk/src/rp2_common/pico_stdio/stdio.c.obj
                0x00000000100040f0                stdout_serialize_end
 .text.stdio_put_string
                0x0000000010004100       0x84 CMakeFiles/HandGest.dir/home/anonxx/pico/pico-sdk/src/rp2_common/pico_stdio/stdio.c.obj
 .text.stdio_set_driver_enabled
                0x0000000010004184       0x38 CMakeFiles/HandGest.dir/home/anonxx/pico/pico-sdk/src/rp2_common/pico_stdio/stdio.c.obj
                0x0000000010004184                stdio_set_driver_enabled
 .text.stdio_flush
                0x00000000100041bc       0x20 CMakeFiles/HandGest.dir/home/anonxx/pico/pico-sdk/src/rp2_common/pico_stdio/stdio.c.obj
                0x00000000100041bc                stdio_flush
 .text.__wrap_puts
                0x00000000100041dc       0x1c CMakeFiles/HandGest.dir/home/anonxx/pico/pico-sdk/src/rp2_common/pico_stdio/stdio.c.obj
                0x00000000100041dc                __wrap_puts
 .text.__wrap_vprintf
                0x00000000100041f8       0x44 CMakeFiles/HandGest.dir/home/anonxx/pico/pico-sdk/src/rp2_common/pico_stdio/stdio.c.obj
                0x00000000100041f8                __wrap_vprintf
 .text.__wrap_printf
                0x000000001000423c       0x18 CMakeFiles/HandGest.dir/home/anonxx/pico/pico-sdk/src/rp2_common/pico_stdio/stdio.c.obj
                0x000000001000423c                __wrap_printf
 .text.stdio_init_all
                0x0000000010004254        0xc CMakeFiles/HandGest.dir/home/anonxx/pico/pico-sdk/src/rp2_common/pico_stdio/stdio.c.obj
                0x0000000010004254                stdio_init_all
 .text.stdio_uart_out_chars
                0x0000000010004260       0x74 CMakeFiles/HandGest.dir/home/anonxx/pico/pico-sdk/src/rp2_common/pico_stdio_uart/stdio_uart.c.obj
 .text.stdio_uart_in_chars
                0x00000000100042d4       0x54 CMakeFiles/HandGest.dir/home/anonxx/pico/pico-sdk/src/rp2_common/pico_stdio_uart/stdio_uart.c.obj
                0x00000000100042d4                stdio_uart_in_chars
 .text.stdio_uart_init_full
                0x0000000010004328       0x3c CMakeFiles/HandGest.dir/home/anonxx/pico/pico-sdk/src/rp2_common/pico_stdio_uart/stdio_uart.c.obj
                0x0000000010004328                stdio_uart_init_full
 .text.stdio_uart_init
                0x0000000010004364       0x28 CMakeFiles/HandGest.dir/home/anonxx/pico/pico-sdk/src/rp2_common/pico_stdio_uart/stdio_uart.c.obj
                0x0000000010004364                stdio_uart_init
 .text.resetd_init
                0x000000001000438c        0x2 CMakeFiles/HandGest.dir/home/anonxx/pico/pico-sdk/src/rp2_common/pico_stdio_usb/reset_interface.c.obj
 *fill*         0x000000001000438e        0x2 
 .text.resetd_reset
                0x0000000010004390        0xc CMakeFiles/HandGest.dir/home/anonxx/pico/pico-sdk/src/rp2_common/pico_stdio_usb/reset_interface.c.obj
 .text.resetd_open
                0x000000001000439c       0x34 CMakeFiles/HandGest.dir/home/anonxx/pico/pico-sdk/src/rp2_common/pico_stdio_usb/reset_interface.c.obj
 .text.resetd_control_complete_cb
                0x00000000100043d0        0x4 CMakeFiles/HandGest.dir/home/anonxx/pico/pico-sdk/src/rp2_common/pico_stdio_usb/reset_interface.c.obj
 .text.resetd_xfer_cb
                0x00000000100043d4        0x4 CMakeFiles/HandGest.dir/home/anonxx/pico/pico-sdk/src/rp2_common/pico_stdio_usb/reset_interface.c.obj
 .text.resetd_control_request_cb
                0x00000000100043d8       0x64 CMakeFiles/HandGest.dir/home/anonxx/pico/pico-sdk/src/rp2_common/pico_stdio_usb/reset_interface.c.obj
 .text.usbd_app_driver_get_cb
                0x000000001000443c        0xc CMakeFiles/HandGest.dir/home/anonxx/pico/pico-sdk/src/rp2_common/pico_stdio_usb/reset_interface.c.obj
                0x000000001000443c                usbd_app_driver_get_cb
 .text.tud_cdc_line_coding_cb
                0x0000000010004448       0x34 CMakeFiles/HandGest.dir/home/anonxx/pico/pico-sdk/src/rp2_common/pico_stdio_usb/reset_interface.c.obj
                0x0000000010004448                tud_cdc_line_coding_cb
 .text.stdio_usb_in_chars
                0x000000001000447c       0x70 CMakeFiles/HandGest.dir/home/anonxx/pico/pico-sdk/src/rp2_common/pico_stdio_usb/stdio_usb.c.obj
                0x000000001000447c                stdio_usb_in_chars
 .text.low_priority_worker_irq
                0x00000000100044ec       0x20 CMakeFiles/HandGest.dir/home/anonxx/pico/pico-sdk/src/rp2_common/pico_stdio_usb/stdio_usb.c.obj
 .text.stdio_usb_out_chars
                0x000000001000450c       0xd4 CMakeFiles/HandGest.dir/home/anonxx/pico/pico-sdk/src/rp2_common/pico_stdio_usb/stdio_usb.c.obj
 .text.timer_task
                0x00000000100045e0       0x10 CMakeFiles/HandGest.dir/home/anonxx/pico/pico-sdk/src/rp2_common/pico_stdio_usb/stdio_usb.c.obj
 .text.stdio_usb_init
                0x00000000100045f0       0xb8 CMakeFiles/HandGest.dir/home/anonxx/pico/pico-sdk/src/rp2_common/pico_stdio_usb/stdio_usb.c.obj
                0x00000000100045f0                stdio_usb_init
 .text.tud_descriptor_device_cb
                0x00000000100046a8        0x8 CMakeFiles/HandGest.dir/home/anonxx/pico/pico-sdk/src/rp2_common/pico_stdio_usb/stdio_usb_descriptors.c.obj
                0x00000000100046a8                tud_descriptor_device_cb
 .text.tud_descriptor_configuration_cb
                0x00000000100046b0        0x8 CMakeFiles/HandGest.dir/home/anonxx/pico/pico-sdk/src/rp2_common/pico_stdio_usb/stdio_usb_descriptors.c.obj
                0x00000000100046b0                tud_descriptor_configuration_cb
 .text.tud_descriptor_string_cb
                0x00000000100046b8       0x50 CMakeFiles/HandGest.dir/home/anonxx/pico/pico-sdk/src/rp2_common/pico_stdio_usb/stdio_usb_descriptors.c.obj
                0x00000000100046b8                tud_descriptor_string_cb
 .text.hw_endpoint_get_by_addr
                0x0000000010004708       0x1c CMakeFiles/HandGest.dir/home/anonxx/pico/pico-sdk/lib/tinyusb/src/portable/raspberrypi/rp2040/dcd_rp2040.c.obj
 .text.reset_ep0
                0x0000000010004724       0x2c CMakeFiles/HandGest.dir/home/anonxx/pico/pico-sdk/lib/tinyusb/src/portable/raspberrypi/rp2040/dcd_rp2040.c.obj
 .text._hw_endpoint_alloc
                0x0000000010004750       0x7c CMakeFiles/HandGest.dir/home/anonxx/pico/pico-sdk/lib/tinyusb/src/portable/raspberrypi/rp2040/dcd_rp2040.c.obj
 .text._hw_endpoint_init
                0x00000000100047cc       0xbc CMakeFiles/HandGest.dir/home/anonxx/pico/pico-sdk/lib/tinyusb/src/portable/raspberrypi/rp2040/dcd_rp2040.c.obj
 .text.hw_endpoint_init
                0x0000000010004888       0x18 CMakeFiles/HandGest.dir/home/anonxx/pico/pico-sdk/lib/tinyusb/src/portable/raspberrypi/rp2040/dcd_rp2040.c.obj
 .text.hw_handle_buff_status
                0x00000000100048a0       0xbc CMakeFiles/HandGest.dir/home/anonxx/pico/pico-sdk/lib/tinyusb/src/portable/raspberrypi/rp2040/dcd_rp2040.c.obj
 .text.dcd_rp2040_irq
                0x000000001000495c       0x8c CMakeFiles/HandGest.dir/home/anonxx/pico/pico-sdk/lib/tinyusb/src/portable/raspberrypi/rp2040/dcd_rp2040.c.obj
 .text.hw_endpoint_xfer
                0x00000000100049e8       0x18 CMakeFiles/HandGest.dir/home/anonxx/pico/pico-sdk/lib/tinyusb/src/portable/raspberrypi/rp2040/dcd_rp2040.c.obj
 .text.ep0_0len_status
                0x0000000010004a00       0x14 CMakeFiles/HandGest.dir/home/anonxx/pico/pico-sdk/lib/tinyusb/src/portable/raspberrypi/rp2040/dcd_rp2040.c.obj
 .text._hw_endpoint_stall
                0x0000000010004a14       0x54 CMakeFiles/HandGest.dir/home/anonxx/pico/pico-sdk/lib/tinyusb/src/portable/raspberrypi/rp2040/dcd_rp2040.c.obj
 .text.hw_endpoint_stall
                0x0000000010004a68        0xc CMakeFiles/HandGest.dir/home/anonxx/pico/pico-sdk/lib/tinyusb/src/portable/raspberrypi/rp2040/dcd_rp2040.c.obj
 .text._hw_endpoint_clear_stall
                0x0000000010004a74       0x34 CMakeFiles/HandGest.dir/home/anonxx/pico/pico-sdk/lib/tinyusb/src/portable/raspberrypi/rp2040/dcd_rp2040.c.obj
 .text.hw_endpoint_clear_stall
                0x0000000010004aa8        0xc CMakeFiles/HandGest.dir/home/anonxx/pico/pico-sdk/lib/tinyusb/src/portable/raspberrypi/rp2040/dcd_rp2040.c.obj
 .text.dcd_int_enable
                0x0000000010004ab4       0x2c CMakeFiles/HandGest.dir/home/anonxx/pico/pico-sdk/lib/tinyusb/src/portable/raspberrypi/rp2040/dcd_rp2040.c.obj
                0x0000000010004ab4                dcd_int_enable
 .text.dcd_set_address
                0x0000000010004ae0       0x30 CMakeFiles/HandGest.dir/home/anonxx/pico/pico-sdk/lib/tinyusb/src/portable/raspberrypi/rp2040/dcd_rp2040.c.obj
                0x0000000010004ae0                dcd_set_address
 .text.dcd_connect
                0x0000000010004b10       0x30 CMakeFiles/HandGest.dir/home/anonxx/pico/pico-sdk/lib/tinyusb/src/portable/raspberrypi/rp2040/dcd_rp2040.c.obj
                0x0000000010004b10                dcd_connect
 .text.dcd_init
                0x0000000010004b40       0x90 CMakeFiles/HandGest.dir/home/anonxx/pico/pico-sdk/lib/tinyusb/src/portable/raspberrypi/rp2040/dcd_rp2040.c.obj
                0x0000000010004b40                dcd_init
 .text.dcd_edpt0_status_complete
                0x0000000010004bd0       0x44 CMakeFiles/HandGest.dir/home/anonxx/pico/pico-sdk/lib/tinyusb/src/portable/raspberrypi/rp2040/dcd_rp2040.c.obj
                0x0000000010004bd0                dcd_edpt0_status_complete
 .text.dcd_edpt_open
                0x0000000010004c14       0x40 CMakeFiles/HandGest.dir/home/anonxx/pico/pico-sdk/lib/tinyusb/src/portable/raspberrypi/rp2040/dcd_rp2040.c.obj
                0x0000000010004c14                dcd_edpt_open
 .text.dcd_edpt_xfer
                0x0000000010004c54       0x34 CMakeFiles/HandGest.dir/home/anonxx/pico/pico-sdk/lib/tinyusb/src/portable/raspberrypi/rp2040/dcd_rp2040.c.obj
                0x0000000010004c54                dcd_edpt_xfer
 .text.dcd_edpt_stall
                0x0000000010004c88       0x28 CMakeFiles/HandGest.dir/home/anonxx/pico/pico-sdk/lib/tinyusb/src/portable/raspberrypi/rp2040/dcd_rp2040.c.obj
                0x0000000010004c88                dcd_edpt_stall
 .text.dcd_edpt_clear_stall
                0x0000000010004cb0       0x28 CMakeFiles/HandGest.dir/home/anonxx/pico/pico-sdk/lib/tinyusb/src/portable/raspberrypi/rp2040/dcd_rp2040.c.obj
                0x0000000010004cb0                dcd_edpt_clear_stall
 .text.rp2040_usb_init
                0x0000000010004cd8       0x50 CMakeFiles/HandGest.dir/home/anonxx/pico/pico-sdk/lib/tinyusb/src/portable/raspberrypi/rp2040/rp2040_usb.c.obj
                0x0000000010004cd8                rp2040_usb_init
 .text.hw_endpoint_reset_transfer
                0x0000000010004d28       0x14 CMakeFiles/HandGest.dir/home/anonxx/pico/pico-sdk/lib/tinyusb/src/portable/raspberrypi/rp2040/rp2040_usb.c.obj
                0x0000000010004d28                hw_endpoint_reset_transfer
 .text._hw_endpoint_buffer_control_update32
                0x0000000010004d3c       0x54 CMakeFiles/HandGest.dir/home/anonxx/pico/pico-sdk/lib/tinyusb/src/portable/raspberrypi/rp2040/rp2040_usb.c.obj
                0x0000000010004d3c                _hw_endpoint_buffer_control_update32
 .text._hw_endpoint_start_next_buffer
                0x0000000010004d90       0x5a CMakeFiles/HandGest.dir/home/anonxx/pico/pico-sdk/lib/tinyusb/src/portable/raspberrypi/rp2040/rp2040_usb.c.obj
                0x0000000010004d90                _hw_endpoint_start_next_buffer
 .text._hw_endpoint_xfer_start
                0x0000000010004dea       0x46 CMakeFiles/HandGest.dir/home/anonxx/pico/pico-sdk/lib/tinyusb/src/portable/raspberrypi/rp2040/rp2040_usb.c.obj
                0x0000000010004dea                _hw_endpoint_xfer_start
 .text._hw_endpoint_xfer_sync
                0x0000000010004e30       0x74 CMakeFiles/HandGest.dir/home/anonxx/pico/pico-sdk/lib/tinyusb/src/portable/raspberrypi/rp2040/rp2040_usb.c.obj
                0x0000000010004e30                _hw_endpoint_xfer_sync
 .text._hw_endpoint_xfer_continue
                0x0000000010004ea4       0x58 CMakeFiles/HandGest.dir/home/anonxx/pico/pico-sdk/lib/tinyusb/src/portable/raspberrypi/rp2040/rp2040_usb.c.obj
                0x0000000010004ea4                _hw_endpoint_xfer_continue
 .text._hw_endpoint_xfer
                0x0000000010004efc       0x34 CMakeFiles/HandGest.dir/home/anonxx/pico/pico-sdk/lib/tinyusb/src/portable/raspberrypi/rp2040/rp2040_usb.c.obj
                0x0000000010004efc                _hw_endpoint_xfer
 .text.mark_interface_endpoint
                0x0000000010004f30       0x2a CMakeFiles/HandGest.dir/home/anonxx/pico/pico-sdk/lib/tinyusb/src/device/usbd.c.obj
 *fill*         0x0000000010004f5a        0x2 
 .text.usbd_reset
                0x0000000010004f5c       0x88 CMakeFiles/HandGest.dir/home/anonxx/pico/pico-sdk/lib/tinyusb/src/device/usbd.c.obj
 .text.invoke_class_control
                0x0000000010004fe4       0x18 CMakeFiles/HandGest.dir/home/anonxx/pico/pico-sdk/lib/tinyusb/src/device/usbd.c.obj
 .text.process_set_config
                0x0000000010004ffc      0x1cc CMakeFiles/HandGest.dir/home/anonxx/pico/pico-sdk/lib/tinyusb/src/device/usbd.c.obj
 .text.process_get_descriptor
                0x00000000100051c8       0xf4 CMakeFiles/HandGest.dir/home/anonxx/pico/pico-sdk/lib/tinyusb/src/device/usbd.c.obj
 .text.tud_mounted
                0x00000000100052bc       0x10 CMakeFiles/HandGest.dir/home/anonxx/pico/pico-sdk/lib/tinyusb/src/device/usbd.c.obj
                0x00000000100052bc                tud_mounted
 .text.tud_suspended
                0x00000000100052cc       0x10 CMakeFiles/HandGest.dir/home/anonxx/pico/pico-sdk/lib/tinyusb/src/device/usbd.c.obj
                0x00000000100052cc                tud_suspended
 .text.tud_init
                0x00000000100052dc       0xb8 CMakeFiles/HandGest.dir/home/anonxx/pico/pico-sdk/lib/tinyusb/src/device/usbd.c.obj
                0x00000000100052dc                tud_init
 .text.dcd_event_handler
                0x0000000010005394      0x1c4 CMakeFiles/HandGest.dir/home/anonxx/pico/pico-sdk/lib/tinyusb/src/device/usbd.c.obj
                0x0000000010005394                dcd_event_handler
 .text.dcd_event_bus_signal
                0x0000000010005558       0x26 CMakeFiles/HandGest.dir/home/anonxx/pico/pico-sdk/lib/tinyusb/src/device/usbd.c.obj
                0x0000000010005558                dcd_event_bus_signal
 .text.dcd_event_setup_received
                0x000000001000557e       0x34 CMakeFiles/HandGest.dir/home/anonxx/pico/pico-sdk/lib/tinyusb/src/device/usbd.c.obj
                0x000000001000557e                dcd_event_setup_received
 .text.dcd_event_xfer_complete
                0x00000000100055b2       0x44 CMakeFiles/HandGest.dir/home/anonxx/pico/pico-sdk/lib/tinyusb/src/device/usbd.c.obj
                0x00000000100055b2                dcd_event_xfer_complete
 .text.usbd_edpt_open
                0x00000000100055f6        0x8 CMakeFiles/HandGest.dir/home/anonxx/pico/pico-sdk/lib/tinyusb/src/device/usbd.c.obj
                0x00000000100055f6                usbd_edpt_open
 *fill*         0x00000000100055fe        0x2 
 .text.usbd_open_edpt_pair
                0x0000000010005600       0x8c CMakeFiles/HandGest.dir/home/anonxx/pico/pico-sdk/lib/tinyusb/src/device/usbd.c.obj
                0x0000000010005600                usbd_open_edpt_pair
 .text.usbd_edpt_claim
                0x000000001000568c       0x8c CMakeFiles/HandGest.dir/home/anonxx/pico/pico-sdk/lib/tinyusb/src/device/usbd.c.obj
                0x000000001000568c                usbd_edpt_claim
 .text.usbd_edpt_release
                0x0000000010005718       0x68 CMakeFiles/HandGest.dir/home/anonxx/pico/pico-sdk/lib/tinyusb/src/device/usbd.c.obj
                0x0000000010005718                usbd_edpt_release
 .text.usbd_edpt_xfer
                0x0000000010005780       0x80 CMakeFiles/HandGest.dir/home/anonxx/pico/pico-sdk/lib/tinyusb/src/device/usbd.c.obj
                0x0000000010005780                usbd_edpt_xfer
 .text.usbd_edpt_stall
                0x0000000010005800       0x2c CMakeFiles/HandGest.dir/home/anonxx/pico/pico-sdk/lib/tinyusb/src/device/usbd.c.obj
                0x0000000010005800                usbd_edpt_stall
 .text.usbd_edpt_clear_stall
                0x000000001000582c       0x2c CMakeFiles/HandGest.dir/home/anonxx/pico/pico-sdk/lib/tinyusb/src/device/usbd.c.obj
                0x000000001000582c                usbd_edpt_clear_stall
 .text.usbd_edpt_stalled
                0x0000000010005858       0x1c CMakeFiles/HandGest.dir/home/anonxx/pico/pico-sdk/lib/tinyusb/src/device/usbd.c.obj
                0x0000000010005858                usbd_edpt_stalled
 .text.process_control_request
                0x0000000010005874      0x37c CMakeFiles/HandGest.dir/home/anonxx/pico/pico-sdk/lib/tinyusb/src/device/usbd.c.obj
 .text.tud_task
                0x0000000010005bf0      0x204 CMakeFiles/HandGest.dir/home/anonxx/pico/pico-sdk/lib/tinyusb/src/device/usbd.c.obj
                0x0000000010005bf0                tud_task
 .text._data_stage_xact
                0x0000000010005df4       0x58 CMakeFiles/HandGest.dir/home/anonxx/pico/pico-sdk/lib/tinyusb/src/device/usbd_control.c.obj
 .text.tud_control_status
                0x0000000010005e4c       0x38 CMakeFiles/HandGest.dir/home/anonxx/pico/pico-sdk/lib/tinyusb/src/device/usbd_control.c.obj
                0x0000000010005e4c                tud_control_status
 .text.tud_control_xfer
                0x0000000010005e84       0xa8 CMakeFiles/HandGest.dir/home/anonxx/pico/pico-sdk/lib/tinyusb/src/device/usbd_control.c.obj
                0x0000000010005e84                tud_control_xfer
 .text.usbd_control_reset
                0x0000000010005f2c       0x14 CMakeFiles/HandGest.dir/home/anonxx/pico/pico-sdk/lib/tinyusb/src/device/usbd_control.c.obj
                0x0000000010005f2c                usbd_control_reset
 .text.usbd_control_set_complete_callback
                0x0000000010005f40        0xc CMakeFiles/HandGest.dir/home/anonxx/pico/pico-sdk/lib/tinyusb/src/device/usbd_control.c.obj
                0x0000000010005f40                usbd_control_set_complete_callback
 .text.usbd_control_set_request
                0x0000000010005f4c       0x1c CMakeFiles/HandGest.dir/home/anonxx/pico/pico-sdk/lib/tinyusb/src/device/usbd_control.c.obj
                0x0000000010005f4c                usbd_control_set_request
 .text.usbd_control_xfer_cb
                0x0000000010005f68       0xe8 CMakeFiles/HandGest.dir/home/anonxx/pico/pico-sdk/lib/tinyusb/src/device/usbd_control.c.obj
                0x0000000010005f68                usbd_control_xfer_cb
 .text._prep_out_transaction
                0x0000000010006050       0x46 CMakeFiles/HandGest.dir/home/anonxx/pico/pico-sdk/lib/tinyusb/src/class/cdc/cdc_device.c.obj
 *fill*         0x0000000010006096        0x2 
 .text.tud_cdc_n_connected
                0x0000000010006098       0x48 CMakeFiles/HandGest.dir/home/anonxx/pico/pico-sdk/lib/tinyusb/src/class/cdc/cdc_device.c.obj
                0x0000000010006098                tud_cdc_n_connected
 .text.tud_cdc_n_available
                0x00000000100060e0       0x20 CMakeFiles/HandGest.dir/home/anonxx/pico/pico-sdk/lib/tinyusb/src/class/cdc/cdc_device.c.obj
                0x00000000100060e0                tud_cdc_n_available
 .text.tud_cdc_n_read
                0x0000000010006100       0x30 CMakeFiles/HandGest.dir/home/anonxx/pico/pico-sdk/lib/tinyusb/src/class/cdc/cdc_device.c.obj
                0x0000000010006100                tud_cdc_n_read
 .text.tud_cdc_n_write_flush
                0x0000000010006130       0xc4 CMakeFiles/HandGest.dir/home/anonxx/pico/pico-sdk/lib/tinyusb/src/class/cdc/cdc_device.c.obj
                0x0000000010006130                tud_cdc_n_write_flush
 .text.tud_cdc_n_write
                0x00000000100061f4       0x38 CMakeFiles/HandGest.dir/home/anonxx/pico/pico-sdk/lib/tinyusb/src/class/cdc/cdc_device.c.obj
                0x00000000100061f4                tud_cdc_n_write
 .text.tud_cdc_n_write_available
                0x000000001000622c       0x20 CMakeFiles/HandGest.dir/home/anonxx/pico/pico-sdk/lib/tinyusb/src/class/cdc/cdc_device.c.obj
                0x000000001000622c                tud_cdc_n_write_available
 .text.cdcd_init
                0x000000001000624c       0xe0 CMakeFiles/HandGest.dir/home/anonxx/pico/pico-sdk/lib/tinyusb/src/class/cdc/cdc_device.c.obj
                0x000000001000624c                cdcd_init
 .text.cdcd_reset
                0x000000001000632c       0x44 CMakeFiles/HandGest.dir/home/anonxx/pico/pico-sdk/lib/tinyusb/src/class/cdc/cdc_device.c.obj
                0x000000001000632c                cdcd_reset
 .text.cdcd_open
                0x0000000010006370      0x118 CMakeFiles/HandGest.dir/home/anonxx/pico/pico-sdk/lib/tinyusb/src/class/cdc/cdc_device.c.obj
                0x0000000010006370                cdcd_open
 .text.cdcd_control_complete
                0x0000000010006488       0x60 CMakeFiles/HandGest.dir/home/anonxx/pico/pico-sdk/lib/tinyusb/src/class/cdc/cdc_device.c.obj
                0x0000000010006488                cdcd_control_complete
 .text.cdcd_control_request
                0x00000000100064e8       0x9c CMakeFiles/HandGest.dir/home/anonxx/pico/pico-sdk/lib/tinyusb/src/class/cdc/cdc_device.c.obj
                0x00000000100064e8                cdcd_control_request
 .text.cdcd_xfer_cb
                0x0000000010006584      0x130 CMakeFiles/HandGest.dir/home/anonxx/pico/pico-sdk/lib/tinyusb/src/class/cdc/cdc_device.c.obj
                0x0000000010006584                cdcd_xfer_cb
 .text.tusb_init
                0x00000000100066b4       0x38 CMakeFiles/HandGest.dir/home/anonxx/pico/pico-sdk/lib/tinyusb/src/tusb.c.obj
                0x00000000100066b4                tusb_init
 .text.tusb_inited
                0x00000000100066ec        0xc CMakeFiles/HandGest.dir/home/anonxx/pico/pico-sdk/lib/tinyusb/src/tusb.c.obj
                0x00000000100066ec                tusb_inited
 .text.advance_pointer
                0x00000000100066f8       0x1e CMakeFiles/HandGest.dir/home/anonxx/pico/pico-sdk/lib/tinyusb/src/common/tusb_fifo.c.obj
 .text.backward_pointer
                0x0000000010006716       0x1a CMakeFiles/HandGest.dir/home/anonxx/pico/pico-sdk/lib/tinyusb/src/common/tusb_fifo.c.obj
 .text.get_relative_pointer
                0x0000000010006730       0x16 CMakeFiles/HandGest.dir/home/anonxx/pico/pico-sdk/lib/tinyusb/src/common/tusb_fifo.c.obj
 .text.tu_fifo_lock
                0x0000000010006746       0x12 CMakeFiles/HandGest.dir/home/anonxx/pico/pico-sdk/lib/tinyusb/src/common/tusb_fifo.c.obj
 .text.tu_fifo_unlock
                0x0000000010006758        0xe CMakeFiles/HandGest.dir/home/anonxx/pico/pico-sdk/lib/tinyusb/src/common/tusb_fifo.c.obj
 .text._tu_fifo_peek_at
                0x0000000010006766       0x66 CMakeFiles/HandGest.dir/home/anonxx/pico/pico-sdk/lib/tinyusb/src/common/tusb_fifo.c.obj
 .text._ff_pull_n
                0x00000000100067cc       0x4a CMakeFiles/HandGest.dir/home/anonxx/pico/pico-sdk/lib/tinyusb/src/common/tusb_fifo.c.obj
 .text._tu_fifo_peek_at_n
                0x0000000010006816       0x72 CMakeFiles/HandGest.dir/home/anonxx/pico/pico-sdk/lib/tinyusb/src/common/tusb_fifo.c.obj
 .text._ff_push_n
                0x0000000010006888       0x4a CMakeFiles/HandGest.dir/home/anonxx/pico/pico-sdk/lib/tinyusb/src/common/tusb_fifo.c.obj
 .text.tu_fifo_config
                0x00000000100068d2       0x48 CMakeFiles/HandGest.dir/home/anonxx/pico/pico-sdk/lib/tinyusb/src/common/tusb_fifo.c.obj
                0x00000000100068d2                tu_fifo_config
 .text.tu_fifo_count
                0x000000001000691a       0x1c CMakeFiles/HandGest.dir/home/anonxx/pico/pico-sdk/lib/tinyusb/src/common/tusb_fifo.c.obj
                0x000000001000691a                tu_fifo_count
 .text.tu_fifo_remaining
                0x0000000010006936       0x20 CMakeFiles/HandGest.dir/home/anonxx/pico/pico-sdk/lib/tinyusb/src/common/tusb_fifo.c.obj
                0x0000000010006936                tu_fifo_remaining
 .text.tu_fifo_read
                0x0000000010006956       0x3a CMakeFiles/HandGest.dir/home/anonxx/pico/pico-sdk/lib/tinyusb/src/common/tusb_fifo.c.obj
                0x0000000010006956                tu_fifo_read
 .text.tu_fifo_read_n
                0x0000000010006990       0x3e CMakeFiles/HandGest.dir/home/anonxx/pico/pico-sdk/lib/tinyusb/src/common/tusb_fifo.c.obj
                0x0000000010006990                tu_fifo_read_n
 .text.tu_fifo_write
                0x00000000100069ce       0x5c CMakeFiles/HandGest.dir/home/anonxx/pico/pico-sdk/lib/tinyusb/src/common/tusb_fifo.c.obj
                0x00000000100069ce                tu_fifo_write
 .text.tu_fifo_write_n
                0x0000000010006a2a       0x7c CMakeFiles/HandGest.dir/home/anonxx/pico/pico-sdk/lib/tinyusb/src/common/tusb_fifo.c.obj
                0x0000000010006a2a                tu_fifo_write_n
 .text.tu_fifo_clear
                0x0000000010006aa6       0x18 CMakeFiles/HandGest.dir/home/anonxx/pico/pico-sdk/lib/tinyusb/src/common/tusb_fifo.c.obj
                0x0000000010006aa6                tu_fifo_clear
 *fill*         0x0000000010006abe        0x2 
 .text          0x0000000010006ac0       0x68 /usr/lib/gcc/arm-none-eabi/9.2.1/../../../arm-none-eabi/lib/thumb/v6-m/nofp/libg.a(lib_a-strlen-stub.o)
                0x0000000010006ac0                strlen
 *(.fini)
 .fini          0x0000000010006b28        0x4 /usr/lib/gcc/arm-none-eabi/9.2.1/thumb/v6-m/nofp/crti.o
                0x0000000010006b28                _fini
 *fill*         0x0000000010006b2c        0x4 
 .fini.__stub   0x0000000010006b30       0x60 linker stubs
 *crtbegin.o(.ctors)
 *crtbegin?.o(.ctors)
 *(EXCLUDE_FILE(*crtend.o *crtend?.o) .ctors)
 *(SORT_BY_NAME(.ctors.*))
 *(.ctors)
 *crtbegin.o(.dtors)
 *crtbegin?.o(.dtors)
 *(EXCLUDE_FILE(*crtend.o *crtend?.o) .dtors)
 *(SORT_BY_NAME(.dtors.*))
 *(.dtors)
 *(.eh_frame*)
 .eh_frame      0x0000000010006b90        0x0 /usr/lib/gcc/arm-none-eabi/9.2.1/thumb/v6-m/nofp/crtbegin.o
                0x0000000010006b90                . = ALIGN (0x4)

.glue_7         0x0000000010006b90        0x0
 .glue_7        0x0000000010006b90        0x0 linker stubs

.glue_7t        0x0000000010006b90        0x0
 .glue_7t       0x0000000010006b90        0x0 linker stubs

.vfp11_veneer   0x0000000010006b90        0x0
 .vfp11_veneer  0x0000000010006b90        0x0 linker stubs

.v4_bx          0x0000000010006b90        0x0
 .v4_bx         0x0000000010006b90        0x0 linker stubs

.iplt           0x0000000010006b90        0x0
 .iplt          0x0000000010006b90        0x0 /usr/lib/gcc/arm-none-eabi/9.2.1/thumb/v6-m/nofp/crtbegin.o

.rodata         0x0000000010006b90     0x1464
 *(EXCLUDE_FILE(*libm.a: *libc.a:*lib_a-mem*.o *libgcc.a:) .rodata*)
 .rodata.main.str1.4
                0x0000000010006b90        0xe CMakeFiles/HandGest.dir/HandGest.c.obj
 *fill*         0x0000000010006b9e        0x2 
 .rodata.spin_lock_claim_unused.str1.4
                0x0000000010006ba0       0x1b CMakeFiles/HandGest.dir/home/anonxx/pico/pico-sdk/src/rp2_common/hardware_sync/sync.c.obj
 *fill*         0x0000000010006bbb        0x1 
 .rodata.repeating_timer_callback.str1.4
                0x0000000010006bbc       0x4b CMakeFiles/HandGest.dir/home/anonxx/pico/pico-sdk/src/common/pico_time/time.c.obj
 *fill*         0x0000000010006c07        0x1 
 .rodata.alarm_pool_dump_key.str1.4
                0x0000000010006c08       0x33 CMakeFiles/HandGest.dir/home/anonxx/pico/pico-sdk/src/common/pico_time/time.c.obj
 *fill*         0x0000000010006c3b        0x1 
 .rodata.ph_add_child_node.str1.4
                0x0000000010006c3c       0x96 CMakeFiles/HandGest.dir/home/anonxx/pico/pico-sdk/src/common/pico_time/time.c.obj
 *fill*         0x0000000010006cd2        0x2 
 .rodata.add_alarm_under_lock.str1.4
                0x0000000010006cd4       0x28 CMakeFiles/HandGest.dir/home/anonxx/pico/pico-sdk/src/common/pico_time/time.c.obj
                                         0x2b (size before relaxing)
 .rodata.alarm_pool_alarm_callback.str1.4
                0x0000000010006cfc       0xe6 CMakeFiles/HandGest.dir/home/anonxx/pico/pico-sdk/src/common/pico_time/time.c.obj
 *fill*         0x0000000010006de2        0x2 
 .rodata.alarm_pool_get_default.str1.4
                0x0000000010006de4       0x21 CMakeFiles/HandGest.dir/home/anonxx/pico/pico-sdk/src/common/pico_time/time.c.obj
 *fill*         0x0000000010006e05        0x3 
 .rodata.alarm_pool_cancel_alarm.str1.4
                0x0000000010006e08       0x27 CMakeFiles/HandGest.dir/home/anonxx/pico/pico-sdk/src/common/pico_time/time.c.obj
 *fill*         0x0000000010006e2f        0x1 
 .rodata.__func__.5635
                0x0000000010006e30       0x15 CMakeFiles/HandGest.dir/home/anonxx/pico/pico-sdk/src/common/pico_time/time.c.obj
 *fill*         0x0000000010006e45        0x3 
 .rodata.__func__.5932
                0x0000000010006e48        0xc CMakeFiles/HandGest.dir/home/anonxx/pico/pico-sdk/src/common/pico_time/time.c.obj
 .rodata.__func__.5939
                0x0000000010006e54       0x12 CMakeFiles/HandGest.dir/home/anonxx/pico/pico-sdk/src/common/pico_time/time.c.obj
 *fill*         0x0000000010006e66        0x2 
 .rodata.__func__.5955
                0x0000000010006e68        0xf CMakeFiles/HandGest.dir/home/anonxx/pico/pico-sdk/src/common/pico_time/time.c.obj
 *fill*         0x0000000010006e77        0x1 
 .rodata.__func__.5977
                0x0000000010006e78        0xd CMakeFiles/HandGest.dir/home/anonxx/pico/pico-sdk/src/common/pico_time/time.c.obj
 *fill*         0x0000000010006e85        0x3 
 .rodata.__func__.6096
                0x0000000010006e88        0xa CMakeFiles/HandGest.dir/home/anonxx/pico/pico-sdk/src/common/pico_time/time.c.obj
 *fill*         0x0000000010006e92        0x2 
 .rodata.__func__.6101
                0x0000000010006e94       0x12 CMakeFiles/HandGest.dir/home/anonxx/pico/pico-sdk/src/common/pico_time/time.c.obj
 *fill*         0x0000000010006ea6        0x2 
 .rodata.__func__.6116
                0x0000000010006ea8       0x17 CMakeFiles/HandGest.dir/home/anonxx/pico/pico-sdk/src/common/pico_time/time.c.obj
 *fill*         0x0000000010006ebf        0x1 
 .rodata.__func__.6127
                0x0000000010006ec0       0x15 CMakeFiles/HandGest.dir/home/anonxx/pico/pico-sdk/src/common/pico_time/time.c.obj
 *fill*         0x0000000010006ed5        0x3 
 .rodata.__func__.6144
                0x0000000010006ed8       0x1a CMakeFiles/HandGest.dir/home/anonxx/pico/pico-sdk/src/common/pico_time/time.c.obj
 *fill*         0x0000000010006ef2        0x2 
 .rodata.__func__.6183
                0x0000000010006ef4       0x18 CMakeFiles/HandGest.dir/home/anonxx/pico/pico-sdk/src/common/pico_time/time.c.obj
 .rodata.hardware_alarm_claim.str1.4
                0x0000000010006f0c       0x22 CMakeFiles/HandGest.dir/home/anonxx/pico/pico-sdk/src/rp2_common/hardware_timer/timer.c.obj
 *fill*         0x0000000010006f2e        0x2 
 .rodata.hardware_alarm_set_target.str1.4
                0x0000000010006f30       0x65 CMakeFiles/HandGest.dir/home/anonxx/pico/pico-sdk/src/rp2_common/hardware_timer/timer.c.obj
 *fill*         0x0000000010006f95        0x3 
 .rodata.__func__.4535
                0x0000000010006f98       0x1a CMakeFiles/HandGest.dir/home/anonxx/pico/pico-sdk/src/rp2_common/hardware_timer/timer.c.obj
 *fill*         0x0000000010006fb2        0x2 
 .rodata.str1.4
                0x0000000010006fb4       0x5c CMakeFiles/HandGest.dir/home/anonxx/pico/pico-sdk/src/common/pico_sync/mutex.c.obj
                                         0xc0 (size before relaxing)
 .rodata.__func__.4193
                0x0000000010007010       0x15 CMakeFiles/HandGest.dir/home/anonxx/pico/pico-sdk/src/common/pico_sync/mutex.c.obj
 *fill*         0x0000000010007025        0x3 
 .rodata.__func__.4590
                0x0000000010007028       0x15 CMakeFiles/HandGest.dir/home/anonxx/pico/pico-sdk/src/common/pico_sync/mutex.c.obj
 *fill*         0x000000001000703d        0x3 
 .rodata.__func__.4609
                0x0000000010007040       0x18 CMakeFiles/HandGest.dir/home/anonxx/pico/pico-sdk/src/common/pico_sync/mutex.c.obj
 .rodata.__func__.4618
                0x0000000010007058        0xb CMakeFiles/HandGest.dir/home/anonxx/pico/pico-sdk/src/common/pico_sync/mutex.c.obj
 .rodata.ph_add_child_node.str1.4
                0x0000000010007063       0x96 CMakeFiles/HandGest.dir/home/anonxx/pico/pico-sdk/src/common/pico_util/pheap.c.obj
 *fill*         0x0000000010007063        0x1 
 .rodata.ph_remove_any_head.str1.4
                0x0000000010007064       0x8c CMakeFiles/HandGest.dir/home/anonxx/pico/pico-sdk/src/common/pico_util/pheap.c.obj
 .rodata.ph_remove_and_free_node.str1.4
                0x00000000100070f0       0x26 CMakeFiles/HandGest.dir/home/anonxx/pico/pico-sdk/src/common/pico_util/pheap.c.obj
 *fill*         0x0000000010007116        0x2 
 .rodata.__func__.5708
                0x0000000010007118        0xc CMakeFiles/HandGest.dir/home/anonxx/pico/pico-sdk/src/common/pico_util/pheap.c.obj
 .rodata.__func__.5715
                0x0000000010007124       0x12 CMakeFiles/HandGest.dir/home/anonxx/pico/pico-sdk/src/common/pico_util/pheap.c.obj
 *fill*         0x0000000010007136        0x2 
 .rodata.__func__.5801
                0x0000000010007138       0x13 CMakeFiles/HandGest.dir/home/anonxx/pico/pico-sdk/src/common/pico_util/pheap.c.obj
 *fill*         0x000000001000714b        0x1 
 .rodata.__func__.5819
                0x000000001000714c       0x18 CMakeFiles/HandGest.dir/home/anonxx/pico/pico-sdk/src/common/pico_util/pheap.c.obj
 .rodata.__assert_func.str1.4
                0x0000000010007164       0x3f CMakeFiles/HandGest.dir/home/anonxx/pico/pico-sdk/src/rp2_common/pico_runtime/runtime.c.obj
                                         0x43 (size before relaxing)
 *fill*         0x00000000100071a3        0x1 
 .rodata.panic.str1.4
                0x00000000100071a4       0x12 CMakeFiles/HandGest.dir/home/anonxx/pico/pico-sdk/src/rp2_common/pico_runtime/runtime.c.obj
 *fill*         0x00000000100071b6        0x2 
 .rodata.clock_configure.str1.4
                0x00000000100071b8       0x57 CMakeFiles/HandGest.dir/home/anonxx/pico/pico-sdk/src/rp2_common/hardware_clocks/clocks.c.obj
 *fill*         0x000000001000720f        0x1 
 .rodata.__func__.4655
                0x0000000010007210       0x10 CMakeFiles/HandGest.dir/home/anonxx/pico/pico-sdk/src/rp2_common/hardware_clocks/clocks.c.obj
 .rodata.pll_init.str1.4
                0x0000000010007220       0xdb CMakeFiles/HandGest.dir/home/anonxx/pico/pico-sdk/src/rp2_common/hardware_pll/pll.c.obj
 *fill*         0x00000000100072fb        0x1 
 .rodata.__func__.4385
                0x00000000100072fc        0x9 CMakeFiles/HandGest.dir/home/anonxx/pico/pico-sdk/src/rp2_common/hardware_pll/pll.c.obj
 *fill*         0x0000000010007305        0x3 
 .rodata.make_branch.str1.4
                0x0000000010007308       0x4d CMakeFiles/HandGest.dir/home/anonxx/pico/pico-sdk/src/rp2_common/hardware_irq/irq.c.obj
 *fill*         0x0000000010007355        0x3 
 .rodata.irq_set_exclusive_handler.str1.4
                0x0000000010007358       0x36 CMakeFiles/HandGest.dir/home/anonxx/pico/pico-sdk/src/rp2_common/hardware_irq/irq.c.obj
 *fill*         0x000000001000738e        0x2 
 .rodata.irq_add_shared_handler.str1.4
                0x0000000010007390       0xd9 CMakeFiles/HandGest.dir/home/anonxx/pico/pico-sdk/src/rp2_common/hardware_irq/irq.c.obj
 *fill*         0x0000000010007469        0x3 
 .rodata.irq_remove_handler.str1.4
                0x000000001000746c       0x2a CMakeFiles/HandGest.dir/home/anonxx/pico/pico-sdk/src/rp2_common/hardware_irq/irq.c.obj
 *fill*         0x0000000010007496        0x2 
 .rodata.irq_add_tail_to_free_list.str1.4
                0x0000000010007498       0x32 CMakeFiles/HandGest.dir/home/anonxx/pico/pico-sdk/src/rp2_common/hardware_irq/irq.c.obj
                                         0x3a (size before relaxing)
 *fill*         0x00000000100074ca        0x2 
 .rodata.__func__.4494
                0x00000000100074cc       0x1a CMakeFiles/HandGest.dir/home/anonxx/pico/pico-sdk/src/rp2_common/hardware_irq/irq.c.obj
 *fill*         0x00000000100074e6        0x2 
 .rodata.__func__.4508
                0x00000000100074e8        0xc CMakeFiles/HandGest.dir/home/anonxx/pico/pico-sdk/src/rp2_common/hardware_irq/irq.c.obj
 .rodata.__func__.4516
                0x00000000100074f4       0x17 CMakeFiles/HandGest.dir/home/anonxx/pico/pico-sdk/src/rp2_common/hardware_irq/irq.c.obj
 *fill*         0x000000001000750b        0x1 
 .rodata.__func__.4520
                0x000000001000750c        0xf CMakeFiles/HandGest.dir/home/anonxx/pico/pico-sdk/src/rp2_common/hardware_irq/irq.c.obj
 *fill*         0x000000001000751b        0x1 
 .rodata.__func__.4559
                0x000000001000751c       0x13 CMakeFiles/HandGest.dir/home/anonxx/pico/pico-sdk/src/rp2_common/hardware_irq/irq.c.obj
 *fill*         0x000000001000752f        0x1 
 .rodata.__func__.4578
                0x0000000010007530       0x1a CMakeFiles/HandGest.dir/home/anonxx/pico/pico-sdk/src/rp2_common/hardware_irq/irq.c.obj
 *fill*         0x000000001000754a        0x2 
 .rodata._ftoa.str1.4
                0x000000001000754c       0x15 CMakeFiles/HandGest.dir/home/anonxx/pico/pico-sdk/src/rp2_common/pico_printf/printf.c.obj
 *fill*         0x0000000010007561        0x3 
 .rodata._vsnprintf
                0x0000000010007564      0x1e0 CMakeFiles/HandGest.dir/home/anonxx/pico/pico-sdk/src/rp2_common/pico_printf/printf.c.obj
 *fill*         0x0000000010007744        0x4 
 .rodata.pow10.5422
                0x0000000010007748       0x50 CMakeFiles/HandGest.dir/home/anonxx/pico/pico-sdk/src/rp2_common/pico_printf/printf.c.obj
 .rodata.__aeabi_double_init.str1.4
                0x0000000010007798       0xa8 CMakeFiles/HandGest.dir/home/anonxx/pico/pico-sdk/src/rp2_common/pico_double/double_init_rom.c.obj
 .rodata.__func__.4668
                0x0000000010007840       0x14 CMakeFiles/HandGest.dir/home/anonxx/pico/pico-sdk/src/rp2_common/pico_double/double_init_rom.c.obj
 .rodata.__aeabi_float_init.str1.4
                0x0000000010007854       0x7a CMakeFiles/HandGest.dir/home/anonxx/pico/pico-sdk/src/rp2_common/pico_float/float_init_rom.c.obj
                                         0x7e (size before relaxing)
 *fill*         0x00000000100078ce        0x2 
 .rodata.__func__.4670
                0x00000000100078d0       0x13 CMakeFiles/HandGest.dir/home/anonxx/pico/pico-sdk/src/rp2_common/pico_float/float_init_rom.c.obj
 *fill*         0x00000000100078e3        0x1 
 .rodata.str1.4
                0x00000000100078e4       0x44 CMakeFiles/HandGest.dir/home/anonxx/pico/pico-sdk/src/rp2_common/pico_standard_link/binary_info.c.obj
 .rodata.__bi_44
                0x0000000010007928        0xc CMakeFiles/HandGest.dir/home/anonxx/pico/pico-sdk/src/rp2_common/pico_standard_link/binary_info.c.obj
 .rodata.__bi_56
                0x0000000010007934        0xc CMakeFiles/HandGest.dir/home/anonxx/pico/pico-sdk/src/rp2_common/pico_standard_link/binary_info.c.obj
 .rodata.__bi_75
                0x0000000010007940        0xc CMakeFiles/HandGest.dir/home/anonxx/pico/pico-sdk/src/rp2_common/pico_standard_link/binary_info.c.obj
 .rodata.__bi_81
                0x000000001000794c        0xc CMakeFiles/HandGest.dir/home/anonxx/pico/pico-sdk/src/rp2_common/pico_standard_link/binary_info.c.obj
 .rodata.crlf_str.5996
                0x0000000010007958        0x2 CMakeFiles/HandGest.dir/home/anonxx/pico/pico-sdk/src/rp2_common/pico_stdio/stdio.c.obj
 *fill*         0x000000001000795a        0x2 
 .rodata.str1.4
                0x000000001000795c       0x2c CMakeFiles/HandGest.dir/home/anonxx/pico/pico-sdk/src/rp2_common/pico_stdio_uart/stdio_uart.c.obj
 .rodata.__bi_28.4706
                0x0000000010007988        0xc CMakeFiles/HandGest.dir/home/anonxx/pico/pico-sdk/src/rp2_common/pico_stdio_uart/stdio_uart.c.obj
 .rodata.__bi_29.4710
                0x0000000010007994        0x8 CMakeFiles/HandGest.dir/home/anonxx/pico/pico-sdk/src/rp2_common/pico_stdio_uart/stdio_uart.c.obj
 .rodata._resetd_driver
                0x000000001000799c       0x1c CMakeFiles/HandGest.dir/home/anonxx/pico/pico-sdk/src/rp2_common/pico_stdio_usb/reset_interface.c.obj
 .rodata.stdio_usb_init.str1.4
                0x00000000100079b8       0x61 CMakeFiles/HandGest.dir/home/anonxx/pico/pico-sdk/src/rp2_common/pico_stdio_usb/stdio_usb.c.obj
 .rodata.str1.4
                0x00000000100079b8       0x13 CMakeFiles/HandGest.dir/home/anonxx/pico/pico-sdk/src/rp2_common/pico_stdio_usb/stdio_usb.c.obj
 *fill*         0x00000000100079cb        0x1 
 .rodata.__bi_93.7049
                0x00000000100079cc        0xc CMakeFiles/HandGest.dir/home/anonxx/pico/pico-sdk/src/rp2_common/pico_stdio_usb/stdio_usb.c.obj
 .rodata.__func__.5424
                0x00000000100079d8       0x15 CMakeFiles/HandGest.dir/home/anonxx/pico/pico-sdk/src/rp2_common/pico_stdio_usb/stdio_usb.c.obj
 *fill*         0x00000000100079ed        0x3 
 .rodata.str1.4
                0x00000000100079f0       0x3a CMakeFiles/HandGest.dir/home/anonxx/pico/pico-sdk/src/rp2_common/pico_stdio_usb/stdio_usb_descriptors.c.obj
 *fill*         0x0000000010007a2a        0x2 
 .rodata.usbd_desc_cfg
                0x0000000010007a2c       0x54 CMakeFiles/HandGest.dir/home/anonxx/pico/pico-sdk/src/rp2_common/pico_stdio_usb/stdio_usb_descriptors.c.obj
 .rodata.usbd_desc_device
                0x0000000010007a80       0x12 CMakeFiles/HandGest.dir/home/anonxx/pico/pico-sdk/src/rp2_common/pico_stdio_usb/stdio_usb_descriptors.c.obj
 *fill*         0x0000000010007a92        0x2 
 .rodata.usbd_desc_str
                0x0000000010007a94       0x18 CMakeFiles/HandGest.dir/home/anonxx/pico/pico-sdk/src/rp2_common/pico_stdio_usb/stdio_usb_descriptors.c.obj
 .rodata._hw_endpoint_alloc.str1.4
                0x0000000010007aac       0xb5 CMakeFiles/HandGest.dir/home/anonxx/pico/pico-sdk/lib/tinyusb/src/portable/raspberrypi/rp2040/dcd_rp2040.c.obj
 *fill*         0x0000000010007b61        0x3 
 .rodata._hw_endpoint_init.str1.4
                0x0000000010007b64       0x28 CMakeFiles/HandGest.dir/home/anonxx/pico/pico-sdk/lib/tinyusb/src/portable/raspberrypi/rp2040/dcd_rp2040.c.obj
 .rodata.hw_handle_buff_status.str1.4
                0x0000000010007b8c        0xb CMakeFiles/HandGest.dir/home/anonxx/pico/pico-sdk/lib/tinyusb/src/portable/raspberrypi/rp2040/dcd_rp2040.c.obj
 *fill*         0x0000000010007b97        0x1 
 .rodata.dcd_rp2040_irq.str1.4
                0x0000000010007b98       0x14 CMakeFiles/HandGest.dir/home/anonxx/pico/pico-sdk/lib/tinyusb/src/portable/raspberrypi/rp2040/dcd_rp2040.c.obj
 .rodata._hw_endpoint_stall.str1.4
                0x0000000010007bac        0xd CMakeFiles/HandGest.dir/home/anonxx/pico/pico-sdk/lib/tinyusb/src/portable/raspberrypi/rp2040/dcd_rp2040.c.obj
 *fill*         0x0000000010007bb9        0x3 
 .rodata.dcd_int_enable.str1.4
                0x0000000010007bbc        0xc CMakeFiles/HandGest.dir/home/anonxx/pico/pico-sdk/lib/tinyusb/src/portable/raspberrypi/rp2040/dcd_rp2040.c.obj
 .rodata.__func__.6772
                0x0000000010007bc8       0x13 CMakeFiles/HandGest.dir/home/anonxx/pico/pico-sdk/lib/tinyusb/src/portable/raspberrypi/rp2040/dcd_rp2040.c.obj
 *fill*         0x0000000010007bdb        0x1 
 .rodata.__func__.6803
                0x0000000010007bdc       0x16 CMakeFiles/HandGest.dir/home/anonxx/pico/pico-sdk/lib/tinyusb/src/portable/raspberrypi/rp2040/dcd_rp2040.c.obj
 *fill*         0x0000000010007bf2        0x2 
 .rodata.__func__.6824
                0x0000000010007bf4       0x13 CMakeFiles/HandGest.dir/home/anonxx/pico/pico-sdk/lib/tinyusb/src/portable/raspberrypi/rp2040/dcd_rp2040.c.obj
 *fill*         0x0000000010007c07        0x1 
 .rodata.__func__.6845
                0x0000000010007c08        0x9 CMakeFiles/HandGest.dir/home/anonxx/pico/pico-sdk/lib/tinyusb/src/portable/raspberrypi/rp2040/dcd_rp2040.c.obj
 *fill*         0x0000000010007c11        0x3 
 .rodata.__func__.6849
                0x0000000010007c14        0xf CMakeFiles/HandGest.dir/home/anonxx/pico/pico-sdk/lib/tinyusb/src/portable/raspberrypi/rp2040/dcd_rp2040.c.obj
 *fill*         0x0000000010007c23        0x1 
 .rodata.__func__.6858
                0x0000000010007c24       0x10 CMakeFiles/HandGest.dir/home/anonxx/pico/pico-sdk/lib/tinyusb/src/portable/raspberrypi/rp2040/dcd_rp2040.c.obj
 .rodata.__func__.6870
                0x0000000010007c34        0xc CMakeFiles/HandGest.dir/home/anonxx/pico/pico-sdk/lib/tinyusb/src/portable/raspberrypi/rp2040/dcd_rp2040.c.obj
 .rodata.__func__.6875
                0x0000000010007c40       0x1a CMakeFiles/HandGest.dir/home/anonxx/pico/pico-sdk/lib/tinyusb/src/portable/raspberrypi/rp2040/dcd_rp2040.c.obj
 *fill*         0x0000000010007c5a        0x2 
 .rodata.__func__.6880
                0x0000000010007c5c        0xe CMakeFiles/HandGest.dir/home/anonxx/pico/pico-sdk/lib/tinyusb/src/portable/raspberrypi/rp2040/dcd_rp2040.c.obj
 *fill*         0x0000000010007c6a        0x2 
 .rodata.__func__.6887
                0x0000000010007c6c        0xe CMakeFiles/HandGest.dir/home/anonxx/pico/pico-sdk/lib/tinyusb/src/portable/raspberrypi/rp2040/dcd_rp2040.c.obj
 *fill*         0x0000000010007c7a        0x2 
 .rodata.__func__.6892
                0x0000000010007c7c        0xf CMakeFiles/HandGest.dir/home/anonxx/pico/pico-sdk/lib/tinyusb/src/portable/raspberrypi/rp2040/dcd_rp2040.c.obj
 *fill*         0x0000000010007c8b        0x1 
 .rodata.__func__.6897
                0x0000000010007c8c       0x15 CMakeFiles/HandGest.dir/home/anonxx/pico/pico-sdk/lib/tinyusb/src/portable/raspberrypi/rp2040/dcd_rp2040.c.obj
 *fill*         0x0000000010007ca1        0x3 
 .rodata._hw_endpoint_buffer_control_update32.str1.4
                0x0000000010007ca4       0x1f CMakeFiles/HandGest.dir/home/anonxx/pico/pico-sdk/lib/tinyusb/src/portable/raspberrypi/rp2040/rp2040_usb.c.obj
 *fill*         0x0000000010007cc3        0x1 
 .rodata._hw_endpoint_xfer_sync.str1.4
                0x0000000010007cc4       0x91 CMakeFiles/HandGest.dir/home/anonxx/pico/pico-sdk/lib/tinyusb/src/portable/raspberrypi/rp2040/rp2040_usb.c.obj
 *fill*         0x0000000010007d55        0x3 
 .rodata._hw_endpoint_xfer_continue.str1.4
                0x0000000010007d58       0x50 CMakeFiles/HandGest.dir/home/anonxx/pico/pico-sdk/lib/tinyusb/src/portable/raspberrypi/rp2040/rp2040_usb.c.obj
 .rodata._hw_endpoint_xfer.str1.4
                0x0000000010007da8        0xf CMakeFiles/HandGest.dir/home/anonxx/pico/pico-sdk/lib/tinyusb/src/portable/raspberrypi/rp2040/rp2040_usb.c.obj
 .rodata.str1.4
                0x0000000010007db7        0xf CMakeFiles/HandGest.dir/home/anonxx/pico/pico-sdk/lib/tinyusb/src/portable/raspberrypi/rp2040/rp2040_usb.c.obj
                                          0x7 (size before relaxing)
 *fill*         0x0000000010007db7        0x1 
 .rodata.__func__.6646
                0x0000000010007db8       0x17 CMakeFiles/HandGest.dir/home/anonxx/pico/pico-sdk/lib/tinyusb/src/portable/raspberrypi/rp2040/rp2040_usb.c.obj
 *fill*         0x0000000010007dcf        0x1 
 .rodata.__func__.6657
                0x0000000010007dd0       0x12 CMakeFiles/HandGest.dir/home/anonxx/pico/pico-sdk/lib/tinyusb/src/portable/raspberrypi/rp2040/rp2040_usb.c.obj
 *fill*         0x0000000010007de2        0x2 
 .rodata.process_set_config.str1.4
                0x0000000010007de4       0x17 CMakeFiles/HandGest.dir/home/anonxx/pico/pico-sdk/lib/tinyusb/src/device/usbd.c.obj
 *fill*         0x0000000010007dfb        0x1 
 .rodata.process_get_descriptor
                0x0000000010007dfc       0x40 CMakeFiles/HandGest.dir/home/anonxx/pico/pico-sdk/lib/tinyusb/src/device/usbd.c.obj
 .rodata.dcd_event_handler.str1.4
                0x0000000010007e3c       0x4c CMakeFiles/HandGest.dir/home/anonxx/pico/pico-sdk/lib/tinyusb/src/device/usbd.c.obj
 .rodata.process_control_request
                0x0000000010007e88       0x28 CMakeFiles/HandGest.dir/home/anonxx/pico/pico-sdk/lib/tinyusb/src/device/usbd.c.obj
 .rodata.tud_task
                0x0000000010007eb0       0x24 CMakeFiles/HandGest.dir/home/anonxx/pico/pico-sdk/lib/tinyusb/src/device/usbd.c.obj
 .rodata.__func__.6406
                0x0000000010007ed4       0x13 CMakeFiles/HandGest.dir/home/anonxx/pico/pico-sdk/lib/tinyusb/src/device/usbd.c.obj
 *fill*         0x0000000010007ee7        0x1 
 .rodata.__func__.6413
                0x0000000010007ee8       0x10 CMakeFiles/HandGest.dir/home/anonxx/pico/pico-sdk/lib/tinyusb/src/device/usbd.c.obj
 .rodata.__func__.7184
                0x0000000010007ef8        0x9 CMakeFiles/HandGest.dir/home/anonxx/pico/pico-sdk/lib/tinyusb/src/device/usbd.c.obj
 *fill*         0x0000000010007f01        0x3 
 .rodata.__func__.7205
                0x0000000010007f04       0x18 CMakeFiles/HandGest.dir/home/anonxx/pico/pico-sdk/lib/tinyusb/src/device/usbd.c.obj
 .rodata.__func__.7244
                0x0000000010007f1c       0x13 CMakeFiles/HandGest.dir/home/anonxx/pico/pico-sdk/lib/tinyusb/src/device/usbd.c.obj
 *fill*         0x0000000010007f2f        0x1 
 .rodata.__func__.7287
                0x0000000010007f30       0x17 CMakeFiles/HandGest.dir/home/anonxx/pico/pico-sdk/lib/tinyusb/src/device/usbd.c.obj
 *fill*         0x0000000010007f47        0x1 
 .rodata.__func__.7341
                0x0000000010007f48       0x14 CMakeFiles/HandGest.dir/home/anonxx/pico/pico-sdk/lib/tinyusb/src/device/usbd.c.obj
 .rodata.__func__.7377
                0x0000000010007f5c        0xf CMakeFiles/HandGest.dir/home/anonxx/pico/pico-sdk/lib/tinyusb/src/device/usbd.c.obj
 *fill*         0x0000000010007f6b        0x1 
 .rodata._usbd_driver
                0x0000000010007f6c       0x1c CMakeFiles/HandGest.dir/home/anonxx/pico/pico-sdk/lib/tinyusb/src/device/usbd.c.obj
 .rodata.tud_control_xfer.str1.4
                0x0000000010007f88       0x17 CMakeFiles/HandGest.dir/home/anonxx/pico/pico-sdk/lib/tinyusb/src/device/usbd_control.c.obj
 .rodata.__func__.7104
                0x0000000010007f88       0x11 CMakeFiles/HandGest.dir/home/anonxx/pico/pico-sdk/lib/tinyusb/src/device/usbd_control.c.obj
 *fill*         0x0000000010007f99        0x3 
 .rodata.__func__.7122
                0x0000000010007f9c       0x15 CMakeFiles/HandGest.dir/home/anonxx/pico/pico-sdk/lib/tinyusb/src/device/usbd_control.c.obj
 .rodata.tud_cdc_n_write_flush.str1.4
                0x0000000010007fb1       0x17 CMakeFiles/HandGest.dir/home/anonxx/pico/pico-sdk/lib/tinyusb/src/class/cdc/cdc_device.c.obj
 *fill*         0x0000000010007fb1        0x3 
 .rodata.__func__.7046
                0x0000000010007fb4       0x16 CMakeFiles/HandGest.dir/home/anonxx/pico/pico-sdk/lib/tinyusb/src/class/cdc/cdc_device.c.obj
 *fill*         0x0000000010007fca        0x2 
 .rodata.__func__.7075
                0x0000000010007fcc        0xa CMakeFiles/HandGest.dir/home/anonxx/pico/pico-sdk/lib/tinyusb/src/class/cdc/cdc_device.c.obj
 *fill*         0x0000000010007fd6        0x2 
 .rodata.__func__.7115
                0x0000000010007fd8        0xd CMakeFiles/HandGest.dir/home/anonxx/pico/pico-sdk/lib/tinyusb/src/class/cdc/cdc_device.c.obj
 .rodata.tusb_init.str1.4
                0x0000000010007fe5       0x17 CMakeFiles/HandGest.dir/home/anonxx/pico/pico-sdk/lib/tinyusb/src/tusb.c.obj
 *fill*         0x0000000010007fe5        0x3 
 .rodata.__func__.6983
                0x0000000010007fe8        0xa CMakeFiles/HandGest.dir/home/anonxx/pico/pico-sdk/lib/tinyusb/src/tusb.c.obj
                0x0000000010007ff4                . = ALIGN (0x4)
 *fill*         0x0000000010007ff2        0x2 
 *(SORT_BY_ALIGNMENT(SORT_BY_NAME(.flashdata*)))
                0x0000000010007ff4                . = ALIGN (0x4)

.rel.dyn        0x0000000010007ff4        0x0
 .rel.iplt      0x0000000010007ff4        0x0 /usr/lib/gcc/arm-none-eabi/9.2.1/thumb/v6-m/nofp/crtbegin.o

.ARM.extab
 *(.ARM.extab* .gnu.linkonce.armextab.*)
                0x0000000010007ff4                __exidx_start = .

.ARM.exidx
 *(.ARM.exidx* .gnu.linkonce.armexidx.*)
                0x0000000010007ff4                __exidx_end = .
                0x0000000010007ff4                . = ALIGN (0x4)
                0x0000000010007ff4                __binary_info_start = .

.binary_info    0x0000000010007ff4       0x2c
 *(.binary_info.keep.*)
 .binary_info.keep.__bi_ptr22
                0x0000000010007ff4        0x4 CMakeFiles/HandGest.dir/home/anonxx/pico/pico-sdk/src/rp2_common/pico_standard_link/binary_info.c.obj
 .binary_info.keep.__bi_ptr30
                0x0000000010007ff8        0x4 CMakeFiles/HandGest.dir/home/anonxx/pico/pico-sdk/src/rp2_common/pico_standard_link/binary_info.c.obj
 .binary_info.keep.__bi_ptr38
                0x0000000010007ffc        0x4 CMakeFiles/HandGest.dir/home/anonxx/pico/pico-sdk/src/rp2_common/pico_standard_link/binary_info.c.obj
 .binary_info.keep.__bi_ptr44
                0x0000000010008000        0x4 CMakeFiles/HandGest.dir/home/anonxx/pico/pico-sdk/src/rp2_common/pico_standard_link/binary_info.c.obj
 .binary_info.keep.__bi_ptr50
                0x0000000010008004        0x4 CMakeFiles/HandGest.dir/home/anonxx/pico/pico-sdk/src/rp2_common/pico_standard_link/binary_info.c.obj
 .binary_info.keep.__bi_ptr56
                0x0000000010008008        0x4 CMakeFiles/HandGest.dir/home/anonxx/pico/pico-sdk/src/rp2_common/pico_standard_link/binary_info.c.obj
 .binary_info.keep.__bi_ptr75
                0x000000001000800c        0x4 CMakeFiles/HandGest.dir/home/anonxx/pico/pico-sdk/src/rp2_common/pico_standard_link/binary_info.c.obj
 .binary_info.keep.__bi_ptr81
                0x0000000010008010        0x4 CMakeFiles/HandGest.dir/home/anonxx/pico/pico-sdk/src/rp2_common/pico_standard_link/binary_info.c.obj
 *(.binary_info.*)
 .binary_info.__bi_ptr28
                0x0000000010008014        0x4 CMakeFiles/HandGest.dir/home/anonxx/pico/pico-sdk/src/rp2_common/pico_stdio_uart/stdio_uart.c.obj
 .binary_info.__bi_ptr29
                0x0000000010008018        0x4 CMakeFiles/HandGest.dir/home/anonxx/pico/pico-sdk/src/rp2_common/pico_stdio_uart/stdio_uart.c.obj
 .binary_info.__bi_ptr93
                0x000000001000801c        0x4 CMakeFiles/HandGest.dir/home/anonxx/pico/pico-sdk/src/rp2_common/pico_stdio_usb/stdio_usb.c.obj
                0x0000000010008020                __binary_info_end = .
                0x0000000010008020                . = ALIGN (0x4)
                0x0000000010008020                __etext = .

.ram_vector_table
                0x0000000020000000       0xc0
 *(.ram_vector_table)
 .ram_vector_table
                0x0000000020000000       0xc0 CMakeFiles/HandGest.dir/home/anonxx/pico/pico-sdk/src/rp2_common/pico_runtime/runtime.c.obj
                0x0000000020000000                ram_vector_table

.data           0x00000000200000c0      0x33c load address 0x0000000010008020
                0x00000000200000c0                __data_start__ = .
 *(vtable)
 *(.time_critical*)
 .time_critical.mutex_enter_blocking
                0x00000000200000c0       0x64 CMakeFiles/HandGest.dir/home/anonxx/pico/pico-sdk/src/common/pico_sync/mutex.c.obj
                0x00000000200000c0                mutex_enter_blocking
 .time_critical.mutex_try_enter
                0x0000000020000124       0x48 CMakeFiles/HandGest.dir/home/anonxx/pico/pico-sdk/src/common/pico_sync/mutex.c.obj
                0x0000000020000124                mutex_try_enter
 .time_critical.mutex_enter_block_until
                0x000000002000016c       0x7c CMakeFiles/HandGest.dir/home/anonxx/pico/pico-sdk/src/common/pico_sync/mutex.c.obj
                0x000000002000016c                mutex_enter_block_until
 .time_critical.mutex_enter_timeout_ms
                0x00000000200001e8       0x78 CMakeFiles/HandGest.dir/home/anonxx/pico/pico-sdk/src/common/pico_sync/mutex.c.obj
                0x00000000200001e8                mutex_enter_timeout_ms
 .time_critical.mutex_exit
                0x0000000020000260       0x4c CMakeFiles/HandGest.dir/home/anonxx/pico/pico-sdk/src/common/pico_sync/mutex.c.obj
                0x0000000020000260                mutex_exit
 *(.text*)
 .text          0x00000000200002ac        0x4 /usr/lib/gcc/arm-none-eabi/9.2.1/thumb/v6-m/nofp/libgcc.a(_dvmd_tls.o)
                0x00000000200002ac                __aeabi_ldiv0
                0x00000000200002ac                __aeabi_idiv0
 .text.__stub   0x00000000200002b0       0x40 linker stubs
                0x00000000200002f0                . = ALIGN (0x4)
 *(.rodata*)
                0x00000000200002f0                . = ALIGN (0x4)
 *(.data*)
 .data.striped_spin_lock_num
                0x00000000200002f0        0x1 CMakeFiles/HandGest.dir/home/anonxx/pico/pico-sdk/src/rp2_common/hardware_sync/sync.c.obj
 *fill*         0x00000000200002f1        0x3 
 .data.default_alarm_pool
                0x00000000200002f4       0x18 CMakeFiles/HandGest.dir/home/anonxx/pico/pico-sdk/src/common/pico_time/time.c.obj
 .data.default_alarm_pool_heap
                0x000000002000030c       0x10 CMakeFiles/HandGest.dir/home/anonxx/pico/pico-sdk/src/common/pico_time/time.c.obj
 .data          0x000000002000031c       0x48 CMakeFiles/HandGest.dir/home/anonxx/pico/pico-sdk/src/rp2_common/hardware_irq/irq_handler_chain.S.obj
                0x000000002000031c                irq_handler_chain_slots
                0x000000002000034c                irq_handler_chain_first_slot
                0x0000000020000356                irq_handler_chain_remove_tail
 *fill*         0x0000000020000364        0xc 
 .data.aeabi_bits_funcs
                0x0000000020000370       0x10 CMakeFiles/HandGest.dir/home/anonxx/pico/pico-sdk/src/rp2_common/pico_bit_ops/bit_ops_aeabi.S.obj
                0x0000000020000370                aeabi_bits_funcs
                0x0000000020000380                aeabi_bits_funcs_end
 .data.aeabi_mem_funcs
                0x0000000020000380       0x10 CMakeFiles/HandGest.dir/home/anonxx/pico/pico-sdk/src/rp2_common/pico_mem_ops/mem_ops_aeabi.S.obj
                0x0000000020000380                aeabi_mem_funcs
                0x0000000020000390                aeabi_mem_funcs_end
 .data.stdio_uart
                0x0000000020000390       0x14 CMakeFiles/HandGest.dir/home/anonxx/pico/pico-sdk/src/rp2_common/pico_stdio_uart/stdio_uart.c.obj
                0x0000000020000390                stdio_uart
 .data.stdio_usb
                0x00000000200003a4       0x14 CMakeFiles/HandGest.dir/home/anonxx/pico/pico-sdk/src/rp2_common/pico_stdio_usb/stdio_usb.c.obj
                0x00000000200003a4                stdio_usb
 .data.ep_dir_string
                0x00000000200003b8        0x8 CMakeFiles/HandGest.dir/home/anonxx/pico/pico-sdk/lib/tinyusb/src/portable/raspberrypi/rp2040/rp2040_usb.c.obj
                0x00000000200003b8                ep_dir_string
 .data._usbd_qdef
                0x00000000200003c0       0x20 CMakeFiles/HandGest.dir/home/anonxx/pico/pico-sdk/lib/tinyusb/src/device/usbd.c.obj
                0x00000000200003c0                _usbd_qdef
                0x00000000200003e0                . = ALIGN (0x4)
 *(.after_data.*)
                0x00000000200003e0                . = ALIGN (0x4)
                0x00000000200003e0                PROVIDE (__mutex_array_start = .)
 *(SORT_BY_NAME(.mutex_array.*))
 *(.mutex_array)
 .mutex_array   0x00000000200003e0        0x8 CMakeFiles/HandGest.dir/home/anonxx/pico/pico-sdk/src/rp2_common/pico_stdio/stdio.c.obj
                0x00000000200003e8                PROVIDE (__mutex_array_end = .)
                0x00000000200003e8                . = ALIGN (0x4)
                0x00000000200003e8                PROVIDE (__preinit_array_start = .)
 *(SORT_BY_NAME(.preinit_array.*))
 .preinit_array.00001
                0x00000000200003e8        0x4 CMakeFiles/HandGest.dir/home/anonxx/pico/pico-sdk/src/rp2_common/pico_mem_ops/mem_ops_aeabi.S.obj
 .preinit_array.00010
                0x00000000200003ec        0x4 CMakeFiles/HandGest.dir/home/anonxx/pico/pico-sdk/src/rp2_common/pico_bit_ops/bit_ops_aeabi.S.obj
 .preinit_array.00020
                0x00000000200003f0        0x4 CMakeFiles/HandGest.dir/home/anonxx/pico/pico-sdk/src/rp2_common/pico_double/double_aeabi.S.obj
 .preinit_array.00020
                0x00000000200003f4        0x4 CMakeFiles/HandGest.dir/home/anonxx/pico/pico-sdk/src/rp2_common/pico_float/float_aeabi.S.obj
 *(.preinit_array)
                0x00000000200003f8                PROVIDE (__preinit_array_end = .)
                0x00000000200003f8                . = ALIGN (0x4)
                0x00000000200003f8                PROVIDE (__init_array_start = .)
 *(SORT_BY_NAME(.init_array.*))
 *(.init_array)
 .init_array    0x00000000200003f8        0x4 /usr/lib/gcc/arm-none-eabi/9.2.1/thumb/v6-m/nofp/crtbegin.o
                0x00000000200003fc                PROVIDE (__init_array_end = .)
                0x00000000200003fc                . = ALIGN (0x4)
                0x00000000200003fc                PROVIDE (__fini_array_start = .)
 *(SORT_BY_NAME(.fini_array.*))
 *(.fini_array)
                0x00000000200003fc                PROVIDE (__fini_array_end = .)
 *(.jcr)
                0x00000000200003fc                . = ALIGN (0x4)
                0x00000000200003fc                __data_end__ = .

.tm_clone_table
                0x00000000200003fc        0x0 load address 0x000000001000835c
 .tm_clone_table
                0x00000000200003fc        0x0 /usr/lib/gcc/arm-none-eabi/9.2.1/thumb/v6-m/nofp/crtbegin.o
 .tm_clone_table
                0x00000000200003fc        0x0 /usr/lib/gcc/arm-none-eabi/9.2.1/thumb/v6-m/nofp/crtend.o

.igot.plt       0x00000000200003fc        0x0 load address 0x000000001000835c