Archive member included to satisfy reference by file (symbol)

/usr/lib/gcc/arm-none-eabi/9.2.1/thumb/v6-m/nofp/libgcc.a(_dvmd_tls.o)
                              CMakeFiles/Pico_Game_Controller.dir/home/anonxx/picco/pico-sdk/src/rp2_common/pico_divider/divider.S.obj (__aeabi_idiv0)
/usr/lib/gcc/arm-none-eabi/9.2.1/../../../arm-none-eabi/lib/thumb/v6-m/nofp/libg.a(lib_a-atexit.o)
                              /usr/lib/gcc/arm-none-eabi/9.2.1/../../../arm-none-eabi/lib/thumb/v6-m/nofp/crt0.o (atexit)
/usr/lib/gcc/arm-none-eabi/9.2.1/../../../arm-none-eabi/lib/thumb/v6-m/nofp/libg.a(lib_a-calloc.o)
                              CMakeFiles/Pico_Game_Controller.dir/home/anonxx/picco/pico-sdk/src/rp2_common/pico_malloc/pico_malloc.c.obj (calloc)
/usr/lib/gcc/arm-none-eabi/9.2.1/../../../arm-none-eabi/lib/thumb/v6-m/nofp/libg.a(lib_a-callocr.o)
                              /usr/lib/gcc/arm-none-eabi/9.2.1/../../../arm-none-eabi/lib/thumb/v6-m/nofp/libg.a(lib_a-calloc.o) (_calloc_r)
/usr/lib/gcc/arm-none-eabi/9.2.1/../../../arm-none-eabi/lib/thumb/v6-m/nofp/libg.a(lib_a-ctype_.o)
                              CMakeFiles/Pico_Game_Controller.dir/home/anonxx/picco/pico-sdk/lib/tinyusb/src/tusb.c.obj (_ctype_)
/usr/lib/gcc/arm-none-eabi/9.2.1/../../../arm-none-eabi/lib/thumb/v6-m/nofp/libg.a(lib_a-fini.o)
                              /usr/lib/gcc/arm-none-eabi/9.2.1/../../../arm-none-eabi/lib/thumb/v6-m/nofp/crt0.o (__libc_fini_array)
/usr/lib/gcc/arm-none-eabi/9.2.1/../../../arm-none-eabi/lib/thumb/v6-m/nofp/libg.a(lib_a-impure.o)
                              /usr/lib/gcc/arm-none-eabi/9.2.1/../../../arm-none-eabi/lib/thumb/v6-m/nofp/libg.a(lib_a-calloc.o) (_impure_ptr)
/usr/lib/gcc/arm-none-eabi/9.2.1/../../../arm-none-eabi/lib/thumb/v6-m/nofp/libg.a(lib_a-init.o)
                              /usr/lib/gcc/arm-none-eabi/9.2.1/../../../arm-none-eabi/lib/thumb/v6-m/nofp/crt0.o (__libc_init_array)
/usr/lib/gcc/arm-none-eabi/9.2.1/../../../arm-none-eabi/lib/thumb/v6-m/nofp/libg.a(lib_a-malloc.o)
                              CMakeFiles/Pico_Game_Controller.dir/home/anonxx/picco/pico-sdk/src/rp2_common/pico_malloc/pico_malloc.c.obj (malloc)
/usr/lib/gcc/arm-none-eabi/9.2.1/../../../arm-none-eabi/lib/thumb/v6-m/nofp/libg.a(lib_a-mallocr.o)
                              /usr/lib/gcc/arm-none-eabi/9.2.1/../../../arm-none-eabi/lib/thumb/v6-m/nofp/libg.a(lib_a-callocr.o) (_malloc_r)
/usr/lib/gcc/arm-none-eabi/9.2.1/../../../arm-none-eabi/lib/thumb/v6-m/nofp/libg.a(lib_a-mlock.o)
                              /usr/lib/gcc/arm-none-eabi/9.2.1/../../../arm-none-eabi/lib/thumb/v6-m/nofp/libg.a(lib_a-mallocr.o) (__malloc_lock)
/usr/lib/gcc/arm-none-eabi/9.2.1/../../../arm-none-eabi/lib/thumb/v6-m/nofp/libg.a(lib_a-sbrkr.o)
                              /usr/lib/gcc/arm-none-eabi/9.2.1/../../../arm-none-eabi/lib/thumb/v6-m/nofp/libg.a(lib_a-mallocr.o) (_sbrk_r)
/usr/lib/gcc/arm-none-eabi/9.2.1/../../../arm-none-eabi/lib/thumb/v6-m/nofp/libg.a(lib_a-strlen-stub.o)
                              CMakeFiles/Pico_Game_Controller.dir/usb_descriptors.c.obj (strlen)
/usr/lib/gcc/arm-none-eabi/9.2.1/../../../arm-none-eabi/lib/thumb/v6-m/nofp/libg.a(lib_a-__atexit.o)
                              /usr/lib/gcc/arm-none-eabi/9.2.1/../../../arm-none-eabi/lib/thumb/v6-m/nofp/libg.a(lib_a-atexit.o) (__register_exitproc)
/usr/lib/gcc/arm-none-eabi/9.2.1/../../../arm-none-eabi/lib/thumb/v6-m/nofp/libg.a(lib_a-freer.o)
                              /usr/lib/gcc/arm-none-eabi/9.2.1/../../../arm-none-eabi/lib/thumb/v6-m/nofp/libg.a(lib_a-malloc.o) (_free_r)
/usr/lib/gcc/arm-none-eabi/9.2.1/../../../arm-none-eabi/lib/thumb/v6-m/nofp/libg.a(lib_a-reent.o)
                              /usr/lib/gcc/arm-none-eabi/9.2.1/../../../arm-none-eabi/lib/thumb/v6-m/nofp/libg.a(lib_a-sbrkr.o) (errno)

Allocating common symbols
Common symbol       size              file

pio                 0x4               CMakeFiles/Pico_Game_Controller.dir/pico_game_controller.c.obj
dig_T1              0x2               CMakeFiles/Pico_Game_Controller.dir/pico_game_controller.c.obj
sf_table            0x100             CMakeFiles/Pico_Game_Controller.dir/home/anonxx/picco/pico-sdk/src/rp2_common/pico_float/float_init_rom.c.obj
errno               0x4               /usr/lib/gcc/arm-none-eabi/9.2.1/../../../arm-none-eabi/lib/thumb/v6-m/nofp/libg.a(lib_a-reent.o)
dig_T2              0x2               CMakeFiles/Pico_Game_Controller.dir/pico_game_controller.c.obj
sw_changed          0x1               CMakeFiles/Pico_Game_Controller.dir/pico_game_controller.c.obj
_usbd_qdef_buf      0xc0              CMakeFiles/Pico_Game_Controller.dir/home/anonxx/picco/pico-sdk/lib/tinyusb/src/device/usbd.c.obj
prev_enc_val        0x8               CMakeFiles/Pico_Game_Controller.dir/pico_game_controller.c.obj
prev_sw_val         0xa               CMakeFiles/Pico_Game_Controller.dir/pico_game_controller.c.obj
[...]
Memory Configuration

Name             Origin             Length             Attributes
FLASH            0x0000000010000000 0x0000000000200000 xr
RAM              0x0000000020000000 0x0000000000040000 xrw
SCRATCH_X        0x0000000020040000 0x0000000000001000 xrw
SCRATCH_Y        0x0000000020041000 0x0000000000001000 xrw
*default*        0x0000000000000000 0xffffffffffffffff

Linker script and memory map

LOAD /usr/lib/gcc/arm-none-eabi/9.2.1/thumb/v6-m/nofp/crti.o
LOAD /usr/lib/gcc/arm-none-eabi/9.2.1/thumb/v6-m/nofp/crtbegin.o
LOAD /usr/lib/gcc/arm-none-eabi/9.2.1/../../../arm-none-eabi/lib/thumb/v6-m/nofp/crt0.o

.flash_begin    0x0000000010000000        0x0
                0x0000000010000000                __flash_binary_start = .

.boot2          0x0000000010000000      0x100
                0x0000000010000000                __boot2_start__ = .
 *(.boot2)
 .boot2         0x0000000010000000      0x100 /tmp/cciSKZgF.o
                0x0000000010000100                __boot2_end__ = .
                0x0000000000000001                ASSERT (((__boot2_end__ - __boot2_start__) == 0x100), ERROR: Pico second stage bootloader must be 256 bytes in size)

.text           0x0000000010000100     0x6d08
                0x0000000010000100                __logical_binary_start = .
 *(.vectors)
 .vectors       0x0000000010000100       0xd4 CMakeFiles/Pico_Game_Controller.dir/home/anonxx/picco/pico-sdk/src/rp2_common/pico_standard_link/crt0.S.obj
                0x0000000010000100                __vectors
                0x00000000100001c0                isr_invalid
                0x00000000100001c2                isr_nmi
                0x00000000100001c4                isr_hardfault
                0x00000000100001c6                isr_svcall
                0x00000000100001c8                isr_pendsv
                0x00000000100001ca                isr_systick
                0x00000000100001cc                isr_irq30
                0x00000000100001cc                __unhandled_user_irq
                0x00000000100001cc                isr_irq13
                0x00000000100001cc                isr_irq27
                0x00000000100001cc                isr_irq31
                0x00000000100001cc                isr_irq5
                0x00000000100001cc                isr_irq11
                0x00000000100001cc                isr_irq23
                0x00000000100001cc                isr_irq18
                0x00000000100001cc                isr_irq28
                0x00000000100001cc                isr_irq19
                0x00000000100001cc                isr_irq0
                0x00000000100001cc                isr_irq6
                0x00000000100001cc                isr_irq22
                0x00000000100001cc                isr_irq17
                0x00000000100001cc                isr_irq14
                0x00000000100001cc                isr_irq2
                0x00000000100001cc                isr_irq10
                0x00000000100001cc                isr_irq8
                0x00000000100001cc                isr_irq24
                0x00000000100001cc                isr_irq1
                0x00000000100001cc                isr_irq7
                0x00000000100001cc                isr_irq21
                0x00000000100001cc                isr_irq20
                0x00000000100001cc                isr_irq15
                0x00000000100001cc                isr_irq25
                0x00000000100001cc                isr_irq4
                0x00000000100001cc                isr_irq16
                0x00000000100001cc                isr_irq29
                0x00000000100001cc                isr_irq26
                0x00000000100001cc                isr_irq3
                0x00000000100001cc                isr_irq12
                0x00000000100001cc                isr_irq9
                0x00000000100001d2                unhandled_user_irq_num_in_r0
 *(.binary_info_header)
 .binary_info_header
                0x00000000100001d4       0x14 CMakeFiles/Pico_Game_Controller.dir/home/anonxx/picco/pico-sdk/src/rp2_common/pico_standard_link/crt0.S.obj
                0x00000000100001e8                __binary_info_header_end = .
 *(.reset)
 .reset         0x00000000100001e8       0xa8 CMakeFiles/Pico_Game_Controller.dir/home/anonxx/picco/pico-sdk/src/rp2_common/pico_standard_link/crt0.S.obj
                0x00000000100001e8                _entry_point
                0x0000000010000266                __get_current_exception
 .reset         0x0000000010000290       0x30 CMakeFiles/Pico_Game_Controller.dir/home/anonxx/picco/pico-sdk/src/rp2_common/pico_standard_link/binary_info.c.obj
 *(.init)
 .init          0x00000000100002c0        0x4 /usr/lib/gcc/arm-none-eabi/9.2.1/thumb/v6-m/nofp/crti.o
                0x00000000100002c0                _init
 *(EXCLUDE_FILE(*libm.a: *libc.a:*lib_a-mem*.o *libgcc.a:) .text*)
 .text          0x00000000100002c4       0x98 /usr/lib/gcc/arm-none-eabi/9.2.1/thumb/v6-m/nofp/crtbegin.o
 .text.dma_handler
                0x000000001000035c       0x40 CMakeFiles/Pico_Game_Controller.dir/pico_game_controller.c.obj
                0x000000001000035c                dma_handler
 .text.init     0x000000001000039c      0x27c CMakeFiles/Pico_Game_Controller.dir/pico_game_controller.c.obj
                0x000000001000039c                init
 .text.update_inputs
                0x0000000010000618       0x74 CMakeFiles/Pico_Game_Controller.dir/pico_game_controller.c.obj
                0x0000000010000618                update_inputs
 .text.key_mode
                0x000000001000068c       0xa4 CMakeFiles/Pico_Game_Controller.dir/pico_game_controller.c.obj
                0x000000001000068c                key_mode
 .text.main     0x0000000010000730      0x2a8 CMakeFiles/Pico_Game_Controller.dir/pico_game_controller.c.obj
                0x0000000010000730                main
 .text.tud_hid_get_report_cb
                0x00000000100009d8        0x4 CMakeFiles/Pico_Game_Controller.dir/pico_game_controller.c.obj
                0x00000000100009d8                tud_hid_get_report_cb
 .text.tud_hid_set_report_cb
                0x00000000100009dc        0x2 CMakeFiles/Pico_Game_Controller.dir/pico_game_controller.c.obj
                0x00000000100009dc                tud_hid_set_report_cb
 *fill*         0x00000000100009de        0x2 
 .text.tud_descriptor_device_cb
                0x00000000100009e0        0x8 CMakeFiles/Pico_Game_Controller.dir/usb_descriptors.c.obj
                0x00000000100009e0                tud_descriptor_device_cb
 .text.tud_hid_descriptor_report_cb
                0x00000000100009e8        0x8 CMakeFiles/Pico_Game_Controller.dir/usb_descriptors.c.obj
                0x00000000100009e8                tud_hid_descriptor_report_cb
 .text.tud_descriptor_configuration_cb
                0x00000000100009f0        0x8 CMakeFiles/Pico_Game_Controller.dir/usb_descriptors.c.obj
                0x00000000100009f0                tud_descriptor_configuration_cb
 .text.tud_descriptor_string_cb
                0x00000000100009f8       0x60 CMakeFiles/Pico_Game_Controller.dir/usb_descriptors.c.obj
                0x00000000100009f8                tud_descriptor_string_cb
 .text.setup_default_uart
                0x0000000010000a58        0x8 CMakeFiles/Pico_Game_Controller.dir/home/anonxx/picco/pico-sdk/src/rp2_common/pico_stdlib/stdlib.c.obj
                0x0000000010000a58                setup_default_uart
 .text.gpio_set_function
                0x0000000010000a60       0x30 CMakeFiles/Pico_Game_Controller.dir/home/anonxx/picco/pico-sdk/src/rp2_common/hardware_gpio/gpio.c.obj
                0x0000000010000a60                gpio_set_function
 .text.gpio_set_pulls
                0x0000000010000a90       0x34 CMakeFiles/Pico_Game_Controller.dir/home/anonxx/picco/pico-sdk/src/rp2_common/hardware_gpio/gpio.c.obj
                0x0000000010000a90                gpio_set_pulls
 .text.gpio_init
                0x0000000010000ac4       0x16 CMakeFiles/Pico_Game_Controller.dir/home/anonxx/picco/pico-sdk/src/rp2_common/hardware_gpio/gpio.c.obj
                0x0000000010000ac4                gpio_init
 *fill*         0x0000000010000ada        0x2 
 .text.hw_claim_lock
                0x0000000010000adc       0x18 CMakeFiles/Pico_Game_Controller.dir/home/anonxx/picco/pico-sdk/src/rp2_common/hardware_claim/claim.c.obj
                0x0000000010000adc                hw_claim_lock
 .text.hw_claim_unlock
                0x0000000010000af4       0x14 CMakeFiles/Pico_Game_Controller.dir/home/anonxx/picco/pico-sdk/src/rp2_common/hardware_claim/claim.c.obj
                0x0000000010000af4                hw_claim_unlock
 .text.hw_claim_or_assert
                0x0000000010000b08       0x36 CMakeFiles/Pico_Game_Controller.dir/home/anonxx/picco/pico-sdk/src/rp2_common/hardware_claim/claim.c.obj
                0x0000000010000b08                hw_claim_or_assert
 .text.hw_claim_unused_from_range
                0x0000000010000b3e       0x58 CMakeFiles/Pico_Game_Controller.dir/home/anonxx/picco/pico-sdk/src/rp2_common/hardware_claim/claim.c.obj
                0x0000000010000b3e                hw_claim_unused_from_range
 *fill*         0x0000000010000b96        0x2 
 .text.spin_locks_reset
                0x0000000010000b98       0x20 CMakeFiles/Pico_Game_Controller.dir/home/anonxx/picco/pico-sdk/src/rp2_common/hardware_sync/sync.c.obj
                0x0000000010000b98                spin_locks_reset
 .text.next_striped_spin_lock_num
                0x0000000010000bb8       0x1c CMakeFiles/Pico_Game_Controller.dir/home/anonxx/picco/pico-sdk/src/rp2_common/hardware_sync/sync.c.obj
                0x0000000010000bb8                next_striped_spin_lock_num
 .text.spin_lock_claim_unused
                0x0000000010000bd4       0x20 CMakeFiles/Pico_Game_Controller.dir/home/anonxx/picco/pico-sdk/src/rp2_common/hardware_sync/sync.c.obj
                0x0000000010000bd4                spin_lock_claim_unused
 .text.running_on_fpga
                0x0000000010000bf4       0x14 CMakeFiles/Pico_Game_Controller.dir/home/anonxx/picco/pico-sdk/src/rp2_common/pico_platform/platform.c.obj
                0x0000000010000bf4                running_on_fpga
 .text.uart_set_baudrate
                0x0000000010000c08       0x64 CMakeFiles/Pico_Game_Controller.dir/home/anonxx/picco/pico-sdk/src/rp2_common/hardware_uart/uart.c.obj
                0x0000000010000c08                uart_set_baudrate
 .text.uart_set_translate_crlf
                0x0000000010000c6c       0x28 CMakeFiles/Pico_Game_Controller.dir/home/anonxx/picco/pico-sdk/src/rp2_common/hardware_uart/uart.c.obj
                0x0000000010000c6c                uart_set_translate_crlf
 .text.uart_init
                0x0000000010000c94       0x80 CMakeFiles/Pico_Game_Controller.dir/home/anonxx/picco/pico-sdk/src/rp2_common/hardware_uart/uart.c.obj
                0x0000000010000c94                uart_init
 .text.sev_callback
                0x0000000010000d14        0x8 CMakeFiles/Pico_Game_Controller.dir/home/anonxx/picco/pico-sdk/src/common/pico_time/time.c.obj
 .text.alarm_pool_post_alloc_init
                0x0000000010000d1c       0x40 CMakeFiles/Pico_Game_Controller.dir/home/anonxx/picco/pico-sdk/src/common/pico_time/time.c.obj
 .text.timer_pool_entry_comparator
                0x0000000010000d5c       0x7c CMakeFiles/Pico_Game_Controller.dir/home/anonxx/picco/pico-sdk/src/common/pico_time/time.c.obj
                0x0000000010000d5c                timer_pool_entry_comparator
 .text.ph_add_child_node
                0x0000000010000dd8       0xa4 CMakeFiles/Pico_Game_Controller.dir/home/anonxx/picco/pico-sdk/src/common/pico_time/time.c.obj
 .text.ph_merge_nodes
                0x0000000010000e7c       0x3e CMakeFiles/Pico_Game_Controller.dir/home/anonxx/picco/pico-sdk/src/common/pico_time/time.c.obj
 *fill*         0x0000000010000eba        0x2 
 .text.add_alarm_under_lock
                0x0000000010000ebc      0x174 CMakeFiles/Pico_Game_Controller.dir/home/anonxx/picco/pico-sdk/src/common/pico_time/time.c.obj
 .text.alarm_pool_alarm_callback
                0x0000000010001030      0x32c CMakeFiles/Pico_Game_Controller.dir/home/anonxx/picco/pico-sdk/src/common/pico_time/time.c.obj
 .text.alarm_pool_init_default
                0x000000001000135c       0x2c CMakeFiles/Pico_Game_Controller.dir/home/anonxx/picco/pico-sdk/src/common/pico_time/time.c.obj
                0x000000001000135c                alarm_pool_init_default
 .text.alarm_pool_get_default
                0x0000000010001388       0x2c CMakeFiles/Pico_Game_Controller.dir/home/anonxx/picco/pico-sdk/src/common/pico_time/time.c.obj
                0x0000000010001388                alarm_pool_get_default
 .text.alarm_pool_add_alarm_at
                0x00000000100013b4      0x170 CMakeFiles/Pico_Game_Controller.dir/home/anonxx/picco/pico-sdk/src/common/pico_time/time.c.obj
                0x00000000100013b4                alarm_pool_add_alarm_at
 .text.alarm_pool_cancel_alarm
                0x0000000010001524       0xec CMakeFiles/Pico_Game_Controller.dir/home/anonxx/picco/pico-sdk/src/common/pico_time/time.c.obj
                0x0000000010001524                alarm_pool_cancel_alarm
 .text.best_effort_wfe_or_timeout
                0x0000000010001610       0x80 CMakeFiles/Pico_Game_Controller.dir/home/anonxx/picco/pico-sdk/src/common/pico_time/time.c.obj
                0x0000000010001610                best_effort_wfe_or_timeout
 .text.hardware_alarm_irq_handler
                0x0000000010001690       0x8c CMakeFiles/Pico_Game_Controller.dir/home/anonxx/picco/pico-sdk/src/rp2_common/hardware_timer/timer.c.obj
 .text.hardware_alarm_claim
                0x000000001000171c       0x18 CMakeFiles/Pico_Game_Controller.dir/home/anonxx/picco/pico-sdk/src/rp2_common/hardware_timer/timer.c.obj
                0x000000001000171c                hardware_alarm_claim
 .text.time_us_64
                0x0000000010001734       0x18 CMakeFiles/Pico_Game_Controller.dir/home/anonxx/picco/pico-sdk/src/rp2_common/hardware_timer/timer.c.obj
                0x0000000010001734                time_us_64
 .text.hardware_alarm_set_callback
                0x000000001000174c       0x90 CMakeFiles/Pico_Game_Controller.dir/home/anonxx/picco/pico-sdk/src/rp2_common/hardware_timer/timer.c.obj
                0x000000001000174c                hardware_alarm_set_callback
 .text.hardware_alarm_set_target
                0x00000000100017dc       0xe8 CMakeFiles/Pico_Game_Controller.dir/home/anonxx/picco/pico-sdk/src/rp2_common/hardware_timer/timer.c.obj
                0x00000000100017dc                hardware_alarm_set_target
 .text.hardware_alarm_cancel
                0x00000000100018c4       0x40 CMakeFiles/Pico_Game_Controller.dir/home/anonxx/picco/pico-sdk/src/rp2_common/hardware_timer/timer.c.obj
                0x00000000100018c4                hardware_alarm_cancel
 .text.lock_init
                0x0000000010001904       0x10 CMakeFiles/Pico_Game_Controller.dir/home/anonxx/picco/pico-sdk/src/common/pico_sync/lock_core.c.obj
                0x0000000010001904                lock_init
 .text.mutex_init
                0x0000000010001914       0x1a CMakeFiles/Pico_Game_Controller.dir/home/anonxx/picco/pico-sdk/src/common/pico_sync/mutex.c.obj
                0x0000000010001914                mutex_init
 .text.critical_section_init_with_lock_num
                0x000000001000192e        0xc CMakeFiles/Pico_Game_Controller.dir/home/anonxx/picco/pico-sdk/src/common/pico_sync/critical_section.c.obj
                0x000000001000192e                critical_section_init_with_lock_num
 .text.critical_section_init
                0x000000001000193a       0x14 CMakeFiles/Pico_Game_Controller.dir/home/anonxx/picco/pico-sdk/src/common/pico_sync/critical_section.c.obj
                0x000000001000193a                critical_section_init
 *fill*         0x000000001000194e        0x2 
 .text.ph_add_child_node
                0x0000000010001950       0xa4 CMakeFiles/Pico_Game_Controller.dir/home/anonxx/picco/pico-sdk/src/common/pico_util/pheap.c.obj
 .text.ph_merge_nodes
                0x00000000100019f4       0x3e CMakeFiles/Pico_Game_Controller.dir/home/anonxx/picco/pico-sdk/src/common/pico_util/pheap.c.obj
 *fill*         0x0000000010001a32        0x2 
 .text.ph_clear
                0x0000000010001a34       0x70 CMakeFiles/Pico_Game_Controller.dir/home/anonxx/picco/pico-sdk/src/common/pico_util/pheap.c.obj
                0x0000000010001a34                ph_clear
 .text.ph_post_alloc_init
                0x0000000010001aa4        0xe CMakeFiles/Pico_Game_Controller.dir/home/anonxx/picco/pico-sdk/src/common/pico_util/pheap.c.obj
                0x0000000010001aa4                ph_post_alloc_init
 *fill*         0x0000000010001ab2        0x2 
 .text.ph_merge_two_pass
                0x0000000010001ab4       0xa8 CMakeFiles/Pico_Game_Controller.dir/home/anonxx/picco/pico-sdk/src/common/pico_util/pheap.c.obj
                0x0000000010001ab4                ph_merge_two_pass
 .text.ph_remove_any_head
                0x0000000010001b5c      0x108 CMakeFiles/Pico_Game_Controller.dir/home/anonxx/picco/pico-sdk/src/common/pico_util/pheap.c.obj
 .text.ph_remove_head
                0x0000000010001c64       0x14 CMakeFiles/Pico_Game_Controller.dir/home/anonxx/picco/pico-sdk/src/common/pico_util/pheap.c.obj
                0x0000000010001c64                ph_remove_head
 .text.ph_remove_and_free_node
                0x0000000010001c78       0xf8 CMakeFiles/Pico_Game_Controller.dir/home/anonxx/picco/pico-sdk/src/common/pico_util/pheap.c.obj
                0x0000000010001c78                ph_remove_and_free_node
 .text.runtime_init
                0x0000000010001d70       0xcc CMakeFiles/Pico_Game_Controller.dir/home/anonxx/picco/pico-sdk/src/rp2_common/pico_runtime/runtime.c.obj
                0x0000000010001d70                runtime_init
 .text._exit    0x0000000010001e3c        0x4 CMakeFiles/Pico_Game_Controller.dir/home/anonxx/picco/pico-sdk/src/rp2_common/pico_runtime/runtime.c.obj
                0x0000000010001e3c                _exit
 .text.exit     0x0000000010001e40        0x6 CMakeFiles/Pico_Game_Controller.dir/home/anonxx/picco/pico-sdk/src/rp2_common/pico_runtime/runtime.c.obj
                0x0000000010001e40                exit
 *fill*         0x0000000010001e46        0x2 
 .text.__assert_func
                0x0000000010001e48       0x3c CMakeFiles/Pico_Game_Controller.dir/home/anonxx/picco/pico-sdk/src/rp2_common/pico_runtime/runtime.c.obj
                0x0000000010001e48                __assert_func
 .text.panic    0x0000000010001e84       0x30 CMakeFiles/Pico_Game_Controller.dir/home/anonxx/picco/pico-sdk/src/rp2_common/pico_runtime/runtime.c.obj
                0x0000000010001e84                panic
 .text.clock_configure
                0x0000000010001eb4       0xe8 CMakeFiles/Pico_Game_Controller.dir/home/anonxx/picco/pico-sdk/src/rp2_common/hardware_clocks/clocks.c.obj
                0x0000000010001eb4                clock_configure
 .text.clocks_init
                0x0000000010001f9c      0x124 CMakeFiles/Pico_Game_Controller.dir/home/anonxx/picco/pico-sdk/src/rp2_common/hardware_clocks/clocks.c.obj
                0x0000000010001f9c                clocks_init
 .text.clock_get_hz
                0x00000000100020c0        0xc CMakeFiles/Pico_Game_Controller.dir/home/anonxx/picco/pico-sdk/src/rp2_common/hardware_clocks/clocks.c.obj
                0x00000000100020c0                clock_get_hz
 .text.watchdog_start_tick
                0x00000000100020cc       0x10 CMakeFiles/Pico_Game_Controller.dir/home/anonxx/picco/pico-sdk/src/rp2_common/hardware_watchdog/watchdog.c.obj
                0x00000000100020cc                watchdog_start_tick
 .text.xosc_init
                0x00000000100020dc       0x28 CMakeFiles/Pico_Game_Controller.dir/home/anonxx/picco/pico-sdk/src/rp2_common/hardware_xosc/xosc.c.obj
                0x00000000100020dc                xosc_init
 .text.pll_init
                0x0000000010002104       0xd0 CMakeFiles/Pico_Game_Controller.dir/home/anonxx/picco/pico-sdk/src/rp2_common/hardware_pll/pll.c.obj
                0x0000000010002104                pll_init
 .text.set_raw_irq_handler_and_unlock
                0x00000000100021d4       0x28 CMakeFiles/Pico_Game_Controller.dir/home/anonxx/picco/pico-sdk/src/rp2_common/hardware_irq/irq.c.obj
 .text.make_branch
                0x00000000100021fc       0x34 CMakeFiles/Pico_Game_Controller.dir/home/anonxx/picco/pico-sdk/src/rp2_common/hardware_irq/irq.c.obj
 .text.insert_branch_and_link
                0x0000000010002230       0x40 CMakeFiles/Pico_Game_Controller.dir/home/anonxx/picco/pico-sdk/src/rp2_common/hardware_irq/irq.c.obj
 .text.irq_is_enabled
                0x0000000010002270       0x18 CMakeFiles/Pico_Game_Controller.dir/home/anonxx/picco/pico-sdk/src/rp2_common/hardware_irq/irq.c.obj
                0x0000000010002270                irq_is_enabled
 .text.irq_set_mask_enabled
                0x0000000010002288       0x20 CMakeFiles/Pico_Game_Controller.dir/home/anonxx/picco/pico-sdk/src/rp2_common/hardware_irq/irq.c.obj
                0x0000000010002288                irq_set_mask_enabled
 .text.irq_set_enabled
                0x00000000100022a8        0xe CMakeFiles/Pico_Game_Controller.dir/home/anonxx/picco/pico-sdk/src/rp2_common/hardware_irq/irq.c.obj
                0x00000000100022a8                irq_set_enabled
 *fill*         0x00000000100022b6        0x2 
 .text.irq_get_vtable_handler
                0x00000000100022b8       0x10 CMakeFiles/Pico_Game_Controller.dir/home/anonxx/picco/pico-sdk/src/rp2_common/hardware_irq/irq.c.obj
                0x00000000100022b8                irq_get_vtable_handler
 .text.irq_set_exclusive_handler
                0x00000000100022c8       0x54 CMakeFiles/Pico_Game_Controller.dir/home/anonxx/picco/pico-sdk/src/rp2_common/hardware_irq/irq.c.obj
                0x00000000100022c8                irq_set_exclusive_handler
 .text.irq_remove_handler
                0x000000001000231c      0x1ac CMakeFiles/Pico_Game_Controller.dir/home/anonxx/picco/pico-sdk/src/rp2_common/hardware_irq/irq.c.obj
                0x000000001000231c                irq_remove_handler
 .text.irq_set_priority
                0x00000000100024c8       0x28 CMakeFiles/Pico_Game_Controller.dir/home/anonxx/picco/pico-sdk/src/rp2_common/hardware_irq/irq.c.obj
                0x00000000100024c8                irq_set_priority
 .text.irq_add_tail_to_free_list
                0x00000000100024f0       0xf0 CMakeFiles/Pico_Game_Controller.dir/home/anonxx/picco/pico-sdk/src/rp2_common/hardware_irq/irq.c.obj
                0x00000000100024f0                irq_add_tail_to_free_list
 .text.irq_init_priorities
                0x00000000100025e0       0x16 CMakeFiles/Pico_Game_Controller.dir/home/anonxx/picco/pico-sdk/src/rp2_common/hardware_irq/irq.c.obj
                0x00000000100025e0                irq_init_priorities
 .text._out_null
                0x00000000100025f6        0x2 CMakeFiles/Pico_Game_Controller.dir/home/anonxx/picco/pico-sdk/src/rp2_common/pico_printf/printf.c.obj
 .text._out_fct
                0x00000000100025f8        0xe CMakeFiles/Pico_Game_Controller.dir/home/anonxx/picco/pico-sdk/src/rp2_common/pico_printf/printf.c.obj
 .text._atoi    0x0000000010002606       0x24 CMakeFiles/Pico_Game_Controller.dir/home/anonxx/picco/pico-sdk/src/rp2_common/pico_printf/printf.c.obj
 .text._out_rev
                0x000000001000262a       0xae CMakeFiles/Pico_Game_Controller.dir/home/anonxx/picco/pico-sdk/src/rp2_common/pico_printf/printf.c.obj
 .text._ntoa_format
                0x00000000100026d8      0x110 CMakeFiles/Pico_Game_Controller.dir/home/anonxx/picco/pico-sdk/src/rp2_common/pico_printf/printf.c.obj
 .text._ntoa_long
                0x00000000100027e8       0xbc CMakeFiles/Pico_Game_Controller.dir/home/anonxx/picco/pico-sdk/src/rp2_common/pico_printf/printf.c.obj
 .text._ntoa_long_long
                0x00000000100028a4       0xe2 CMakeFiles/Pico_Game_Controller.dir/home/anonxx/picco/pico-sdk/src/rp2_common/pico_printf/printf.c.obj
 *fill*         0x0000000010002986        0x2 
 .text._etoa    0x0000000010002988      0x40c CMakeFiles/Pico_Game_Controller.dir/home/anonxx/picco/pico-sdk/src/rp2_common/pico_printf/printf.c.obj
 .text._ftoa    0x0000000010002d94      0x354 CMakeFiles/Pico_Game_Controller.dir/home/anonxx/picco/pico-sdk/src/rp2_common/pico_printf/printf.c.obj
 .text._vsnprintf
                0x00000000100030e8      0x628 CMakeFiles/Pico_Game_Controller.dir/home/anonxx/picco/pico-sdk/src/rp2_common/pico_printf/printf.c.obj
 .text.vfctprintf
                0x0000000010003710       0x20 CMakeFiles/Pico_Game_Controller.dir/home/anonxx/picco/pico-sdk/src/rp2_common/pico_printf/printf.c.obj
                0x0000000010003710                vfctprintf
 .text          0x0000000010003730       0x10 CMakeFiles/Pico_Game_Controller.dir/home/anonxx/picco/pico-sdk/src/rp2_common/pico_bit_ops/bit_ops_aeabi.S.obj
 .text.rom_func_lookup
                0x0000000010003740       0x10 CMakeFiles/Pico_Game_Controller.dir/home/anonxx/picco/pico-sdk/src/rp2_common/pico_bootrom/bootrom.c.obj
                0x0000000010003740                rom_func_lookup
 .text.rom_data_lookup
                0x0000000010003750       0x10 CMakeFiles/Pico_Game_Controller.dir/home/anonxx/picco/pico-sdk/src/rp2_common/pico_bootrom/bootrom.c.obj
                0x0000000010003750                rom_data_lookup
 .text.rom_funcs_lookup
                0x0000000010003760       0x36 CMakeFiles/Pico_Game_Controller.dir/home/anonxx/picco/pico-sdk/src/rp2_common/pico_bootrom/bootrom.c.obj
                0x0000000010003760                rom_funcs_lookup
 *fill*         0x0000000010003796        0x2 
 .text.__wrap___aeabi_idiv
                0x0000000010003798       0x58 CMakeFiles/Pico_Game_Controller.dir/home/anonxx/picco/pico-sdk/src/rp2_common/pico_divider/divider.S.obj
                0x0000000010003798                __wrap___aeabi_idivmod
                0x0000000010003798                divmod_s32s32
                0x0000000010003798                div_s32s32
                0x0000000010003798                __wrap___aeabi_idiv
                0x00000000100037a0                divmod_s32s32_unsafe
                0x00000000100037cc                divmod_s32s32_savestate
 .text.__wrap___aeabi_uidiv
                0x00000000100037f0       0x54 CMakeFiles/Pico_Game_Controller.dir/home/anonxx/picco/pico-sdk/src/rp2_common/pico_divider/divider.S.obj
                0x00000000100037f0                __wrap___aeabi_uidiv
                0x00000000100037f0                __wrap___aeabi_uidivmod
                0x00000000100037f0                div_u32u32
                0x00000000100037f0                divmod_u32u32
                0x00000000100037f8                divmod_u32u32_unsafe
                0x0000000010003820                divmod_u32u32_savestate
 .text.__wrap___aeabi_ldiv
                0x0000000010003844      0x430 CMakeFiles/Pico_Game_Controller.dir/home/anonxx/picco/pico-sdk/src/rp2_common/pico_divider/divider.S.obj
                0x0000000010003844                div_s64s64
                0x0000000010003844                divmod_s64s64
                0x0000000010003844                __wrap___aeabi_ldivmod
                0x000000001000387c                div_u64u64
                0x000000001000387c                divmod_u64u64
                0x000000001000387c                __wrap___aeabi_uldivmod
                0x000000001000388c                divmod_u64u64_savestate
                0x00000000100038b4                divmod_s64s64_unsafe
                0x000000001000393c                divmod_u64u64_unsafe
 .text.__wrap___aeabi_darithmetic
                0x0000000010003c74       0x54 CMakeFiles/Pico_Game_Controller.dir/home/anonxx/picco/pico-sdk/src/rp2_common/pico_double/double_aeabi.S.obj
                0x0000000010003c74                __wrap___aeabi_drsub
                0x0000000010003c7a                __wrap___aeabi_dsub
                0x0000000010003c8c                __wrap___aeabi_dadd
                0x0000000010003c9e                __wrap___aeabi_ddiv
                0x0000000010003cb0                __wrap___aeabi_dmul
 .text.__wrap___aeabi_cdcmple
                0x0000000010003cc8       0x6c CMakeFiles/Pico_Game_Controller.dir/home/anonxx/picco/pico-sdk/src/rp2_common/pico_double/double_aeabi.S.obj
                0x0000000010003cc8                __wrap___aeabi_cdrcmple
                0x0000000010003cd8                __wrap___aeabi_cdcmple
                0x0000000010003cd8                __wrap___aeabi_cdcmpeq
 .text.__wrap___aeabi_dcmplt
                0x0000000010003d34        0xc CMakeFiles/Pico_Game_Controller.dir/home/anonxx/picco/pico-sdk/src/rp2_common/pico_double/double_aeabi.S.obj
                0x0000000010003d34                __wrap___aeabi_dcmplt
 .text.__wrap___aeabi_dcmple
                0x0000000010003d40       0x10 CMakeFiles/Pico_Game_Controller.dir/home/anonxx/picco/pico-sdk/src/rp2_common/pico_double/double_aeabi.S.obj
                0x0000000010003d40                __wrap___aeabi_dcmple
 .text.__wrap___aeabi_dcmpge
                0x0000000010003d50       0x10 CMakeFiles/Pico_Game_Controller.dir/home/anonxx/picco/pico-sdk/src/rp2_common/pico_double/double_aeabi.S.obj
                0x0000000010003d50                __wrap___aeabi_dcmpge
 .text.__wrap___aeabi_dcmpgt
                0x0000000010003d60        0xa CMakeFiles/Pico_Game_Controller.dir/home/anonxx/picco/pico-sdk/src/rp2_common/pico_double/double_aeabi.S.obj
                0x0000000010003d60                __wrap___aeabi_dcmpgt
 .text.__wrap___aeabi_dcmpun
                0x0000000010003d6a       0x1c CMakeFiles/Pico_Game_Controller.dir/home/anonxx/picco/pico-sdk/src/rp2_common/pico_double/double_aeabi.S.obj
                0x0000000010003d6a                __wrap___aeabi_dcmpun
 *fill*         0x0000000010003d86        0x2 
 .text.__wrap___aeabi_i2d
                0x0000000010003d88       0x38 CMakeFiles/Pico_Game_Controller.dir/home/anonxx/picco/pico-sdk/src/rp2_common/pico_double/double_aeabi.S.obj
                0x0000000010003d88                __wrap___aeabi_ui2d
                0x0000000010003d90                __wrap___aeabi_i2d
 .text.__wrap___aeabi_d2iz
                0x0000000010003dc0       0x48 CMakeFiles/Pico_Game_Controller.dir/home/anonxx/picco/pico-sdk/src/rp2_common/pico_double/double_aeabi.S.obj
                0x0000000010003dc0                __wrap___aeabi_d2iz
                0x0000000010003dc0                double2int_z
 .text.__wrap___aeabi_d2uiz
                0x0000000010003e08       0x18 CMakeFiles/Pico_Game_Controller.dir/home/anonxx/picco/pico-sdk/src/rp2_common/pico_double/double_aeabi.S.obj
                0x0000000010003e08                double2uint
                0x0000000010003e08                __wrap___aeabi_d2uiz
 .text.__aeabi_double_init
                0x0000000010003e20       0xb4 CMakeFiles/Pico_Game_Controller.dir/home/anonxx/picco/pico-sdk/src/rp2_common/pico_double/double_init_rom.c.obj
                0x0000000010003e20                __aeabi_double_init
 .text.double_table_shim_on_use_helper
                0x0000000010003ed4       0x34 CMakeFiles/Pico_Game_Controller.dir/home/anonxx/picco/pico-sdk/src/rp2_common/pico_double/double_v1_rom_shim.S.obj
                0x0000000010003ed4                double_table_shim_on_use_helper
 .text.__wrap___aeabi_dsub
                0x0000000010003f08       0x10 CMakeFiles/Pico_Game_Controller.dir/home/anonxx/picco/pico-sdk/src/rp2_common/pico_double/double_v1_rom_shim.S.obj
                0x0000000010003f08                drsub_shim
                0x0000000010003f0e                dsub_shim
 .text.dadd_shim
                0x0000000010003f18      0x15c CMakeFiles/Pico_Game_Controller.dir/home/anonxx/picco/pico-sdk/src/rp2_common/pico_double/double_v1_rom_shim.S.obj
                0x0000000010003f18                dadd_shim
 .text.dmul_shim
                0x0000000010004074      0x15c CMakeFiles/Pico_Game_Controller.dir/home/anonxx/picco/pico-sdk/src/rp2_common/pico_double/double_v1_rom_shim.S.obj
                0x0000000010004074                dmul_shim
 .text.ddiv_shim
                0x00000000100041d0      0x1b0 CMakeFiles/Pico_Game_Controller.dir/home/anonxx/picco/pico-sdk/src/rp2_common/pico_double/double_v1_rom_shim.S.obj
                0x00000000100041d0                ddiv_shim
 .text.dcordic_rot_step
                0x0000000010004380       0x7c CMakeFiles/Pico_Game_Controller.dir/home/anonxx/picco/pico-sdk/src/rp2_common/pico_double/double_v1_rom_shim.S.obj
                0x0000000010004380                dcordic_rot_step
 .text.double2uint_shim
                0x00000000100043fc        0xe CMakeFiles/Pico_Game_Controller.dir/home/anonxx/picco/pico-sdk/src/rp2_common/pico_double/double_v1_rom_shim.S.obj
                0x00000000100043fc                double2uint_shim
                0x00000000100043fe                double2ufix_shim
 *fill*         0x000000001000440a        0x2 
 .text.double2uint64_shim
                0x000000001000440c       0x6c CMakeFiles/Pico_Game_Controller.dir/home/anonxx/picco/pico-sdk/src/rp2_common/pico_double/double_v1_rom_shim.S.obj
                0x000000001000440c                double2uint64_shim
                0x000000001000440e                double2ufix64_shim
                0x0000000010004428                d2fix_a
 .text.dunpacks
                0x0000000010004478       0x3c CMakeFiles/Pico_Game_Controller.dir/home/anonxx/picco/pico-sdk/src/rp2_common/pico_double/double_v1_rom_shim.S.obj
                0x0000000010004478                dunpacks
 .text.__aeabi_lmul
                0x00000000100044b4       0x32 CMakeFiles/Pico_Game_Controller.dir/home/anonxx/picco/pico-sdk/src/rp2_common/pico_int64_ops/pico_int64_ops_aeabi.S.obj
                0x00000000100044b4                __wrap___aeabi_lmul
 *fill*         0x00000000100044e6        0x2 
 .text.__aeabi_float_init
                0x00000000100044e8       0xfc CMakeFiles/Pico_Game_Controller.dir/home/anonxx/picco/pico-sdk/src/rp2_common/pico_float/float_init_rom.c.obj
                0x00000000100044e8                __aeabi_float_init
 .text.float_table_shim_on_use_helper
                0x00000000100045e4       0x34 CMakeFiles/Pico_Game_Controller.dir/home/anonxx/picco/pico-sdk/src/rp2_common/pico_float/float_v1_rom_shim.S.obj
                0x00000000100045e4                float_table_shim_on_use_helper
 .text          0x0000000010004618       0x10 CMakeFiles/Pico_Game_Controller.dir/home/anonxx/picco/pico-sdk/src/rp2_common/pico_mem_ops/mem_ops_aeabi.S.obj
                0x0000000010004618                __aeabi_mem_init
 .text.memset   0x0000000010004628        0xc CMakeFiles/Pico_Game_Controller.dir/home/anonxx/picco/pico-sdk/src/rp2_common/pico_mem_ops/mem_ops_aeabi.S.obj
                0x0000000010004628                __wrap_memset
 .text.memcpy   0x0000000010004634        0xc CMakeFiles/Pico_Game_Controller.dir/home/anonxx/picco/pico-sdk/src/rp2_common/pico_mem_ops/mem_ops_aeabi.S.obj
                0x0000000010004634                __wrap___aeabi_memcpy
                0x0000000010004634                __wrap_memcpy
 .text.stdio_out_chars_crlf
                0x0000000010004640       0x80 CMakeFiles/Pico_Game_Controller.dir/home/anonxx/picco/pico-sdk/src/rp2_common/pico_stdio/stdio.c.obj
 .text.stdio_stack_buffer_flush
                0x00000000100046c0       0x44 CMakeFiles/Pico_Game_Controller.dir/home/anonxx/picco/pico-sdk/src/rp2_common/pico_stdio/stdio.c.obj
 .text.stdio_buffered_printer
                0x0000000010004704       0x20 CMakeFiles/Pico_Game_Controller.dir/home/anonxx/picco/pico-sdk/src/rp2_common/pico_stdio/stdio.c.obj
 .text.stdout_serialize_begin
                0x0000000010004724       0x2c CMakeFiles/Pico_Game_Controller.dir/home/anonxx/picco/pico-sdk/src/rp2_common/pico_stdio/stdio.c.obj
                0x0000000010004724                stdout_serialize_begin
 .text.stdout_serialize_end
                0x0000000010004750       0x10 CMakeFiles/Pico_Game_Controller.dir/home/anonxx/picco/pico-sdk/src/rp2_common/pico_stdio/stdio.c.obj
                0x0000000010004750                stdout_serialize_end
 .text.stdio_put_string
                0x0000000010004760       0x84 CMakeFiles/Pico_Game_Controller.dir/home/anonxx/picco/pico-sdk/src/rp2_common/pico_stdio/stdio.c.obj
 .text.stdio_set_driver_enabled
                0x00000000100047e4       0x38 CMakeFiles/Pico_Game_Controller.dir/home/anonxx/picco/pico-sdk/src/rp2_common/pico_stdio/stdio.c.obj
                0x00000000100047e4                stdio_set_driver_enabled
 .text.stdio_flush
                0x000000001000481c       0x20 CMakeFiles/Pico_Game_Controller.dir/home/anonxx/picco/pico-sdk/src/rp2_common/pico_stdio/stdio.c.obj
                0x000000001000481c                stdio_flush
 .text.__wrap_puts
                0x000000001000483c       0x1c CMakeFiles/Pico_Game_Controller.dir/home/anonxx/picco/pico-sdk/src/rp2_common/pico_stdio/stdio.c.obj
                0x000000001000483c                __wrap_puts
 .text.__wrap_vprintf
                0x0000000010004858       0x44 CMakeFiles/Pico_Game_Controller.dir/home/anonxx/picco/pico-sdk/src/rp2_common/pico_stdio/stdio.c.obj
                0x0000000010004858                __wrap_vprintf
 .text.__wrap_printf
                0x000000001000489c       0x18 CMakeFiles/Pico_Game_Controller.dir/home/anonxx/picco/pico-sdk/src/rp2_common/pico_stdio/stdio.c.obj
                0x000000001000489c                __wrap_printf
 .text.stdio_uart_out_chars
                0x00000000100048b4       0x74 CMakeFiles/Pico_Game_Controller.dir/home/anonxx/picco/pico-sdk/src/rp2_common/pico_stdio_uart/stdio_uart.c.obj
 .text.stdio_uart_in_chars
                0x0000000010004928       0x54 CMakeFiles/Pico_Game_Controller.dir/home/anonxx/picco/pico-sdk/src/rp2_common/pico_stdio_uart/stdio_uart.c.obj
                0x0000000010004928                stdio_uart_in_chars
 .text.stdio_uart_init_full
                0x000000001000497c       0x3c CMakeFiles/Pico_Game_Controller.dir/home/anonxx/picco/pico-sdk/src/rp2_common/pico_stdio_uart/stdio_uart.c.obj
                0x000000001000497c                stdio_uart_init_full
 .text.stdio_uart_init
                0x00000000100049b8       0x28 CMakeFiles/Pico_Game_Controller.dir/home/anonxx/picco/pico-sdk/src/rp2_common/pico_stdio_uart/stdio_uart.c.obj
                0x00000000100049b8                stdio_uart_init
 .text.hw_endpoint_get_by_addr
                0x00000000100049e0       0x1c CMakeFiles/Pico_Game_Controller.dir/home/anonxx/picco/pico-sdk/lib/tinyusb/src/portable/raspberrypi/rp2040/dcd_rp2040.c.obj
 .text.reset_ep0
                0x00000000100049fc       0x2c CMakeFiles/Pico_Game_Controller.dir/home/anonxx/picco/pico-sdk/lib/tinyusb/src/portable/raspberrypi/rp2040/dcd_rp2040.c.obj
 .text._hw_endpoint_alloc
                0x0000000010004a28       0x7c CMakeFiles/Pico_Game_Controller.dir/home/anonxx/picco/pico-sdk/lib/tinyusb/src/portable/raspberrypi/rp2040/dcd_rp2040.c.obj
 .text._hw_endpoint_init
                0x0000000010004aa4       0xbc CMakeFiles/Pico_Game_Controller.dir/home/anonxx/picco/pico-sdk/lib/tinyusb/src/portable/raspberrypi/rp2040/dcd_rp2040.c.obj
 .text.hw_endpoint_init
                0x0000000010004b60       0x18 CMakeFiles/Pico_Game_Controller.dir/home/anonxx/picco/pico-sdk/lib/tinyusb/src/portable/raspberrypi/rp2040/dcd_rp2040.c.obj
 .text.hw_handle_buff_status
                0x0000000010004b78       0xbc CMakeFiles/Pico_Game_Controller.dir/home/anonxx/picco/pico-sdk/lib/tinyusb/src/portable/raspberrypi/rp2040/dcd_rp2040.c.obj
 .text.dcd_rp2040_irq
                0x0000000010004c34       0x8c CMakeFiles/Pico_Game_Controller.dir/home/anonxx/picco/pico-sdk/lib/tinyusb/src/portable/raspberrypi/rp2040/dcd_rp2040.c.obj
 .text.hw_endpoint_xfer
                0x0000000010004cc0       0x18 CMakeFiles/Pico_Game_Controller.dir/home/anonxx/picco/pico-sdk/lib/tinyusb/src/portable/raspberrypi/rp2040/dcd_rp2040.c.obj
 .text.ep0_0len_status
                0x0000000010004cd8       0x14 CMakeFiles/Pico_Game_Controller.dir/home/anonxx/picco/pico-sdk/lib/tinyusb/src/portable/raspberrypi/rp2040/dcd_rp2040.c.obj
 .text._hw_endpoint_stall
                0x0000000010004cec       0x54 CMakeFiles/Pico_Game_Controller.dir/home/anonxx/picco/pico-sdk/lib/tinyusb/src/portable/raspberrypi/rp2040/dcd_rp2040.c.obj
 .text.hw_endpoint_stall
                0x0000000010004d40        0xc CMakeFiles/Pico_Game_Controller.dir/home/anonxx/picco/pico-sdk/lib/tinyusb/src/portable/raspberrypi/rp2040/dcd_rp2040.c.obj
 .text._hw_endpoint_clear_stall
                0x0000000010004d4c       0x34 CMakeFiles/Pico_Game_Controller.dir/home/anonxx/picco/pico-sdk/lib/tinyusb/src/portable/raspberrypi/rp2040/dcd_rp2040.c.obj
 .text.hw_endpoint_clear_stall
                0x0000000010004d80        0xc CMakeFiles/Pico_Game_Controller.dir/home/anonxx/picco/pico-sdk/lib/tinyusb/src/portable/raspberrypi/rp2040/dcd_rp2040.c.obj
 .text.dcd_int_enable
                0x0000000010004d8c       0x2c CMakeFiles/Pico_Game_Controller.dir/home/anonxx/picco/pico-sdk/lib/tinyusb/src/portable/raspberrypi/rp2040/dcd_rp2040.c.obj
                0x0000000010004d8c                dcd_int_enable
 .text.dcd_set_address
                0x0000000010004db8       0x30 CMakeFiles/Pico_Game_Controller.dir/home/anonxx/picco/pico-sdk/lib/tinyusb/src/portable/raspberrypi/rp2040/dcd_rp2040.c.obj
                0x0000000010004db8                dcd_set_address
 .text.dcd_connect
                0x0000000010004de8       0x30 CMakeFiles/Pico_Game_Controller.dir/home/anonxx/picco/pico-sdk/lib/tinyusb/src/portable/raspberrypi/rp2040/dcd_rp2040.c.obj
                0x0000000010004de8                dcd_connect
 .text.dcd_init
                0x0000000010004e18       0x90 CMakeFiles/Pico_Game_Controller.dir/home/anonxx/picco/pico-sdk/lib/tinyusb/src/portable/raspberrypi/rp2040/dcd_rp2040.c.obj
                0x0000000010004e18                dcd_init
 .text.dcd_edpt0_status_complete
                0x0000000010004ea8       0x44 CMakeFiles/Pico_Game_Controller.dir/home/anonxx/picco/pico-sdk/lib/tinyusb/src/portable/raspberrypi/rp2040/dcd_rp2040.c.obj
                0x0000000010004ea8                dcd_edpt0_status_complete
 .text.dcd_edpt_open
                0x0000000010004eec       0x40 CMakeFiles/Pico_Game_Controller.dir/home/anonxx/picco/pico-sdk/lib/tinyusb/src/portable/raspberrypi/rp2040/dcd_rp2040.c.obj
                0x0000000010004eec                dcd_edpt_open
 .text.dcd_edpt_xfer
                0x0000000010004f2c       0x34 CMakeFiles/Pico_Game_Controller.dir/home/anonxx/picco/pico-sdk/lib/tinyusb/src/portable/raspberrypi/rp2040/dcd_rp2040.c.obj
                0x0000000010004f2c                dcd_edpt_xfer
 .text.dcd_edpt_stall
                0x0000000010004f60       0x28 CMakeFiles/Pico_Game_Controller.dir/home/anonxx/picco/pico-sdk/lib/tinyusb/src/portable/raspberrypi/rp2040/dcd_rp2040.c.obj
                0x0000000010004f60                dcd_edpt_stall
 .text.dcd_edpt_clear_stall
                0x0000000010004f88       0x28 CMakeFiles/Pico_Game_Controller.dir/home/anonxx/picco/pico-sdk/lib/tinyusb/src/portable/raspberrypi/rp2040/dcd_rp2040.c.obj
                0x0000000010004f88                dcd_edpt_clear_stall
 .text.rp2040_usb_init
                0x0000000010004fb0       0x50 CMakeFiles/Pico_Game_Controller.dir/home/anonxx/picco/pico-sdk/lib/tinyusb/src/portable/raspberrypi/rp2040/rp2040_usb.c.obj
                0x0000000010004fb0                rp2040_usb_init
 .text.hw_endpoint_reset_transfer
                0x0000000010005000       0x14 CMakeFiles/Pico_Game_Controller.dir/home/anonxx/picco/pico-sdk/lib/tinyusb/src/portable/raspberrypi/rp2040/rp2040_usb.c.obj
                0x0000000010005000                hw_endpoint_reset_transfer
 .text._hw_endpoint_buffer_control_update32
                0x0000000010005014       0x54 CMakeFiles/Pico_Game_Controller.dir/home/anonxx/picco/pico-sdk/lib/tinyusb/src/portable/raspberrypi/rp2040/rp2040_usb.c.obj
                0x0000000010005014                _hw_endpoint_buffer_control_update32
 .text._hw_endpoint_start_next_buffer
                0x0000000010005068       0x5a CMakeFiles/Pico_Game_Controller.dir/home/anonxx/picco/pico-sdk/lib/tinyusb/src/portable/raspberrypi/rp2040/rp2040_usb.c.obj
                0x0000000010005068                _hw_endpoint_start_next_buffer
 .text._hw_endpoint_xfer_start
                0x00000000100050c2       0x46 CMakeFiles/Pico_Game_Controller.dir/home/anonxx/picco/pico-sdk/lib/tinyusb/src/portable/raspberrypi/rp2040/rp2040_usb.c.obj
                0x00000000100050c2                _hw_endpoint_xfer_start
 .text._hw_endpoint_xfer_sync
                0x0000000010005108       0x74 CMakeFiles/Pico_Game_Controller.dir/home/anonxx/picco/pico-sdk/lib/tinyusb/src/portable/raspberrypi/rp2040/rp2040_usb.c.obj
                0x0000000010005108                _hw_endpoint_xfer_sync
 .text._hw_endpoint_xfer_continue
                0x000000001000517c       0x58 CMakeFiles/Pico_Game_Controller.dir/home/anonxx/picco/pico-sdk/lib/tinyusb/src/portable/raspberrypi/rp2040/rp2040_usb.c.obj
                0x000000001000517c                _hw_endpoint_xfer_continue
 .text._hw_endpoint_xfer
                0x00000000100051d4       0x34 CMakeFiles/Pico_Game_Controller.dir/home/anonxx/picco/pico-sdk/lib/tinyusb/src/portable/raspberrypi/rp2040/rp2040_usb.c.obj
                0x00000000100051d4                _hw_endpoint_xfer
 .text.mark_interface_endpoint
                0x0000000010005208       0x2a CMakeFiles/Pico_Game_Controller.dir/home/anonxx/picco/pico-sdk/lib/tinyusb/src/device/usbd.c.obj
 *fill*         0x0000000010005232        0x2 
 .text.usbd_reset
                0x0000000010005234       0x88 CMakeFiles/Pico_Game_Controller.dir/home/anonxx/picco/pico-sdk/lib/tinyusb/src/device/usbd.c.obj
 .text.invoke_class_control
                0x00000000100052bc       0x18 CMakeFiles/Pico_Game_Controller.dir/home/anonxx/picco/pico-sdk/lib/tinyusb/src/device/usbd.c.obj
 .text.process_set_config
                0x00000000100052d4      0x1cc CMakeFiles/Pico_Game_Controller.dir/home/anonxx/picco/pico-sdk/lib/tinyusb/src/device/usbd.c.obj
 .text.process_get_descriptor
                0x00000000100054a0       0xf4 CMakeFiles/Pico_Game_Controller.dir/home/anonxx/picco/pico-sdk/lib/tinyusb/src/device/usbd.c.obj
 .text.tud_mounted
                0x0000000010005594       0x10 CMakeFiles/Pico_Game_Controller.dir/home/anonxx/picco/pico-sdk/lib/tinyusb/src/device/usbd.c.obj
                0x0000000010005594                tud_mounted
 .text.tud_suspended
                0x00000000100055a4       0x10 CMakeFiles/Pico_Game_Controller.dir/home/anonxx/picco/pico-sdk/lib/tinyusb/src/device/usbd.c.obj
                0x00000000100055a4                tud_suspended
 .text.tud_init
                0x00000000100055b4       0xb8 CMakeFiles/Pico_Game_Controller.dir/home/anonxx/picco/pico-sdk/lib/tinyusb/src/device/usbd.c.obj
                0x00000000100055b4                tud_init
 .text.dcd_event_handler
                0x000000001000566c      0x1c4 CMakeFiles/Pico_Game_Controller.dir/home/anonxx/picco/pico-sdk/lib/tinyusb/src/device/usbd.c.obj
                0x000000001000566c                dcd_event_handler
 .text.dcd_event_bus_signal
                0x0000000010005830       0x26 CMakeFiles/Pico_Game_Controller.dir/home/anonxx/picco/pico-sdk/lib/tinyusb/src/device/usbd.c.obj
                0x0000000010005830                dcd_event_bus_signal
 .text.dcd_event_setup_received
                0x0000000010005856       0x34 CMakeFiles/Pico_Game_Controller.dir/home/anonxx/picco/pico-sdk/lib/tinyusb/src/device/usbd.c.obj
                0x0000000010005856                dcd_event_setup_received
 .text.dcd_event_xfer_complete
                0x000000001000588a       0x44 CMakeFiles/Pico_Game_Controller.dir/home/anonxx/picco/pico-sdk/lib/tinyusb/src/device/usbd.c.obj
                0x000000001000588a                dcd_event_xfer_complete
 .text.usbd_edpt_open
                0x00000000100058ce        0x8 CMakeFiles/Pico_Game_Controller.dir/home/anonxx/picco/pico-sdk/lib/tinyusb/src/device/usbd.c.obj
                0x00000000100058ce                usbd_edpt_open
 *fill*         0x00000000100058d6        0x2 
 .text.usbd_open_edpt_pair
                0x00000000100058d8       0x8c CMakeFiles/Pico_Game_Controller.dir/home/anonxx/picco/pico-sdk/lib/tinyusb/src/device/usbd.c.obj
                0x00000000100058d8                usbd_open_edpt_pair
 .text.usbd_edpt_claim
                0x0000000010005964       0x8c CMakeFiles/Pico_Game_Controller.dir/home/anonxx/picco/pico-sdk/lib/tinyusb/src/device/usbd.c.obj
                0x0000000010005964                usbd_edpt_claim
 .text.usbd_edpt_xfer
                0x00000000100059f0       0x80 CMakeFiles/Pico_Game_Controller.dir/home/anonxx/picco/pico-sdk/lib/tinyusb/src/device/usbd.c.obj
                0x00000000100059f0                usbd_edpt_xfer
 .text.usbd_edpt_busy
                0x0000000010005a70       0x1c CMakeFiles/Pico_Game_Controller.dir/home/anonxx/picco/pico-sdk/lib/tinyusb/src/device/usbd.c.obj
                0x0000000010005a70                usbd_edpt_busy
 .text.usbd_edpt_stall
                0x0000000010005a8c       0x2c CMakeFiles/Pico_Game_Controller.dir/home/anonxx/picco/pico-sdk/lib/tinyusb/src/device/usbd.c.obj
                0x0000000010005a8c                usbd_edpt_stall
 .text.usbd_edpt_clear_stall
                0x0000000010005ab8       0x2c CMakeFiles/Pico_Game_Controller.dir/home/anonxx/picco/pico-sdk/lib/tinyusb/src/device/usbd.c.obj
                0x0000000010005ab8                usbd_edpt_clear_stall
 .text.usbd_edpt_stalled
                0x0000000010005ae4       0x1c CMakeFiles/Pico_Game_Controller.dir/home/anonxx/picco/pico-sdk/lib/tinyusb/src/device/usbd.c.obj
                0x0000000010005ae4                usbd_edpt_stalled
 .text.process_control_request
                0x0000000010005b00      0x37c CMakeFiles/Pico_Game_Controller.dir/home/anonxx/picco/pico-sdk/lib/tinyusb/src/device/usbd.c.obj
 .text.tud_task
                0x0000000010005e7c      0x204 CMakeFiles/Pico_Game_Controller.dir/home/anonxx/picco/pico-sdk/lib/tinyusb/src/device/usbd.c.obj
                0x0000000010005e7c                tud_task
 .text._data_stage_xact
                0x0000000010006080       0x58 CMakeFiles/Pico_Game_Controller.dir/home/anonxx/picco/pico-sdk/lib/tinyusb/src/device/usbd_control.c.obj
 .text.tud_control_status
                0x00000000100060d8       0x38 CMakeFiles/Pico_Game_Controller.dir/home/anonxx/picco/pico-sdk/lib/tinyusb/src/device/usbd_control.c.obj
                0x00000000100060d8                tud_control_status
 .text.tud_control_xfer
                0x0000000010006110       0xa8 CMakeFiles/Pico_Game_Controller.dir/home/anonxx/picco/pico-sdk/lib/tinyusb/src/device/usbd_control.c.obj
                0x0000000010006110                tud_control_xfer
 .text.usbd_control_reset
                0x00000000100061b8       0x14 CMakeFiles/Pico_Game_Controller.dir/home/anonxx/picco/pico-sdk/lib/tinyusb/src/device/usbd_control.c.obj
                0x00000000100061b8                usbd_control_reset
 .text.usbd_control_set_complete_callback
                0x00000000100061cc        0xc CMakeFiles/Pico_Game_Controller.dir/home/anonxx/picco/pico-sdk/lib/tinyusb/src/device/usbd_control.c.obj
                0x00000000100061cc                usbd_control_set_complete_callback
 .text.usbd_control_set_request
                0x00000000100061d8       0x1c CMakeFiles/Pico_Game_Controller.dir/home/anonxx/picco/pico-sdk/lib/tinyusb/src/device/usbd_control.c.obj
                0x00000000100061d8                usbd_control_set_request
 .text.usbd_control_xfer_cb
                0x00000000100061f4       0xe8 CMakeFiles/Pico_Game_Controller.dir/home/anonxx/picco/pico-sdk/lib/tinyusb/src/device/usbd_control.c.obj
                0x00000000100061f4                usbd_control_xfer_cb
 .text.tud_hid_n_ready
                0x00000000100062dc       0x50 CMakeFiles/Pico_Game_Controller.dir/home/anonxx/picco/pico-sdk/lib/tinyusb/src/class/hid/hid_device.c.obj
                0x00000000100062dc                tud_hid_n_ready
 .text.tud_hid_n_report
                0x000000001000632c       0x84 CMakeFiles/Pico_Game_Controller.dir/home/anonxx/picco/pico-sdk/lib/tinyusb/src/class/hid/hid_device.c.obj
                0x000000001000632c                tud_hid_n_report
 .text.tud_hid_n_keyboard_report
                0x00000000100063b0       0x36 CMakeFiles/Pico_Game_Controller.dir/home/anonxx/picco/pico-sdk/lib/tinyusb/src/class/hid/hid_device.c.obj
                0x00000000100063b0                tud_hid_n_keyboard_report
 *fill*         0x00000000100063e6        0x2 
 .text.hidd_reset
                0x00000000100063e8       0x14 CMakeFiles/Pico_Game_Controller.dir/home/anonxx/picco/pico-sdk/lib/tinyusb/src/class/hid/hid_device.c.obj
                0x00000000100063e8                hidd_reset
 .text.hidd_init
                0x00000000100063fc        0xa CMakeFiles/Pico_Game_Controller.dir/home/anonxx/picco/pico-sdk/lib/tinyusb/src/class/hid/hid_device.c.obj
                0x00000000100063fc                hidd_init
 *fill*         0x0000000010006406        0x2 
 .text.hidd_open
                0x0000000010006408      0x100 CMakeFiles/Pico_Game_Controller.dir/home/anonxx/picco/pico-sdk/lib/tinyusb/src/class/hid/hid_device.c.obj
                0x0000000010006408                hidd_open
 .text.hidd_control_request
                0x0000000010006508      0x1d0 CMakeFiles/Pico_Game_Controller.dir/home/anonxx/picco/pico-sdk/lib/tinyusb/src/class/hid/hid_device.c.obj
                0x0000000010006508                hidd_control_request
 .text.hidd_control_complete
                0x00000000100066d8       0x64 CMakeFiles/Pico_Game_Controller.dir/home/anonxx/picco/pico-sdk/lib/tinyusb/src/class/hid/hid_device.c.obj
                0x00000000100066d8                hidd_control_complete
 .text.hidd_xfer_cb
                0x000000001000673c       0x5c CMakeFiles/Pico_Game_Controller.dir/home/anonxx/picco/pico-sdk/lib/tinyusb/src/class/hid/hid_device.c.obj
                0x000000001000673c                hidd_xfer_cb
 .text.tusb_init
                0x0000000010006798       0x38 CMakeFiles/Pico_Game_Controller.dir/home/anonxx/picco/pico-sdk/lib/tinyusb/src/tusb.c.obj
                0x0000000010006798                tusb_init
 .text.tusb_inited
                0x00000000100067d0        0xc CMakeFiles/Pico_Game_Controller.dir/home/anonxx/picco/pico-sdk/lib/tinyusb/src/tusb.c.obj
                0x00000000100067d0                tusb_inited
 .text.advance_pointer
                0x00000000100067dc       0x1e CMakeFiles/Pico_Game_Controller.dir/home/anonxx/picco/pico-sdk/lib/tinyusb/src/common/tusb_fifo.c.obj
 .text.backward_pointer
                0x00000000100067fa       0x1a CMakeFiles/Pico_Game_Controller.dir/home/anonxx/picco/pico-sdk/lib/tinyusb/src/common/tusb_fifo.c.obj
 .text.get_relative_pointer
                0x0000000010006814       0x16 CMakeFiles/Pico_Game_Controller.dir/home/anonxx/picco/pico-sdk/lib/tinyusb/src/common/tusb_fifo.c.obj
 .text.tu_fifo_lock
                0x000000001000682a       0x12 CMakeFiles/Pico_Game_Controller.dir/home/anonxx/picco/pico-sdk/lib/tinyusb/src/common/tusb_fifo.c.obj
 .text.tu_fifo_unlock
                0x000000001000683c        0xe CMakeFiles/Pico_Game_Controller.dir/home/anonxx/picco/pico-sdk/lib/tinyusb/src/common/tusb_fifo.c.obj
 .text._tu_fifo_peek_at
                0x000000001000684a       0x66 CMakeFiles/Pico_Game_Controller.dir/home/anonxx/picco/pico-sdk/lib/tinyusb/src/common/tusb_fifo.c.obj
 .text.tu_fifo_read
                0x00000000100068b0       0x3a CMakeFiles/Pico_Game_Controller.dir/home/anonxx/picco/pico-sdk/lib/tinyusb/src/common/tusb_fifo.c.obj
                0x00000000100068b0                tu_fifo_read
 .text.tu_fifo_write
                0x00000000100068ea       0x5c CMakeFiles/Pico_Game_Controller.dir/home/anonxx/picco/pico-sdk/lib/tinyusb/src/common/tusb_fifo.c.obj
                0x00000000100068ea                tu_fifo_write
 .text.tu_fifo_clear
                0x0000000010006946       0x18 CMakeFiles/Pico_Game_Controller.dir/home/anonxx/picco/pico-sdk/lib/tinyusb/src/common/tusb_fifo.c.obj
                0x0000000010006946                tu_fifo_clear
 .text.board_init
                0x000000001000695e       0x18 CMakeFiles/Pico_Game_Controller.dir/home/anonxx/picco/pico-sdk/lib/tinyusb/hw/bsp/raspberry_pi_pico/board_raspberry_pi_pico.c.obj
                0x000000001000695e                board_init
 *fill*         0x0000000010006976        0x2 
 .text._pio_can_add_program_at_offset
                0x0000000010006978       0x3c CMakeFiles/Pico_Game_Controller.dir/home/anonxx/picco/pico-sdk/src/rp2_common/hardware_pio/pio.c.obj
 .text._pio_find_offset_for_program
                0x00000000100069b4       0x7c CMakeFiles/Pico_Game_Controller.dir/home/anonxx/picco/pico-sdk/src/rp2_common/hardware_pio/pio.c.obj
 .text._pio_add_program_at_offset
                0x0000000010006a30       0x78 CMakeFiles/Pico_Game_Controller.dir/home/anonxx/picco/pico-sdk/src/rp2_common/hardware_pio/pio.c.obj
 .text.pio_add_program
                0x0000000010006aa8       0x38 CMakeFiles/Pico_Game_Controller.dir/home/anonxx/picco/pico-sdk/src/rp2_common/hardware_pio/pio.c.obj
                0x0000000010006aa8                pio_add_program
 .text.pio_sm_set_consecutive_pindirs
                0x0000000010006ae0       0x70 CMakeFiles/Pico_Game_Controller.dir/home/anonxx/picco/pico-sdk/src/rp2_common/hardware_pio/pio.c.obj
                0x0000000010006ae0                pio_sm_set_consecutive_pindirs
 .text.pio_sm_init
                0x0000000010006b50       0xa8 CMakeFiles/Pico_Game_Controller.dir/home/anonxx/picco/pico-sdk/src/rp2_common/hardware_pio/pio.c.obj
                0x0000000010006b50                pio_sm_init
 .text.spi_set_baudrate
                0x0000000010006bf8       0x94 CMakeFiles/Pico_Game_Controller.dir/home/anonxx/picco/pico-sdk/src/rp2_common/hardware_spi/spi.c.obj
                0x0000000010006bf8                spi_set_baudrate
 .text.spi_init
                0x0000000010006c8c       0x6c CMakeFiles/Pico_Game_Controller.dir/home/anonxx/picco/pico-sdk/src/rp2_common/hardware_spi/spi.c.obj
                0x0000000010006c8c                spi_init
 .text.adc_init
                0x0000000010006cf8       0x34 CMakeFiles/Pico_Game_Controller.dir/home/anonxx/picco/pico-sdk/src/rp2_common/hardware_adc/adc.c.obj
                0x0000000010006cf8                adc_init
 .text          0x0000000010006d2c       0x68 /usr/lib/gcc/arm-none-eabi/9.2.1/../../../arm-none-eabi/lib/thumb/v6-m/nofp/libg.a(lib_a-strlen-stub.o)
                0x0000000010006d2c                strlen
 *(.fini)
 .fini          0x0000000010006d94        0x4 /usr/lib/gcc/arm-none-eabi/9.2.1/thumb/v6-m/nofp/crti.o
                0x0000000010006d94                _fini
 .fini.__stub   0x0000000010006d98       0x70 linker stubs
 *crtbegin.o(.ctors)
 *crtbegin?.o(.ctors)
 *(EXCLUDE_FILE(*crtend.o *crtend?.o) .ctors)
 *(SORT_BY_NAME(.ctors.*))
 *(.ctors)
 *crtbegin.o(.dtors)
 *crtbegin?.o(.dtors)
 *(EXCLUDE_FILE(*crtend.o *crtend?.o) .dtors)
 *(SORT_BY_NAME(.dtors.*))
 *(.dtors)
 *(.eh_frame*)
 .eh_frame      0x0000000010006e08        0x0 /usr/lib/gcc/arm-none-eabi/9.2.1/thumb/v6-m/nofp/crtbegin.o
                0x0000000010006e08                . = ALIGN (0x4)

.glue_7         0x0000000010006e08        0x0
 .glue_7        0x0000000010006e08        0x0 linker stubs

.glue_7t        0x0000000010006e08        0x0
 .glue_7t       0x0000000010006e08        0x0 linker stubs

.vfp11_veneer   0x0000000010006e08        0x0
 .vfp11_veneer  0x0000000010006e08        0x0 linker stubs

.v4_bx          0x0000000010006e08        0x0
 .v4_bx         0x0000000010006e08        0x0 linker stubs

.iplt           0x0000000010006e08        0x0
 .iplt          0x0000000010006e08        0x0 /usr/lib/gcc/arm-none-eabi/9.2.1/thumb/v6-m/nofp/crtbegin.o

.rodata         0x0000000010006e08     0x1634
 *(EXCLUDE_FILE(*libm.a: *libc.a:*lib_a-mem*.o *libgcc.a:) .rodata*)
 .rodata.init.str1.4
                0x0000000010006e08       0x83 CMakeFiles/Pico_Game_Controller.dir/pico_game_controller.c.obj
 *fill*         0x0000000010006e8b        0x1 
 .rodata.ENC_GPIO
                0x0000000010006e8c        0x2 CMakeFiles/Pico_Game_Controller.dir/pico_game_controller.c.obj
                0x0000000010006e8c                ENC_GPIO
 *fill*         0x0000000010006e8e        0x2 
 .rodata.LED_GPIO
                0x0000000010006e90        0x7 CMakeFiles/Pico_Game_Controller.dir/pico_game_controller.c.obj
                0x0000000010006e90                LED_GPIO
 *fill*         0x0000000010006e97        0x1 
 .rodata.SW_KEYCODE
                0x0000000010006e98        0xa CMakeFiles/Pico_Game_Controller.dir/pico_game_controller.c.obj
                0x0000000010006e98                SW_KEYCODE
 *fill*         0x0000000010006ea2        0x2 
 .rodata.__func__.8252
                0x0000000010006ea4       0x18 CMakeFiles/Pico_Game_Controller.dir/pico_game_controller.c.obj
 .rodata.__func__.8257
                0x0000000010006ebc       0x1c CMakeFiles/Pico_Game_Controller.dir/pico_game_controller.c.obj
 .rodata.encoders_program
                0x0000000010006ed8        0x6 CMakeFiles/Pico_Game_Controller.dir/pico_game_controller.c.obj
 *fill*         0x0000000010006ede        0x2 
 .rodata.encoders_program_instructions
                0x0000000010006ee0       0x2e CMakeFiles/Pico_Game_Controller.dir/pico_game_controller.c.obj
 *fill*         0x0000000010006f0e        0x2 
 .rodata.str1.4
                0x0000000010006f10       0x1f CMakeFiles/Pico_Game_Controller.dir/usb_descriptors.c.obj
 *fill*         0x0000000010006f2f        0x1 
 .rodata.__compound_literal.0
                0x0000000010006f30        0x2 CMakeFiles/Pico_Game_Controller.dir/usb_descriptors.c.obj
 *fill*         0x0000000010006f32        0x2 
 .rodata.desc_configuration
                0x0000000010006f34       0x22 CMakeFiles/Pico_Game_Controller.dir/usb_descriptors.c.obj
                0x0000000010006f34                desc_configuration
 *fill*         0x0000000010006f56        0x2 
 .rodata.desc_device
                0x0000000010006f58       0x12 CMakeFiles/Pico_Game_Controller.dir/usb_descriptors.c.obj
                0x0000000010006f58                desc_device
 *fill*         0x0000000010006f6a        0x2 
 .rodata.desc_hid_report
                0x0000000010006f6c       0x90 CMakeFiles/Pico_Game_Controller.dir/usb_descriptors.c.obj
                0x0000000010006f6c                desc_hid_report
 .rodata.spin_lock_claim_unused.str1.4
                0x0000000010006ffc       0x1b CMakeFiles/Pico_Game_Controller.dir/home/anonxx/picco/pico-sdk/src/rp2_common/hardware_sync/sync.c.obj
 *fill*         0x0000000010007017        0x1 
 .rodata.repeating_timer_callback.str1.4
                0x0000000010007018       0x4c CMakeFiles/Pico_Game_Controller.dir/home/anonxx/picco/pico-sdk/src/common/pico_time/time.c.obj
 .rodata.alarm_pool_dump_key.str1.4
                0x0000000010007064       0x33 CMakeFiles/Pico_Game_Controller.dir/home/anonxx/picco/pico-sdk/src/common/pico_time/time.c.obj
 *fill*         0x0000000010007097        0x1 
 .rodata.ph_add_child_node.str1.4
                0x0000000010007098       0x96 CMakeFiles/Pico_Game_Controller.dir/home/anonxx/picco/pico-sdk/src/common/pico_time/time.c.obj
 *fill*         0x000000001000712e        0x2 
 .rodata.add_alarm_under_lock.str1.4
                0x0000000010007130       0x28 CMakeFiles/Pico_Game_Controller.dir/home/anonxx/picco/pico-sdk/src/common/pico_time/time.c.obj
                                         0x2b (size before relaxing)
 .rodata.alarm_pool_alarm_callback.str1.4
                0x0000000010007158       0xe6 CMakeFiles/Pico_Game_Controller.dir/home/anonxx/picco/pico-sdk/src/common/pico_time/time.c.obj
 *fill*         0x000000001000723e        0x2 
 .rodata.alarm_pool_get_default.str1.4
                0x0000000010007240       0x21 CMakeFiles/Pico_Game_Controller.dir/home/anonxx/picco/pico-sdk/src/common/pico_time/time.c.obj
 *fill*         0x0000000010007261        0x3 
 .rodata.alarm_pool_cancel_alarm.str1.4
                0x0000000010007264       0x27 CMakeFiles/Pico_Game_Controller.dir/home/anonxx/picco/pico-sdk/src/common/pico_time/time.c.obj
 *fill*         0x000000001000728b        0x1 
 .rodata.__func__.5635
                0x000000001000728c       0x15 CMakeFiles/Pico_Game_Controller.dir/home/anonxx/picco/pico-sdk/src/common/pico_time/time.c.obj
 *fill*         0x00000000100072a1        0x3 
 .rodata.__func__.5932
                0x00000000100072a4        0xc CMakeFiles/Pico_Game_Controller.dir/home/anonxx/picco/pico-sdk/src/common/pico_time/time.c.obj
 .rodata.__func__.5939
                0x00000000100072b0       0x12 CMakeFiles/Pico_Game_Controller.dir/home/anonxx/picco/pico-sdk/src/common/pico_time/time.c.obj
 *fill*         0x00000000100072c2        0x2 
 .rodata.__func__.5955
                0x00000000100072c4        0xf CMakeFiles/Pico_Game_Controller.dir/home/anonxx/picco/pico-sdk/src/common/pico_time/time.c.obj
 *fill*         0x00000000100072d3        0x1 
 .rodata.__func__.5977
                0x00000000100072d4        0xd CMakeFiles/Pico_Game_Controller.dir/home/anonxx/picco/pico-sdk/src/common/pico_time/time.c.obj
 *fill*         0x00000000100072e1        0x3 
 .rodata.__func__.6096
                0x00000000100072e4        0xa CMakeFiles/Pico_Game_Controller.dir/home/anonxx/picco/pico-sdk/src/common/pico_time/time.c.obj
 *fill*         0x00000000100072ee        0x2 
 .rodata.__func__.6101
                0x00000000100072f0       0x12 CMakeFiles/Pico_Game_Controller.dir/home/anonxx/picco/pico-sdk/src/common/pico_time/time.c.obj
 *fill*         0x0000000010007302        0x2 
 .rodata.__func__.6116
                0x0000000010007304       0x17 CMakeFiles/Pico_Game_Controller.dir/home/anonxx/picco/pico-sdk/src/common/pico_time/time.c.obj
 *fill*         0x000000001000731b        0x1 
 .rodata.__func__.6127
                0x000000001000731c       0x15 CMakeFiles/Pico_Game_Controller.dir/home/anonxx/picco/pico-sdk/src/common/pico_time/time.c.obj
 *fill*         0x0000000010007331        0x3 
 .rodata.__func__.6144
                0x0000000010007334       0x1a CMakeFiles/Pico_Game_Controller.dir/home/anonxx/picco/pico-sdk/src/common/pico_time/time.c.obj
 *fill*         0x000000001000734e        0x2 
 .rodata.__func__.6183
                0x0000000010007350       0x18 CMakeFiles/Pico_Game_Controller.dir/home/anonxx/picco/pico-sdk/src/common/pico_time/time.c.obj
 .rodata.hardware_alarm_claim.str1.4
                0x0000000010007368       0x22 CMakeFiles/Pico_Game_Controller.dir/home/anonxx/picco/pico-sdk/src/rp2_common/hardware_timer/timer.c.obj
 *fill*         0x000000001000738a        0x2 
 .rodata.hardware_alarm_set_target.str1.4
                0x000000001000738c       0x66 CMakeFiles/Pico_Game_Controller.dir/home/anonxx/picco/pico-sdk/src/rp2_common/hardware_timer/timer.c.obj
 *fill*         0x00000000100073f2        0x2 
 .rodata.__func__.4535
                0x00000000100073f4       0x1a CMakeFiles/Pico_Game_Controller.dir/home/anonxx/picco/pico-sdk/src/rp2_common/hardware_timer/timer.c.obj
 *fill*         0x000000001000740e        0x2 
 .rodata.str1.4
                0x0000000010007410       0x60 CMakeFiles/Pico_Game_Controller.dir/home/anonxx/picco/pico-sdk/src/common/pico_sync/mutex.c.obj
                                         0xc4 (size before relaxing)
 .rodata.__func__.4193
                0x0000000010007470       0x15 CMakeFiles/Pico_Game_Controller.dir/home/anonxx/picco/pico-sdk/src/common/pico_sync/mutex.c.obj
 *fill*         0x0000000010007485        0x3 
 .rodata.__func__.4590
                0x0000000010007488       0x15 CMakeFiles/Pico_Game_Controller.dir/home/anonxx/picco/pico-sdk/src/common/pico_sync/mutex.c.obj
 *fill*         0x000000001000749d        0x3 
 .rodata.__func__.4609
                0x00000000100074a0       0x18 CMakeFiles/Pico_Game_Controller.dir/home/anonxx/picco/pico-sdk/src/common/pico_sync/mutex.c.obj
 .rodata.__func__.4618
                0x00000000100074b8        0xb CMakeFiles/Pico_Game_Controller.dir/home/anonxx/picco/pico-sdk/src/common/pico_sync/mutex.c.obj
 .rodata.ph_add_child_node.str1.4
                0x00000000100074c3       0x96 CMakeFiles/Pico_Game_Controller.dir/home/anonxx/picco/pico-sdk/src/common/pico_util/pheap.c.obj
 *fill*         0x00000000100074c3        0x1 
 .rodata.ph_remove_any_head.str1.4
                0x00000000100074c4       0x90 CMakeFiles/Pico_Game_Controller.dir/home/anonxx/picco/pico-sdk/src/common/pico_util/pheap.c.obj
 .rodata.ph_remove_and_free_node.str1.4
                0x0000000010007554       0x26 CMakeFiles/Pico_Game_Controller.dir/home/anonxx/picco/pico-sdk/src/common/pico_util/pheap.c.obj
 *fill*         0x000000001000757a        0x2 
 .rodata.__func__.5708
                0x000000001000757c        0xc CMakeFiles/Pico_Game_Controller.dir/home/anonxx/picco/pico-sdk/src/common/pico_util/pheap.c.obj
 .rodata.__func__.5715
                0x0000000010007588       0x12 CMakeFiles/Pico_Game_Controller.dir/home/anonxx/picco/pico-sdk/src/common/pico_util/pheap.c.obj
 *fill*         0x000000001000759a        0x2 
 .rodata.__func__.5801
                0x000000001000759c       0x13 CMakeFiles/Pico_Game_Controller.dir/home/anonxx/picco/pico-sdk/src/common/pico_util/pheap.c.obj
 *fill*         0x00000000100075af        0x1 
 .rodata.__func__.5819
                0x00000000100075b0       0x18 CMakeFiles/Pico_Game_Controller.dir/home/anonxx/picco/pico-sdk/src/common/pico_util/pheap.c.obj
 .rodata.__assert_func.str1.4
                0x00000000100075c8       0x3f CMakeFiles/Pico_Game_Controller.dir/home/anonxx/picco/pico-sdk/src/rp2_common/pico_runtime/runtime.c.obj
                                         0x43 (size before relaxing)
 *fill*         0x0000000010007607        0x1 
 .rodata.panic.str1.4
                0x0000000010007608       0x12 CMakeFiles/Pico_Game_Controller.dir/home/anonxx/picco/pico-sdk/src/rp2_common/pico_runtime/runtime.c.obj
 *fill*         0x000000001000761a        0x2 
 .rodata.clock_configure.str1.4
                0x000000001000761c       0x58 CMakeFiles/Pico_Game_Controller.dir/home/anonxx/picco/pico-sdk/src/rp2_common/hardware_clocks/clocks.c.obj
 .rodata.__func__.4655
                0x0000000010007674       0x10 CMakeFiles/Pico_Game_Controller.dir/home/anonxx/picco/pico-sdk/src/rp2_common/hardware_clocks/clocks.c.obj
 .rodata.pll_init.str1.4
                0x0000000010007684       0xdb CMakeFiles/Pico_Game_Controller.dir/home/anonxx/picco/pico-sdk/src/rp2_common/hardware_pll/pll.c.obj
 *fill*         0x000000001000775f        0x1 
 .rodata.__func__.4385
                0x0000000010007760        0x9 CMakeFiles/Pico_Game_Controller.dir/home/anonxx/picco/pico-sdk/src/rp2_common/hardware_pll/pll.c.obj
 *fill*         0x0000000010007769        0x3 
 .rodata.make_branch.str1.4
                0x000000001000776c       0x4e CMakeFiles/Pico_Game_Controller.dir/home/anonxx/picco/pico-sdk/src/rp2_common/hardware_irq/irq.c.obj
 *fill*         0x00000000100077ba        0x2 
 .rodata.irq_set_exclusive_handler.str1.4
                0x00000000100077bc       0x36 CMakeFiles/Pico_Game_Controller.dir/home/anonxx/picco/pico-sdk/src/rp2_common/hardware_irq/irq.c.obj
 *fill*         0x00000000100077f2        0x2 
 .rodata.irq_add_shared_handler.str1.4
                0x00000000100077f4       0xd9 CMakeFiles/Pico_Game_Controller.dir/home/anonxx/picco/pico-sdk/src/rp2_common/hardware_irq/irq.c.obj
 *fill*         0x00000000100078cd        0x3 
 .rodata.irq_remove_handler.str1.4
                0x00000000100078d0       0x2a CMakeFiles/Pico_Game_Controller.dir/home/anonxx/picco/pico-sdk/src/rp2_common/hardware_irq/irq.c.obj
 *fill*         0x00000000100078fa        0x2 
 .rodata.irq_add_tail_to_free_list.str1.4
                0x00000000100078fc       0x32 CMakeFiles/Pico_Game_Controller.dir/home/anonxx/picco/pico-sdk/src/rp2_common/hardware_irq/irq.c.obj
                                         0x3a (size before relaxing)
 *fill*         0x000000001000792e        0x2 
 .rodata.__func__.4494
                0x0000000010007930       0x1a CMakeFiles/Pico_Game_Controller.dir/home/anonxx/picco/pico-sdk/src/rp2_common/hardware_irq/irq.c.obj
 *fill*         0x000000001000794a        0x2 
 .rodata.__func__.4508
                0x000000001000794c        0xc CMakeFiles/Pico_Game_Controller.dir/home/anonxx/picco/pico-sdk/src/rp2_common/hardware_irq/irq.c.obj
 .rodata.__func__.4516
                0x0000000010007958       0x17 CMakeFiles/Pico_Game_Controller.dir/home/anonxx/picco/pico-sdk/src/rp2_common/hardware_irq/irq.c.obj
 *fill*         0x000000001000796f        0x1 
 .rodata.__func__.4520
                0x0000000010007970        0xf CMakeFiles/Pico_Game_Controller.dir/home/anonxx/picco/pico-sdk/src/rp2_common/hardware_irq/irq.c.obj
 *fill*         0x000000001000797f        0x1 
 .rodata.__func__.4559
                0x0000000010007980       0x13 CMakeFiles/Pico_Game_Controller.dir/home/anonxx/picco/pico-sdk/src/rp2_common/hardware_irq/irq.c.obj
 *fill*         0x0000000010007993        0x1 
 .rodata.__func__.4578
                0x0000000010007994       0x1a CMakeFiles/Pico_Game_Controller.dir/home/anonxx/picco/pico-sdk/src/rp2_common/hardware_irq/irq.c.obj
 *fill*         0x00000000100079ae        0x2 
 .rodata._ftoa.str1.4
                0x00000000100079b0       0x15 CMakeFiles/Pico_Game_Controller.dir/home/anonxx/picco/pico-sdk/src/rp2_common/pico_printf/printf.c.obj
 *fill*         0x00000000100079c5        0x3 
 .rodata._vsnprintf
                0x00000000100079c8      0x1e0 CMakeFiles/Pico_Game_Controller.dir/home/anonxx/picco/pico-sdk/src/rp2_common/pico_printf/printf.c.obj
 .rodata.pow10.5422
                0x0000000010007ba8       0x50 CMakeFiles/Pico_Game_Controller.dir/home/anonxx/picco/pico-sdk/src/rp2_common/pico_printf/printf.c.obj
 .rodata.__aeabi_double_init.str1.4
                0x0000000010007bf8       0xa9 CMakeFiles/Pico_Game_Controller.dir/home/anonxx/picco/pico-sdk/src/rp2_common/pico_double/double_init_rom.c.obj
 *fill*         0x0000000010007ca1        0x3 
 .rodata.__func__.4668
                0x0000000010007ca4       0x14 CMakeFiles/Pico_Game_Controller.dir/home/anonxx/picco/pico-sdk/src/rp2_common/pico_double/double_init_rom.c.obj
 .rodata.__aeabi_float_init.str1.4
                0x0000000010007cb8       0x7b CMakeFiles/Pico_Game_Controller.dir/home/anonxx/picco/pico-sdk/src/rp2_common/pico_float/float_init_rom.c.obj
                                         0x7f (size before relaxing)
 *fill*         0x0000000010007d33        0x1 
 .rodata.__func__.4670
                0x0000000010007d34       0x13 CMakeFiles/Pico_Game_Controller.dir/home/anonxx/picco/pico-sdk/src/rp2_common/pico_float/float_init_rom.c.obj
 *fill*         0x0000000010007d47        0x1 
 .rodata.str1.4
                0x0000000010007d48       0x4c CMakeFiles/Pico_Game_Controller.dir/home/anonxx/picco/pico-sdk/src/rp2_common/pico_standard_link/binary_info.c.obj
 .rodata.__bi_44
                0x0000000010007d94        0xc CMakeFiles/Pico_Game_Controller.dir/home/anonxx/picco/pico-sdk/src/rp2_common/pico_standard_link/binary_info.c.obj
 .rodata.__bi_75
                0x0000000010007da0        0xc CMakeFiles/Pico_Game_Controller.dir/home/anonxx/picco/pico-sdk/src/rp2_common/pico_standard_link/binary_info.c.obj
 .rodata.__bi_81
                0x0000000010007dac        0xc CMakeFiles/Pico_Game_Controller.dir/home/anonxx/picco/pico-sdk/src/rp2_common/pico_standard_link/binary_info.c.obj
 .rodata.crlf_str.5993
                0x0000000010007db8        0x2 CMakeFiles/Pico_Game_Controller.dir/home/anonxx/picco/pico-sdk/src/rp2_common/pico_stdio/stdio.c.obj
 *fill*         0x0000000010007dba        0x2 
 .rodata.str1.4
                0x0000000010007dbc       0x2c CMakeFiles/Pico_Game_Controller.dir/home/anonxx/picco/pico-sdk/src/rp2_common/pico_stdio_uart/stdio_uart.c.obj
 .rodata.__bi_28.4706
                0x0000000010007de8        0xc CMakeFiles/Pico_Game_Controller.dir/home/anonxx/picco/pico-sdk/src/rp2_common/pico_stdio_uart/stdio_uart.c.obj
 .rodata.__bi_29.4710
                0x0000000010007df4        0x8 CMakeFiles/Pico_Game_Controller.dir/home/anonxx/picco/pico-sdk/src/rp2_common/pico_stdio_uart/stdio_uart.c.obj
 .rodata._hw_endpoint_alloc.str1.4
                0x0000000010007dfc       0xb9 CMakeFiles/Pico_Game_Controller.dir/home/anonxx/picco/pico-sdk/lib/tinyusb/src/portable/raspberrypi/rp2040/dcd_rp2040.c.obj
 *fill*         0x0000000010007eb5        0x3 
 .rodata._hw_endpoint_init.str1.4
                0x0000000010007eb8       0x28 CMakeFiles/Pico_Game_Controller.dir/home/anonxx/picco/pico-sdk/lib/tinyusb/src/portable/raspberrypi/rp2040/dcd_rp2040.c.obj
 .rodata.hw_handle_buff_status.str1.4
                0x0000000010007ee0        0xb CMakeFiles/Pico_Game_Controller.dir/home/anonxx/picco/pico-sdk/lib/tinyusb/src/portable/raspberrypi/rp2040/dcd_rp2040.c.obj
 *fill*         0x0000000010007eeb        0x1 
 .rodata.dcd_rp2040_irq.str1.4
                0x0000000010007eec       0x14 CMakeFiles/Pico_Game_Controller.dir/home/anonxx/picco/pico-sdk/lib/tinyusb/src/portable/raspberrypi/rp2040/dcd_rp2040.c.obj
 .rodata._hw_endpoint_stall.str1.4
                0x0000000010007f00        0xd CMakeFiles/Pico_Game_Controller.dir/home/anonxx/picco/pico-sdk/lib/tinyusb/src/portable/raspberrypi/rp2040/dcd_rp2040.c.obj
 *fill*         0x0000000010007f0d        0x3 
 .rodata.dcd_int_enable.str1.4
                0x0000000010007f10        0xc CMakeFiles/Pico_Game_Controller.dir/home/anonxx/picco/pico-sdk/lib/tinyusb/src/portable/raspberrypi/rp2040/dcd_rp2040.c.obj
 .rodata.__func__.6769
                0x0000000010007f1c       0x13 CMakeFiles/Pico_Game_Controller.dir/home/anonxx/picco/pico-sdk/lib/tinyusb/src/portable/raspberrypi/rp2040/dcd_rp2040.c.obj
 *fill*         0x0000000010007f2f        0x1 
 .rodata.__func__.6800
                0x0000000010007f30       0x16 CMakeFiles/Pico_Game_Controller.dir/home/anonxx/picco/pico-sdk/lib/tinyusb/src/portable/raspberrypi/rp2040/dcd_rp2040.c.obj
 *fill*         0x0000000010007f46        0x2 
 .rodata.__func__.6821
                0x0000000010007f48       0x13 CMakeFiles/Pico_Game_Controller.dir/home/anonxx/picco/pico-sdk/lib/tinyusb/src/portable/raspberrypi/rp2040/dcd_rp2040.c.obj
 *fill*         0x0000000010007f5b        0x1 
 .rodata.__func__.6842
                0x0000000010007f5c        0x9 CMakeFiles/Pico_Game_Controller.dir/home/anonxx/picco/pico-sdk/lib/tinyusb/src/portable/raspberrypi/rp2040/dcd_rp2040.c.obj
 *fill*         0x0000000010007f65        0x3 
 .rodata.__func__.6846
                0x0000000010007f68        0xf CMakeFiles/Pico_Game_Controller.dir/home/anonxx/picco/pico-sdk/lib/tinyusb/src/portable/raspberrypi/rp2040/dcd_rp2040.c.obj
 *fill*         0x0000000010007f77        0x1 
 .rodata.__func__.6855
                0x0000000010007f78       0x10 CMakeFiles/Pico_Game_Controller.dir/home/anonxx/picco/pico-sdk/lib/tinyusb/src/portable/raspberrypi/rp2040/dcd_rp2040.c.obj
 .rodata.__func__.6867
                0x0000000010007f88        0xc CMakeFiles/Pico_Game_Controller.dir/home/anonxx/picco/pico-sdk/lib/tinyusb/src/portable/raspberrypi/rp2040/dcd_rp2040.c.obj
 .rodata.__func__.6872
                0x0000000010007f94       0x1a CMakeFiles/Pico_Game_Controller.dir/home/anonxx/picco/pico-sdk/lib/tinyusb/src/portable/raspberrypi/rp2040/dcd_rp2040.c.obj
 *fill*         0x0000000010007fae        0x2 
 .rodata.__func__.6877
                0x0000000010007fb0        0xe CMakeFiles/Pico_Game_Controller.dir/home/anonxx/picco/pico-sdk/lib/tinyusb/src/portable/raspberrypi/rp2040/dcd_rp2040.c.obj
 *fill*         0x0000000010007fbe        0x2 
 .rodata.__func__.6884
                0x0000000010007fc0        0xe CMakeFiles/Pico_Game_Controller.dir/home/anonxx/picco/pico-sdk/lib/tinyusb/src/portable/raspberrypi/rp2040/dcd_rp2040.c.obj
 *fill*         0x0000000010007fce        0x2 
 .rodata.__func__.6889
                0x0000000010007fd0        0xf CMakeFiles/Pico_Game_Controller.dir/home/anonxx/picco/pico-sdk/lib/tinyusb/src/portable/raspberrypi/rp2040/dcd_rp2040.c.obj
 *fill*         0x0000000010007fdf        0x1 
 .rodata.__func__.6894
                0x0000000010007fe0       0x15 CMakeFiles/Pico_Game_Controller.dir/home/anonxx/picco/pico-sdk/lib/tinyusb/src/portable/raspberrypi/rp2040/dcd_rp2040.c.obj
 *fill*         0x0000000010007ff5        0x3 
 .rodata._hw_endpoint_buffer_control_update32.str1.4
                0x0000000010007ff8       0x1f CMakeFiles/Pico_Game_Controller.dir/home/anonxx/picco/pico-sdk/lib/tinyusb/src/portable/raspberrypi/rp2040/rp2040_usb.c.obj
 *fill*         0x0000000010008017        0x1 
 .rodata._hw_endpoint_xfer_sync.str1.4
                0x0000000010008018       0x95 CMakeFiles/Pico_Game_Controller.dir/home/anonxx/picco/pico-sdk/lib/tinyusb/src/portable/raspberrypi/rp2040/rp2040_usb.c.obj
 *fill*         0x00000000100080ad        0x3 
 .rodata._hw_endpoint_xfer_continue.str1.4
                0x00000000100080b0       0x50 CMakeFiles/Pico_Game_Controller.dir/home/anonxx/picco/pico-sdk/lib/tinyusb/src/portable/raspberrypi/rp2040/rp2040_usb.c.obj
 .rodata._hw_endpoint_xfer.str1.4
                0x0000000010008100        0xf CMakeFiles/Pico_Game_Controller.dir/home/anonxx/picco/pico-sdk/lib/tinyusb/src/portable/raspberrypi/rp2040/rp2040_usb.c.obj
 .rodata.str1.4
                0x000000001000810f        0xf CMakeFiles/Pico_Game_Controller.dir/home/anonxx/picco/pico-sdk/lib/tinyusb/src/portable/raspberrypi/rp2040/rp2040_usb.c.obj
                                          0x7 (size before relaxing)
 *fill*         0x000000001000810f        0x1 
 .rodata.__func__.6627
                0x0000000010008110       0x17 CMakeFiles/Pico_Game_Controller.dir/home/anonxx/picco/pico-sdk/lib/tinyusb/src/portable/raspberrypi/rp2040/rp2040_usb.c.obj
 *fill*         0x0000000010008127        0x1 
 .rodata.__func__.6638
                0x0000000010008128       0x12 CMakeFiles/Pico_Game_Controller.dir/home/anonxx/picco/pico-sdk/lib/tinyusb/src/portable/raspberrypi/rp2040/rp2040_usb.c.obj
 *fill*         0x000000001000813a        0x2 
 .rodata.process_set_config.str1.4
                0x000000001000813c       0x17 CMakeFiles/Pico_Game_Controller.dir/home/anonxx/picco/pico-sdk/lib/tinyusb/src/device/usbd.c.obj
 *fill*         0x0000000010008153        0x1 
 .rodata.process_get_descriptor
                0x0000000010008154       0x40 CMakeFiles/Pico_Game_Controller.dir/home/anonxx/picco/pico-sdk/lib/tinyusb/src/device/usbd.c.obj
 .rodata.dcd_event_handler.str1.4
                0x0000000010008194       0x4d CMakeFiles/Pico_Game_Controller.dir/home/anonxx/picco/pico-sdk/lib/tinyusb/src/device/usbd.c.obj
 *fill*         0x00000000100081e1        0x3 
 .rodata.process_control_request
                0x00000000100081e4       0x28 CMakeFiles/Pico_Game_Controller.dir/home/anonxx/picco/pico-sdk/lib/tinyusb/src/device/usbd.c.obj
 .rodata.tud_task
                0x000000001000820c       0x24 CMakeFiles/Pico_Game_Controller.dir/home/anonxx/picco/pico-sdk/lib/tinyusb/src/device/usbd.c.obj
 .rodata.__func__.6387
                0x0000000010008230       0x13 CMakeFiles/Pico_Game_Controller.dir/home/anonxx/picco/pico-sdk/lib/tinyusb/src/device/usbd.c.obj
 *fill*         0x0000000010008243        0x1 
 .rodata.__func__.6394
                0x0000000010008244       0x10 CMakeFiles/Pico_Game_Controller.dir/home/anonxx/picco/pico-sdk/lib/tinyusb/src/device/usbd.c.obj
 .rodata.__func__.7131
                0x0000000010008254        0x9 CMakeFiles/Pico_Game_Controller.dir/home/anonxx/picco/pico-sdk/lib/tinyusb/src/device/usbd.c.obj
 *fill*         0x000000001000825d        0x3 
 .rodata.__func__.7152
                0x0000000010008260       0x18 CMakeFiles/Pico_Game_Controller.dir/home/anonxx/picco/pico-sdk/lib/tinyusb/src/device/usbd.c.obj
 .rodata.__func__.7191
                0x0000000010008278       0x13 CMakeFiles/Pico_Game_Controller.dir/home/anonxx/picco/pico-sdk/lib/tinyusb/src/device/usbd.c.obj
 *fill*         0x000000001000828b        0x1 
 .rodata.__func__.7234
                0x000000001000828c       0x17 CMakeFiles/Pico_Game_Controller.dir/home/anonxx/picco/pico-sdk/lib/tinyusb/src/device/usbd.c.obj
 *fill*         0x00000000100082a3        0x1 
 .rodata.__func__.7288
                0x00000000100082a4       0x14 CMakeFiles/Pico_Game_Controller.dir/home/anonxx/picco/pico-sdk/lib/tinyusb/src/device/usbd.c.obj
 .rodata.__func__.7324
                0x00000000100082b8        0xf CMakeFiles/Pico_Game_Controller.dir/home/anonxx/picco/pico-sdk/lib/tinyusb/src/device/usbd.c.obj
 *fill*         0x00000000100082c7        0x1 
 .rodata._usbd_driver
                0x00000000100082c8       0x1c CMakeFiles/Pico_Game_Controller.dir/home/anonxx/picco/pico-sdk/lib/tinyusb/src/device/usbd.c.obj
 .rodata.tud_control_xfer.str1.4
                0x00000000100082e4       0x17 CMakeFiles/Pico_Game_Controller.dir/home/anonxx/picco/pico-sdk/lib/tinyusb/src/device/usbd_control.c.obj
 .rodata.__func__.7051
                0x00000000100082e4       0x11 CMakeFiles/Pico_Game_Controller.dir/home/anonxx/picco/pico-sdk/lib/tinyusb/src/device/usbd_control.c.obj
 *fill*         0x00000000100082f5        0x3 
 .rodata.__func__.7069
                0x00000000100082f8       0x15 CMakeFiles/Pico_Game_Controller.dir/home/anonxx/picco/pico-sdk/lib/tinyusb/src/device/usbd_control.c.obj
 *fill*         0x000000001000830d        0x3 
 .rodata.hidd_open.str1.4
                0x0000000010008310       0x11 CMakeFiles/Pico_Game_Controller.dir/home/anonxx/picco/pico-sdk/lib/tinyusb/src/class/hid/hid_device.c.obj
                                         0x29 (size before relaxing)
 *fill*         0x0000000010008321        0x3 
 .rodata.hidd_control_request
                0x0000000010008324       0x30 CMakeFiles/Pico_Game_Controller.dir/home/anonxx/picco/pico-sdk/lib/tinyusb/src/class/hid/hid_device.c.obj
 .rodata.__PRETTY_FUNCTION__.6993
                0x0000000010008354        0xa CMakeFiles/Pico_Game_Controller.dir/home/anonxx/picco/pico-sdk/lib/tinyusb/src/class/hid/hid_device.c.obj
 *fill*         0x000000001000835e        0x2 
 .rodata.__func__.6986
                0x0000000010008360        0xa CMakeFiles/Pico_Game_Controller.dir/home/anonxx/picco/pico-sdk/lib/tinyusb/src/class/hid/hid_device.c.obj
 *fill*         0x000000001000836a        0x2 
 .rodata.__func__.7007
                0x000000001000836c       0x15 CMakeFiles/Pico_Game_Controller.dir/home/anonxx/picco/pico-sdk/lib/tinyusb/src/class/hid/hid_device.c.obj
 *fill*         0x0000000010008381        0x3 
 .rodata.__func__.7034
                0x0000000010008384        0xd CMakeFiles/Pico_Game_Controller.dir/home/anonxx/picco/pico-sdk/lib/tinyusb/src/class/hid/hid_device.c.obj
 .rodata.tusb_init.str1.4
                0x0000000010008391       0x17 CMakeFiles/Pico_Game_Controller.dir/home/anonxx/picco/pico-sdk/lib/tinyusb/src/tusb.c.obj
 *fill*         0x0000000010008391        0x3 
 .rodata.__func__.6930
                0x0000000010008394        0xa CMakeFiles/Pico_Game_Controller.dir/home/anonxx/picco/pico-sdk/lib/tinyusb/src/tusb.c.obj
 *fill*         0x000000001000839e        0x2 
 .rodata._pio_find_offset_for_program.str1.4
                0x00000000100083a0       0x66 CMakeFiles/Pico_Game_Controller.dir/home/anonxx/picco/pico-sdk/src/rp2_common/hardware_pio/pio.c.obj
 *fill*         0x0000000010008406        0x2 
 .rodata._pio_add_program_at_offset.str1.4
                0x0000000010008408       0x11 CMakeFiles/Pico_Game_Controller.dir/home/anonxx/picco/pico-sdk/src/rp2_common/hardware_pio/pio.c.obj
 *fill*         0x0000000010008419        0x3 
 .rodata.__func__.5094
                0x000000001000841c       0x1d CMakeFiles/Pico_Game_Controller.dir/home/anonxx/picco/pico-sdk/src/rp2_common/hardware_pio/pio.c.obj
                0x000000001000843c                . = ALIGN (0x4)
 *fill*         0x0000000010008439        0x3 
 *(SORT_BY_ALIGNMENT(SORT_BY_NAME(.flashdata*)))
                0x000000001000843c                . = ALIGN (0x4)

.rel.dyn        0x000000001000843c        0x0
 .rel.iplt      0x000000001000843c        0x0 /usr/lib/gcc/arm-none-eabi/9.2.1/thumb/v6-m/nofp/crtbegin.o

.ARM.extab
 *(.ARM.extab* .gnu.linkonce.armextab.*)
                0x000000001000843c                __exidx_start = .

.ARM.exidx
 *(.ARM.exidx* .gnu.linkonce.armexidx.*)
                0x000000001000843c                __exidx_end = .
                0x000000001000843c                . = ALIGN (0x4)
                0x000000001000843c                __binary_info_start = .

.binary_info    0x000000001000843c       0x24
 *(.binary_info.keep.*)
 .binary_info.keep.__bi_ptr22
                0x000000001000843c        0x4 CMakeFiles/Pico_Game_Controller.dir/home/anonxx/picco/pico-sdk/src/rp2_common/pico_standard_link/binary_info.c.obj
 .binary_info.keep.__bi_ptr30
                0x0000000010008440        0x4 CMakeFiles/Pico_Game_Controller.dir/home/anonxx/picco/pico-sdk/src/rp2_common/pico_standard_link/binary_info.c.obj
 .binary_info.keep.__bi_ptr38
                0x0000000010008444        0x4 CMakeFiles/Pico_Game_Controller.dir/home/anonxx/picco/pico-sdk/src/rp2_common/pico_standard_link/binary_info.c.obj
 .binary_info.keep.__bi_ptr44
                0x0000000010008448        0x4 CMakeFiles/Pico_Game_Controller.dir/home/anonxx/picco/pico-sdk/src/rp2_common/pico_standard_link/binary_info.c.obj
 .binary_info.keep.__bi_ptr50
                0x000000001000844c        0x4 CMakeFiles/Pico_Game_Controller.dir/home/anonxx/picco/pico-sdk/src/rp2_common/pico_standard_link/binary_info.c.obj
 .binary_info.keep.__bi_ptr75
                0x0000000010008450        0x4 CMakeFiles/Pico_Game_Controller.dir/home/anonxx/picco/pico-sdk/src/rp2_common/pico_standard_link/binary_info.c.obj
 .binary_info.keep.__bi_ptr81
                0x0000000010008454        0x4 CMakeFiles/Pico_Game_Controller.dir/home/anonxx/picco/pico-sdk/src/rp2_common/pico_standard_link/binary_info.c.obj
 *(.binary_info.*)
 .binary_info.__bi_ptr28
                0x0000000010008458        0x4 CMakeFiles/Pico_Game_Controller.dir/home/anonxx/picco/pico-sdk/src/rp2_common/pico_stdio_uart/stdio_uart.c.obj
 .binary_info.__bi_ptr29
                0x000000001000845c        0x4 CMakeFiles/Pico_Game_Controller.dir/home/anonxx/picco/pico-sdk/src/rp2_common/pico_stdio_uart/stdio_uart.c.obj
                0x0000000010008460                __binary_info_end = .
                0x0000000010008460                . = ALIGN (0x4)
                0x0000000010008460                __etext = .

.ram_vector_table
                0x0000000020000000       0xc0
 *(.ram_vector_table)
 .ram_vector_table
                0x0000000020000000       0xc0 CMakeFiles/Pico_Game_Controller.dir/home/anonxx/picco/pico-sdk/src/rp2_common/pico_runtime/runtime.c.obj
                0x0000000020000000                ram_vector_table

.data           0x00000000200000c0      0x378 load address 0x0000000010008460
                0x00000000200000c0                __data_start__ = .
 *(vtable)
 *(.time_critical*)
 .time_critical.mutex_enter_blocking
                0x00000000200000c0       0x64 CMakeFiles/Pico_Game_Controller.dir/home/anonxx/picco/pico-sdk/src/common/pico_sync/mutex.c.obj
                0x00000000200000c0                mutex_enter_blocking
 .time_critical.mutex_try_enter
                0x0000000020000124       0x48 CMakeFiles/Pico_Game_Controller.dir/home/anonxx/picco/pico-sdk/src/common/pico_sync/mutex.c.obj
                0x0000000020000124                mutex_try_enter
 .time_critical.mutex_enter_block_until
                0x000000002000016c       0x7c CMakeFiles/Pico_Game_Controller.dir/home/anonxx/picco/pico-sdk/src/common/pico_sync/mutex.c.obj
                0x000000002000016c                mutex_enter_block_until
 .time_critical.mutex_enter_timeout_ms
                0x00000000200001e8       0x78 CMakeFiles/Pico_Game_Controller.dir/home/anonxx/picco/pico-sdk/src/common/pico_sync/mutex.c.obj
                0x00000000200001e8                mutex_enter_timeout_ms
 .time_critical.mutex_exit
                0x0000000020000260       0x4c CMakeFiles/Pico_Game_Controller.dir/home/anonxx/picco/pico-sdk/src/common/pico_sync/mutex.c.obj
                0x0000000020000260                mutex_exit
 .time_critical.spi_write_read_blocking
                0x00000000200002ac       0x40 CMakeFiles/Pico_Game_Controller.dir/home/anonxx/picco/pico-sdk/src/rp2_common/hardware_spi/spi.c.obj
                0x00000000200002ac                spi_write_read_blocking
 *(.text*)
 .text          0x00000000200002ec        0x4 /usr/lib/gcc/arm-none-eabi/9.2.1/thumb/v6-m/nofp/libgcc.a(_dvmd_tls.o)
                0x00000000200002ec                __aeabi_ldiv0
                0x00000000200002ec                __aeabi_idiv0
 .text.__stub   0x00000000200002f0       0x40 linker stubs
                0x0000000020000330                . = ALIGN (0x4)
 *(.rodata*)
                0x0000000020000330                . = ALIGN (0x4)
 *(.data*)
 .data.string_desc_arr
                0x0000000020000330       0x10 CMakeFiles/Pico_Game_Controller.dir/usb_descriptors.c.obj
                0x0000000020000330                string_desc_arr
 .data.striped_spin_lock_num
                0x0000000020000340        0x1 CMakeFiles/Pico_Game_Controller.dir/home/anonxx/picco/pico-sdk/src/rp2_common/hardware_sync/sync.c.obj
 *fill*         0x0000000020000341        0x3 
 .data.default_alarm_pool
                0x0000000020000344       0x18 CMakeFiles/Pico_Game_Controller.dir/home/anonxx/picco/pico-sdk/src/common/pico_time/time.c.obj
 .data.default_alarm_pool_heap
                0x000000002000035c       0x10 CMakeFiles/Pico_Game_Controller.dir/home/anonxx/picco/pico-sdk/src/common/pico_time/time.c.obj
 .data          0x000000002000036c       0x48 CMakeFiles/Pico_Game_Controller.dir/home/anonxx/picco/pico-sdk/src/rp2_common/hardware_irq/irq_handler_chain.S.obj
                0x000000002000036c                irq_handler_chain_slots
                0x000000002000039c                irq_handler_chain_first_slot